2026-08-15 22:32:43.269 INFO   Freerouting v2.3.0 (build-date: 2026-08-07)
2026-08-15 22:32:43.274 DEBUG  [startup] user-data path : C:\Users\jfran\Documents\GitHub\H.265-SVRT\design\electrical\pcb-hmd-carrier-board\output\production-audit\freerouting-run-microsd-stage2-v3  (source: CLI argument --user_data_path)
2026-08-15 22:32:43.274 DEBUG  [startup] log file       : C:\Users\jfran\Documents\GitHub\H.265-SVRT\design\electrical\pcb-hmd-carrier-board\output\production-audit\freerouting-run-microsd-stage2-v3\freerouting.log
2026-08-15 22:32:43.275 DEBUG  No freerouting.json found at 'C:\Users\jfran\Documents\GitHub\H.265-SVRT\design\electrical\pcb-hmd-carrier-board\output\production-audit\freerouting-run-microsd-stage2-v3\freerouting.json' — will create one with default settings.
2026-08-15 22:32:43.327 DEBUG  Default settings saved to 'C:\Users\jfran\Documents\GitHub\H.265-SVRT\design\electrical\pcb-hmd-carrier-board\output\production-audit\freerouting-run-microsd-stage2-v3\freerouting.json'.
2026-08-15 22:32:43.327 DEBUG  Version: 2.3.0,2026-08-07
2026-08-15 22:32:43.328 DEBUG  Command line arguments: '-de C:\Users\jfran\Documents\GitHub\H.265-SVRT\design\electrical\pcb-hmd-carrier-board\output\production-audit\pcb-hmd-carrier-board2-microsd-stage2-v3.dsn -do C:\Users\jfran\Documents\GitHub\H.265-SVRT\design\electrical\pcb-hmd-carrier-board\output\production-audit\pcb-hmd-carrier-board2-microsd-stage2-v3.ses -mp 3 -mt 0 --router.fanout.enabled=true --router.optimizer.enabled=true --router.layers.routable=true,false,true,true,false,true --router.layers.preferred_direction_horizontal=true,false,false,true,false,true --api_server.enabled=false --gui.enabled=false --logging.console.level=INFO --user_data_path=C:\Users\jfran\Documents\GitHub\H.265-SVRT\design\electrical\pcb-hmd-carrier-board\output\production-audit\freerouting-run-microsd-stage2-v3 -l en'
2026-08-15 22:32:43.328 DEBUG  Architecture: Windows 11,amd64,10.0
2026-08-15 22:32:43.328 DEBUG  Java: 25.0.4,Eclipse Adoptium
2026-08-15 22:32:43.328 DEBUG  System Language: fr,fr_FR
2026-08-15 22:32:43.328 DEBUG  Hardware: 12 CPU cores,4044 MB RAM
2026-08-15 22:32:43.329 DEBUG  UTC Time: 2026-08-15T20:32:43.327819300Z
2026-08-15 22:32:43.330 DEBUG  GUI Language: en
2026-08-15 22:32:43.330 DEBUG  Host: N/A
2026-08-15 22:32:44.385 DEBUG  Loaded router settings from: C:\Users\jfran\Documents\GitHub\H.265-SVRT\design\electrical\pcb-hmd-carrier-board\output\production-audit\freerouting-run-microsd-stage2-v3\freerouting.json
2026-08-15 22:32:44.386 DEBUG  Applied CLI router setting: router.max_passes = 3
2026-08-15 22:32:44.386 DEBUG  Applied CLI router setting: router.max_threads = 0
2026-08-15 22:32:44.386 DEBUG  Applied CLI router setting: router.fanout.enabled = true
2026-08-15 22:32:44.386 DEBUG  Applied CLI router setting: router.optimizer.enabled = true
2026-08-15 22:32:44.386 DEBUG  Applied CLI router setting: router.layers.routable = true,false,true,true,false,true
2026-08-15 22:32:44.386 DEBUG  Applied CLI router setting: router.layers.preferred_direction_horizontal = true,false,false,true,false,true
2026-08-15 22:32:44.386 DEBUG  Applied CLI router setting: router.enabled = true (implicit from -de/-do batch mode)
2026-08-15 22:32:44.387 DEBUG  No router settings found in environment variables
2026-08-15 22:32:44.461 DEBUG  Set DEFAULT clearance (all layers): 1500 (0.0375 mm) from DSN value 150.0
2026-08-15 22:32:44.468 DEBUG  Set clearance (all layers): smd_smd = 375 (0.009375 mm), classes [2,2]
2026-08-15 22:32:44.469 DEBUG  Set default trace width (all layers): DSN=150.0 → board=1500 (0.0375 mm)
2026-08-15 22:32:44.568 DEBUG  Loaded router settings from DSN file: pcb-hmd-carrier-board2-microsd-stage2-v3.dsn (6 layers)
2026-08-15 22:32:44.580 DEBUG  Set DEFAULT clearance (all layers): 1500 (0.0375 mm) from DSN value 150.0
2026-08-15 22:32:44.580 DEBUG  Set clearance (all layers): smd_smd = 375 (0.009375 mm), classes [2,2]
2026-08-15 22:32:44.580 DEBUG  Set default trace width (all layers): DSN=150.0 → board=1500 (0.0375 mm)
2026-08-15 22:32:44.619 DEBUG  Loaded router settings from DSN file: pcb-hmd-carrier-board2-microsd-stage2-v3.dsn (6 layers)
2026-08-15 22:32:44.621 DEBUG  Merging settings from 5 sources:
2026-08-15 22:32:44.621 DEBUG    - Default Settings (priority 0): base settings
2026-08-15 22:32:44.623 DEBUG    - freerouting.json (priority 10): 0 fields changed
2026-08-15 22:32:44.623 DEBUG    - DSN file: pcb-hmd-carrier-board2-microsd-stage2-v3.dsn (priority 20): 8 fields changed
2026-08-15 22:32:44.624 DEBUG    - Environment Variables (priority 55): 0 fields changed
2026-08-15 22:32:44.624 DEBUG    - CLI Arguments (priority 60): 8 fields changed
2026-08-15 22:32:44.624 DEBUG  Settings merged successfully from 5 source(s)
2026-08-15 22:32:44.720 DEBUG  No new version available. Current version is up to date: v2.3.0
2026-08-15 22:32:44.825 INFO   [CA5C18\DB14F9] Loading board file 'pcb-hmd-carrier-board2-microsd-stage2-v3.dsn'...
2026-08-15 22:32:44.833 DEBUG  Set DEFAULT clearance (all layers): 1500 (0.0375 mm) from DSN value 150.0
2026-08-15 22:32:44.833 DEBUG  Set clearance (all layers): smd_smd = 375 (0.009375 mm), classes [2,2]
2026-08-15 22:32:44.833 DEBUG  Set default trace width (all layers): DSN=150.0 → board=1500 (0.0375 mm)
2026-08-15 22:32:44.989 DEBUG  Wiring: degenerate wire trace skipped (all 1 corners are identical — zero-length trace) on layer 'B.Cu'. This is likely a DSN export issue in your EDA tool.
2026-08-15 22:32:44.991 DEBUG  Wiring: degenerate wire trace skipped (all 1 corners are identical — zero-length trace) on layer 'PWR_SIG2'. This is likely a DSN export issue in your EDA tool.
2026-08-15 22:32:44.998 DEBUG  Wiring: degenerate wire trace skipped (all 1 corners are identical — zero-length trace) on layer 'PWR_SIG2'. This is likely a DSN export issue in your EDA tool.
2026-08-15 22:32:45.082 WARN   DSN file 'pcb-hmd-carrier-board2-microsd-stage2-v3.dsn' was loaded with 3 warning(s).
2026-08-15 22:32:45.083 DEBUG  applyBoardSpecificOptimizations changed parameters:
  Layer 0: bendCost: null -> 0.0; preferredDirectionTraceCost: 1.0 -> 2.2; undesiredDirectionTraceCost: 1.0 -> 5.1000000000000005;
  Layer 1: bendCost: null -> 0.0; undesiredDirectionTraceCost: 1.0 -> 1.3;
  Layer 2: bendCost: null -> 0.0; undesiredDirectionTraceCost: 1.0 -> 3.9000000000000004;
  Layer 3: bendCost: null -> 0.0; undesiredDirectionTraceCost: 1.0 -> 1.3;
  Layer 4: bendCost: null -> 0.0; undesiredDirectionTraceCost: 1.0 -> 3.9000000000000004;
  Layer 5: bendCost: null -> 0.0; preferredDirectionTraceCost: 1.0 -> 2.2; undesiredDirectionTraceCost: 1.0 -> 2.5;
2026-08-15 22:32:45.097 DEBUG  Applied copper-to-edge clearance override: 500.0 um (5000 board units).
2026-08-15 22:32:45.108 DEBUG  Set DEFAULT clearance (all layers): 1500 (0.0375 mm) from DSN value 150.0
2026-08-15 22:32:45.108 DEBUG  Set clearance (all layers): smd_smd = 375 (0.009375 mm), classes [2,2]
2026-08-15 22:32:45.109 DEBUG  Set default trace width (all layers): DSN=150.0 → board=1500 (0.0375 mm)
2026-08-15 22:32:45.135 DEBUG  Loaded router settings from DSN file: pcb-hmd-carrier-board2-microsd-stage2-v3.dsn (6 layers)
2026-08-15 22:32:45.136 DEBUG  Merging settings from 6 sources:
2026-08-15 22:32:45.136 DEBUG    - Default Settings (priority 0): base settings
2026-08-15 22:32:45.136 DEBUG    - freerouting.json (priority 10): 0 fields changed
2026-08-15 22:32:45.137 DEBUG    - DSN file: pcb-hmd-carrier-board2-microsd-stage2-v3.dsn (priority 20): 8 fields changed
2026-08-15 22:32:45.137 DEBUG    - Environment Variables (priority 55): 0 fields changed
2026-08-15 22:32:45.137 DEBUG    - CLI Arguments (priority 60): 8 fields changed
2026-08-15 22:32:45.137 DEBUG    - API Settings (priority 70): 28 fields changed
2026-08-15 22:32:45.137 DEBUG  Settings merged successfully from 6 source(s)
2026-08-15 22:32:45.138 DEBUG  applyBoardSpecificOptimizations changed parameters:
  Layer 0: preferredDirectionTraceCost: 1.0 -> 2.2; undesiredDirectionTraceCost: 1.0 -> 5.1000000000000005;
  Layer 1: undesiredDirectionTraceCost: 1.0 -> 1.3;
  Layer 2: undesiredDirectionTraceCost: 1.0 -> 3.9000000000000004;
  Layer 3: undesiredDirectionTraceCost: 1.0 -> 1.3;
  Layer 4: undesiredDirectionTraceCost: 1.0 -> 3.9000000000000004;
  Layer 5: preferredDirectionTraceCost: 1.0 -> 2.2; undesiredDirectionTraceCost: 1.0 -> 2.5;
2026-08-15 22:32:45.140 INFO   [CA5C18\DB14F9] Job 'CA5C18\DB14F9' started at 2026-08-15T20:32:45.140034500Z.
2026-08-15 22:32:45.325 DEBUG  [CA5C18\DB14F9] Checking fanout pre-pass. settings.fanout.enabled=true, smd_pins=1581
2026-08-15 22:32:45.394 INFO   [CA5C18\DB14F9] Fanout stage started on board 'd19f86cb403a7751824ef6376840c10e' with 33 of 1581 SMD pins needing fanout (258 already connected, 1290 netless).
2026-08-15 22:32:47.269 INFO   [CA5C18\DB14F9] Fanout pass #1 on board '061f31a93b70ffc64cc36e42ff6f72fa' completed in 1.66 seconds with 10 SMD pins fanouted, 19 not routed, 0 insert errors, +5 extra vias (0 SMD pins still to check in pass, ripup costs=100).
2026-08-15 22:32:48.256 INFO   [CA5C18\DB14F9] Fanout pass #2 on board '11b36582d2bc41791867c0667cec9690' completed in 0.87 seconds with 8 SMD pins fanouted, 16 not routed, 0 insert errors, +2 extra vias (0 SMD pins still to check in pass, ripup costs=200).
2026-08-15 22:32:49.130 INFO   [CA5C18\DB14F9] Fanout pass #3 on board 'd916597c2eb6f805f868b3b4d538f031' completed in 0.77 seconds with 5 SMD pins fanouted, 16 not routed, 0 insert errors, +0 extra vias (0 SMD pins still to check in pass, ripup costs=300).
2026-08-15 22:32:50.008 INFO   [CA5C18\DB14F9] Fanout pass #4 on board '11b36582d2bc41791867c0667cec9690' completed in 0.76 seconds with 5 SMD pins fanouted, 16 not routed, 0 insert errors, +0 extra vias (0 SMD pins still to check in pass, ripup costs=400).
2026-08-15 22:32:50.897 INFO   [CA5C18\DB14F9] Fanout pass #5 on board 'e3ff7f851f92effe1ac7253a41aacb58' completed in 0.76 seconds with 5 SMD pins fanouted, 16 not routed, 0 insert errors, +0 extra vias (0 SMD pins still to check in pass, ripup costs=500).
2026-08-15 22:32:51.748 INFO   [CA5C18\DB14F9] Fanout pass #6 on board '11b36582d2bc41791867c0667cec9690' completed in 0.76 seconds with 5 SMD pins fanouted, 16 not routed, 0 insert errors, +0 extra vias (0 SMD pins still to check in pass, ripup costs=600).
2026-08-15 22:32:51.749 INFO   Fanout stopped after 6 passes: no progress for 3 consecutive passes.
2026-08-15 22:32:51.873 INFO   [CA5C18\DB14F9] Fanout stage completed: started with 291 total SMD pins, completed in 6.39 seconds, escaped pins: 64/291 (22.0%), using 6.38 total CPU seconds, 9.49 GB total allocated, and 303.8 MB peak heap usage.
2026-08-15 22:32:51.932 INFO   [CA5C18\DB14F9] Auto-routing stage started on board '11b36582d2bc41791867c0667cec9690' for 18 unrouted items.
2026-08-15 22:33:00.262 DEBUG  Queuing item for routing: Via on net 'TYPEC_INT_N' (connected: 14/16)
2026-08-15 22:33:00.265 DEBUG  Queuing item for routing: Via on net 'HP_R_CODEC' (connected: 9/10)
2026-08-15 22:33:00.265 DEBUG  Queuing item for routing: Via on net 'MIC_L_N' (connected: 9/10)
2026-08-15 22:33:00.265 DEBUG  Queuing item for routing: Via on net 'MIC_L_P' (connected: 8/9)
2026-08-15 22:33:00.267 DEBUG  Queuing item for routing: Via on net 'JACK_MIC' (connected: 13/14)
2026-08-15 22:33:00.268 DEBUG  Queuing item for routing: Via on net 'R_LCD_LEDPWM' (connected: 12/14)
2026-08-15 22:33:00.269 DEBUG  Queuing item for routing: Via on net 'R_1V15_HDMI' (connected: 18/20)
2026-08-15 22:33:00.269 DEBUG  Queuing item for routing: Via on net 'nPI_LED_PWR' (connected: 3/11)
2026-08-15 22:33:00.269 DEBUG  Queuing item for routing: Via on net 'nPI_LED_PWR' (connected: 8/11)
2026-08-15 22:33:00.293 DEBUG  Queuing item for routing: PolylineTrace on net 'TYPEC_INT_N' (connected: 2/16)
2026-08-15 22:33:00.294 DEBUG  Queuing item for routing: PolylineTrace on net 'HP_L_CODEC' (connected: 2/3)
2026-08-15 22:33:00.294 DEBUG  Queuing item for routing: PolylineTrace on net 'JACK_MIC' (connected: 1/14)
2026-08-15 22:33:00.294 DEBUG  Queuing item for routing: PolylineTrace on net 'R_LCD_LEDPWM' (connected: 2/14)
2026-08-15 22:33:00.295 DEBUG  Queuing item for routing: PolylineTrace on net 'R_1V15_HDMI' (connected: 2/20)
2026-08-15 22:33:00.295 DEBUG  Queuing item for routing: PolylineTrace on net 'GND' (connected: 14/27)
2026-08-15 22:33:00.295 DEBUG  Queuing item for routing: Pin on net 'SD_DETECT_B' (connected: 3/7)
2026-08-15 22:33:00.295 DEBUG  Queuing item for routing: Pin on net 'SD_DETECT_A' (connected: 1/2)
2026-08-15 22:33:00.296 DEBUG  Queuing item for routing: Pin on net 'SD_DAT1' (connected: 1/2)
2026-08-15 22:33:00.296 DEBUG  Queuing item for routing: Pin on net 'SD_DAT0' (connected: 1/2)
2026-08-15 22:33:00.296 DEBUG  Queuing item for routing: Pin on net 'SD_CLK' (connected: 1/2)
2026-08-15 22:33:00.296 DEBUG  Queuing item for routing: Pin on net 'SD_PWR' (connected: 3/9)
2026-08-15 22:33:00.296 DEBUG  Queuing item for routing: Pin on net 'SD_CMD' (connected: 1/2)
2026-08-15 22:33:00.296 DEBUG  Queuing item for routing: Pin on net 'SD_DAT3' (connected: 1/2)
2026-08-15 22:33:00.296 DEBUG  Queuing item for routing: Pin on net 'SD_DAT2' (connected: 1/2)
2026-08-15 22:33:00.297 DEBUG  Queuing item for routing: Pin on net 'SD_PWR' (connected: 3/9)
2026-08-15 22:33:00.297 DEBUG  Queuing item for routing: Pin on net 'SD_PWR_ON' (connected: 5/9)
2026-08-15 22:33:00.297 DEBUG  Queuing item for routing: Pin on net 'SD_DETECT_B' (connected: 1/7)
2026-08-15 22:33:00.297 DEBUG  Queuing item for routing: Pin on net 'SD_PWR' (connected: 3/9)
2026-08-15 22:33:00.298 DEBUG  Queuing item for routing: Pin on net 'SD_DETECT_A' (connected: 1/2)
2026-08-15 22:33:00.298 DEBUG  Queuing item for routing: Pin on net 'SD_DETECT_B' (connected: 3/7)
2026-08-15 22:33:00.299 DEBUG  Queuing item for routing: Pin on net 'SD_PWR_ON' (connected: 4/9)
2026-08-15 22:33:00.299 DEBUG  Queuing item for routing: Pin on net 'SD_DAT2' (connected: 1/2)
2026-08-15 22:33:00.299 DEBUG  Queuing item for routing: Pin on net 'SD_DAT1' (connected: 1/2)
2026-08-15 22:33:00.299 DEBUG  Queuing item for routing: Pin on net 'SD_DAT0' (connected: 1/2)
2026-08-15 22:33:00.299 DEBUG  Queuing item for routing: Pin on net 'SD_CMD' (connected: 1/2)
2026-08-15 22:33:00.299 DEBUG  Queuing item for routing: Pin on net 'SD_DAT3' (connected: 1/2)
2026-08-15 22:33:00.299 DEBUG  Queuing item for routing: Pin on net 'SD_CLK' (connected: 1/2)
2026-08-15 22:33:00.302 DEBUG  Queuing item for routing: Pin on net 'HP_R_CODEC' (connected: 1/10)
2026-08-15 22:33:00.302 DEBUG  Queuing item for routing: Pin on net 'HP_L_CODEC' (connected: 1/3)
2026-08-15 22:33:00.302 DEBUG  Queuing item for routing: Pin on net 'MIC_L_N' (connected: 1/10)
2026-08-15 22:33:00.302 DEBUG  Queuing item for routing: Pin on net 'MIC_L_P' (connected: 1/9)
2026-08-15 22:33:00.307 DEBUG  Queuing item for routing: Pin on net 'GND' (connected: 1/27)
2026-08-15 22:33:04.418 DEBUG  [CA5C18\DB14F9] Pass #1: 18 incompletes across 42 items to route
2026-08-15 22:33:04.418 DEBUG  [CA5C18\DB14F9]   Net 'GND' has 1 incomplete(s)
2026-08-15 22:33:04.419 DEBUG  [CA5C18\DB14F9]   Net 'nPI_LED_PWR' has 1 incomplete(s)
2026-08-15 22:33:04.419 DEBUG  [CA5C18\DB14F9]   Net 'MIC_L_P' has 1 incomplete(s)
2026-08-15 22:33:04.419 DEBUG  [CA5C18\DB14F9]   Net 'MIC_L_N' has 1 incomplete(s)
2026-08-15 22:33:04.419 DEBUG  [CA5C18\DB14F9]   Net 'HP_R_CODEC' has 1 incomplete(s)
2026-08-15 22:33:04.419 DEBUG  [CA5C18\DB14F9]   Net 'TYPEC_INT_N' has 1 incomplete(s)
2026-08-15 22:33:04.419 DEBUG  [CA5C18\DB14F9]   Net 'SD_CLK' has 1 incomplete(s)
2026-08-15 22:33:04.419 DEBUG  [CA5C18\DB14F9]   Net 'SD_DAT3' has 1 incomplete(s)
2026-08-15 22:33:04.419 DEBUG  [CA5C18\DB14F9]   Net 'SD_CMD' has 1 incomplete(s)
2026-08-15 22:33:04.419 DEBUG  [CA5C18\DB14F9]   Net 'SD_DAT0' has 1 incomplete(s)
2026-08-15 22:33:04.419 DEBUG  [CA5C18\DB14F9]   Net 'SD_DAT1' has 1 incomplete(s)
2026-08-15 22:33:04.419 DEBUG  [CA5C18\DB14F9]   Net 'SD_DAT2' has 1 incomplete(s)
2026-08-15 22:33:04.419 DEBUG  [CA5C18\DB14F9]   Net 'SD_PWR_ON' has 1 incomplete(s)
2026-08-15 22:33:04.419 DEBUG  [CA5C18\DB14F9]   Net 'SD_DETECT_B' has 2 incomplete(s)
2026-08-15 22:33:04.419 DEBUG  [CA5C18\DB14F9]   Net 'SD_PWR' has 2 incomplete(s)
2026-08-15 22:33:04.419 DEBUG  [CA5C18\DB14F9]   Net 'SD_DETECT_A' has 1 incomplete(s)
2026-08-15 22:33:21.535 DEBUG  FloatLine: one or both endpoints are null (degenerate line segment)
2026-08-15 22:33:25.873 DEBUG  FloatLine: one or both endpoints are null (degenerate line segment)
2026-08-15 22:33:25.879 DEBUG  InsertFoundConnectionAlgo: insert trace failed for net #89 at corner 3/3 on layer 0, trace width: 750, from corner: 0, ok_point: (2159500,-1048580), target: (2159500,-1049410)
2026-08-15 22:33:25.933 DEBUG  [CA5C18\DB14F9] Autorouter Failed to route connection between polylinetrace, polylinetrace and via, via, polylinetrace, polylinetrace, polylinetrace, polylinetrace, polylinetrace, polylinetrace, polylinetrace, polylinetrace, polylinetrace, pin of component #4, because the new connection could not be inserted.
2026-08-15 22:33:30.055 DEBUG  FloatLine: one or both endpoints are null (degenerate line segment)
2026-08-15 22:33:42.894 DEBUG  ShapeSearchTree45Degree.complete_shape: non-IntOctagon contained shape, using bounding octagon approximation
2026-08-15 22:33:42.906 DEBUG  PolylineTrace.normalize: max normalization depth (16) reached for trace #4121 on net 192 — stopping recursion, trace kept as-is.
2026-08-15 22:33:47.111 DEBUG  FloatLine: one or both endpoints are null (degenerate line segment)
2026-08-15 22:33:51.429 DEBUG  FloatLine: one or both endpoints are null (degenerate line segment)
2026-08-15 22:33:51.431 DEBUG  ShapeSearchTree45Degree.complete_shape: non-IntOctagon contained shape, using bounding octagon approximation
2026-08-15 22:33:51.431 DEBUG  ShapeSearchTree45Degree.complete_shape: non-IntOctagon contained shape, using bounding octagon approximation
2026-08-15 22:33:51.432 DEBUG  ShapeSearchTree45Degree.complete_shape: non-IntOctagon contained shape, using bounding octagon approximation
2026-08-15 22:33:51.434 DEBUG  InsertFoundConnectionAlgo: insert trace failed for net #92 at corner 1/1 on layer 0, trace width: 750, from corner: 0, ok_point: (1225000,-1242837), target: (1225000,-1237630)
2026-08-15 22:33:51.483 DEBUG  [CA5C18\DB14F9] Autorouter Failed to route connection between via, via, polylinetrace, polylinetrace, polylinetrace, polylinetrace, polylinetrace, polylinetrace, polylinetrace, polylinetrace, polylinetrace, polylinetrace, pin #3 of component #156 and polylinetrace, because the new connection could not be inserted.
2026-08-15 22:33:55.655 DEBUG  FloatLine: one or both endpoints are null (degenerate line segment)
2026-08-15 22:33:55.658 DEBUG  ShapeSearchTree45Degree.complete_shape: non-IntOctagon contained shape, using bounding octagon approximation
2026-08-15 22:33:55.659 DEBUG  ShapeSearchTree45Degree.complete_shape: non-IntOctagon contained shape, using bounding octagon approximation
2026-08-15 22:33:55.659 DEBUG  ShapeSearchTree45Degree.complete_shape: non-IntOctagon contained shape, using bounding octagon approximation
2026-08-15 22:33:55.660 DEBUG  ShapeSearchTree45Degree.complete_shape: non-IntOctagon contained shape, using bounding octagon approximation
2026-08-15 22:33:59.829 DEBUG  FloatLine: one or both endpoints are null (degenerate line segment)
2026-08-15 22:33:59.832 DEBUG  ShapeSearchTree45Degree.complete_shape: non-IntOctagon contained shape, using bounding octagon approximation
2026-08-15 22:33:59.832 DEBUG  ShapeSearchTree45Degree.complete_shape: non-IntOctagon contained shape, using bounding octagon approximation
2026-08-15 22:33:59.832 DEBUG  ShapeSearchTree45Degree.complete_shape: non-IntOctagon contained shape, using bounding octagon approximation
2026-08-15 22:34:04.149 DEBUG  FloatLine: one or both endpoints are null (degenerate line segment)
2026-08-15 22:34:05.740 DEBUG  InsertFoundConnectionAlgo: insert trace failed for net #1 at corner 24/24 on layer 3, trace width: 1250, from corner: 5, ok_point: (2306547,-1079933), target: (2118000,-1176220)
2026-08-15 22:34:05.789 DEBUG  [CA5C18\DB14F9] Autorouter Failed to route connection between polylinetrace, polylinetrace, polylinetrace, polylinetrace, polylinetrace, polylinetrace, polylinetrace, polylinetrace, polylinetrace, polylinetrace, polylinetrace, polylinetrace, polylinetrace, polylinetrace and via, via, polylinetrace, polylinetrace, polylinetrace, polylinetrace, polylinetrace, polylinetrace, polylinetrace, polylinetrace, pin #1 of component #1, conductionarea, conductionarea, because the new connection could not be inserted.
2026-08-15 22:34:10.482 DEBUG  InsertFoundConnectionAlgo: insert trace failed for net #225 at corner 43/43 on layer 3, trace width: 750, from corner: 4, ok_point: (2051854,-1232093), target: (1357720,-1265826)
2026-08-15 22:34:10.529 DEBUG  [CA5C18\DB14F9] Autorouter Failed to route connection between polylinetrace, via, pin #2 of component #276, pin of component #252 and polylinetrace, via, pin #9 of component #304, because the new connection could not be inserted.
2026-08-15 22:34:52.571 DEBUG  InsertFoundConnectionAlgo: insert trace failed for net #262 at corner 79/79 on layer 3, trace width: 750, from corner: 10, ok_point: (2036606,-1281232), target: (1339387,-1267490)
2026-08-15 22:34:52.618 DEBUG  [CA5C18\DB14F9] Autorouter Failed to route connection between polylinetrace, via, pin of component #276 and polylinetrace, polylinetrace, via, polylinetrace, via, pin #3 of component #304, pin of component #284, because the new connection could not be inserted.
2026-08-15 22:35:15.636 DEBUG  InsertFoundConnectionAlgo: insert trace failed for net #225 at corner 30/30 on layer 3, trace width: 750, from corner: 5, ok_point: (1693085,-1311750), target: (2080183,-1219447)
2026-08-15 22:35:15.687 DEBUG  [CA5C18\DB14F9] Autorouter Failed to route connection between polylinetrace, via, pin #9 of component #304 and polylinetrace, pin #2 of component #276, pin of component #252, because the new connection could not be inserted.
2026-08-15 22:35:24.335 DEBUG  InsertFoundConnectionAlgo: insert trace failed for net #215 at corner 32/32 on layer 3, trace width: 750, from corner: 9, ok_point: (1693085,-1311750), target: (2049391,-1344017)
2026-08-15 22:35:24.387 DEBUG  [CA5C18\DB14F9] Autorouter Failed to route connection between polylinetrace, polylinetrace, via, pin of component #304 and polylinetrace, via, pin #68 of component #223, because the new connection could not be inserted.
2026-08-15 22:35:28.767 DEBUG  InsertFoundConnectionAlgo: insert trace failed for net #214 at corner 60/60 on layer 3, trace width: 750, from corner: 11, ok_point: (1693085,-1311750), target: (2135841,-1326820)
2026-08-15 22:35:28.817 DEBUG  [CA5C18\DB14F9] Autorouter Failed to route connection between polylinetrace, polylinetrace, via, pin #7 of component #304 and polylinetrace, polylinetrace, via, pin #66 of component #223, because the new connection could not be inserted.
2026-08-15 22:35:39.829 DEBUG  [CA5C18\DB14F9] Autorouter Failed to route connection between polylinetrace, polylinetrace, via, pin #6 of component #304 and pin #62 of component #223, because no connection was found between their nets.
2026-08-15 22:35:44.515 DEBUG  InsertFoundConnectionAlgo: insert trace failed for net #212 at corner 26/26 on layer 3, trace width: 750, from corner: 9, ok_point: (1891179,-1314609), target: (2078200,-1326944)
2026-08-15 22:35:44.573 DEBUG  [CA5C18\DB14F9] Autorouter Failed to route connection between polylinetrace, polylinetrace, via, pin #2 of component #304 and polylinetrace, via, pin #61 of component #223, because the new connection could not be inserted.
2026-08-15 22:35:53.790 DEBUG  InsertFoundConnectionAlgo: insert trace failed for net #210 at corner 30/30 on layer 3, trace width: 750, from corner: 8, ok_point: (1891179,-1314609), target: (2099816,-1345702)
2026-08-15 22:35:53.839 DEBUG  [CA5C18\DB14F9] Autorouter Failed to route connection between polylinetrace, polylinetrace, via, pin #4 of component #304 and polylinetrace, via, pin #56 of component #223, because the new connection could not be inserted.
2026-08-15 22:36:02.412 DEBUG  FloatLine: one or both endpoints are null (degenerate line segment)
2026-08-15 22:36:06.766 DEBUG  ShapeSearchTree45Degree.complete_shape: non-IntOctagon contained shape, using bounding octagon approximation
2026-08-15 22:36:06.766 DEBUG  ShapeSearchTree45Degree.complete_shape: non-IntOctagon contained shape, using bounding octagon approximation
2026-08-15 22:36:06.766 DEBUG  ShapeSearchTree45Degree.complete_shape: non-IntOctagon contained shape, using bounding octagon approximation
2026-08-15 22:36:11.029 DEBUG  ShapeSearchTree45Degree.complete_shape: non-IntOctagon contained shape, using bounding octagon approximation
2026-08-15 22:36:11.029 DEBUG  ShapeSearchTree45Degree.complete_shape: non-IntOctagon contained shape, using bounding octagon approximation
2026-08-15 22:36:11.030 DEBUG  ShapeSearchTree45Degree.complete_shape: non-IntOctagon contained shape, using bounding octagon approximation
2026-08-15 22:36:28.233 INFO   [CA5C18\DB14F9] Auto-routing pass #1 on board '11b36582d2bc41791867c0667cec9690' was completed in 207.98 seconds with the score of 0.00 (11 unrouted and 304 violations), using 218.47 CPU seconds and the job allocated 271.74 GB of memory so far.
2026-08-15 22:36:36.582 DEBUG  Queuing item for routing: Via on net 'TYPEC_INT_N' (connected: 14/16)
2026-08-15 22:36:36.586 DEBUG  Queuing item for routing: Via on net 'JACK_MIC' (connected: 13/14)
2026-08-15 22:36:36.587 DEBUG  Queuing item for routing: Via on net 'R_LCD_LEDPWM' (connected: 12/14)
2026-08-15 22:36:36.587 DEBUG  Queuing item for routing: Via on net 'R_1V15_HDMI' (connected: 18/20)
2026-08-15 22:36:36.587 DEBUG  Queuing item for routing: Via on net 'nPI_LED_PWR' (connected: 3/11)
2026-08-15 22:36:36.588 DEBUG  Queuing item for routing: Via on net 'nPI_LED_PWR' (connected: 8/11)
2026-08-15 22:36:36.606 DEBUG  Queuing item for routing: PolylineTrace on net 'TYPEC_INT_N' (connected: 2/16)
2026-08-15 22:36:36.607 DEBUG  Queuing item for routing: PolylineTrace on net 'HP_L_CODEC' (connected: 2/3)
2026-08-15 22:36:36.607 DEBUG  Queuing item for routing: PolylineTrace on net 'JACK_MIC' (connected: 1/14)
2026-08-15 22:36:36.608 DEBUG  Queuing item for routing: PolylineTrace on net 'R_LCD_LEDPWM' (connected: 2/14)
2026-08-15 22:36:36.608 DEBUG  Queuing item for routing: PolylineTrace on net 'R_1V15_HDMI' (connected: 2/20)
2026-08-15 22:36:36.608 DEBUG  Queuing item for routing: PolylineTrace on net 'GND' (connected: 14/27)
2026-08-15 22:36:36.609 DEBUG  Queuing item for routing: Pin on net 'SD_DETECT_B' (connected: 3/6)
2026-08-15 22:36:36.609 DEBUG  Queuing item for routing: Pin on net 'SD_DETECT_A' (connected: 4/7)
2026-08-15 22:36:36.609 DEBUG  Queuing item for routing: Pin on net 'SD_DAT1' (connected: 4/8)
2026-08-15 22:36:36.609 DEBUG  Queuing item for routing: Pin on net 'SD_DAT0' (connected: 4/5)
2026-08-15 22:36:36.609 DEBUG  Queuing item for routing: Pin on net 'SD_CLK' (connected: 4/7)
2026-08-15 22:36:36.609 DEBUG  Queuing item for routing: Pin on net 'SD_PWR' (connected: 7/10)
2026-08-15 22:36:36.609 DEBUG  Queuing item for routing: Pin on net 'SD_CMD' (connected: 4/7)
2026-08-15 22:36:36.610 DEBUG  Queuing item for routing: Pin on net 'SD_DAT2' (connected: 4/7)
2026-08-15 22:36:36.611 DEBUG  Queuing item for routing: Pin on net 'SD_DETECT_B' (connected: 3/6)
2026-08-15 22:36:36.611 DEBUG  Queuing item for routing: Pin on net 'SD_PWR' (connected: 3/10)
2026-08-15 22:36:36.611 DEBUG  Queuing item for routing: Pin on net 'SD_DETECT_A' (connected: 3/7)
2026-08-15 22:36:36.612 DEBUG  Queuing item for routing: Pin on net 'SD_DAT2' (connected: 3/7)
2026-08-15 22:36:36.612 DEBUG  Queuing item for routing: Pin on net 'SD_DAT1' (connected: 4/8)
2026-08-15 22:36:36.613 DEBUG  Queuing item for routing: Pin on net 'SD_DAT0' (connected: 1/5)
2026-08-15 22:36:36.613 DEBUG  Queuing item for routing: Pin on net 'SD_CMD' (connected: 3/7)
2026-08-15 22:36:36.613 DEBUG  Queuing item for routing: Pin on net 'SD_CLK' (connected: 3/7)
2026-08-15 22:36:36.617 DEBUG  Queuing item for routing: Pin on net 'HP_L_CODEC' (connected: 1/3)
2026-08-15 22:36:36.622 DEBUG  Queuing item for routing: Pin on net 'GND' (connected: 1/27)
2026-08-15 22:36:40.837 DEBUG  [CA5C18\DB14F9] Pass #2: 11 incompletes across 30 items to route
2026-08-15 22:36:40.838 DEBUG  [CA5C18\DB14F9]   Net 'GND' has 1 incomplete(s)
2026-08-15 22:36:40.838 DEBUG  [CA5C18\DB14F9]   Net 'nPI_LED_PWR' has 1 incomplete(s)
2026-08-15 22:36:40.838 DEBUG  [CA5C18\DB14F9]   Net 'TYPEC_INT_N' has 1 incomplete(s)
2026-08-15 22:36:40.838 DEBUG  [CA5C18\DB14F9]   Net 'SD_CLK' has 1 incomplete(s)
2026-08-15 22:36:40.838 DEBUG  [CA5C18\DB14F9]   Net 'SD_CMD' has 1 incomplete(s)
2026-08-15 22:36:40.838 DEBUG  [CA5C18\DB14F9]   Net 'SD_DAT0' has 1 incomplete(s)
2026-08-15 22:36:40.838 DEBUG  [CA5C18\DB14F9]   Net 'SD_DAT1' has 1 incomplete(s)
2026-08-15 22:36:40.838 DEBUG  [CA5C18\DB14F9]   Net 'SD_DAT2' has 1 incomplete(s)
2026-08-15 22:36:40.838 DEBUG  [CA5C18\DB14F9]   Net 'SD_DETECT_B' has 1 incomplete(s)
2026-08-15 22:36:40.838 DEBUG  [CA5C18\DB14F9]   Net 'SD_PWR' has 1 incomplete(s)
2026-08-15 22:36:40.838 DEBUG  [CA5C18\DB14F9]   Net 'SD_DETECT_A' has 1 incomplete(s)
2026-08-15 22:36:45.261 DEBUG  FloatLine: one or both endpoints are null (degenerate line segment)
2026-08-15 22:36:49.528 DEBUG  FloatLine: one or both endpoints are null (degenerate line segment)
2026-08-15 22:36:49.530 DEBUG  InsertFoundConnectionAlgo: insert trace failed for net #89 at corner 3/3 on layer 0, trace width: 750, from corner: 0, ok_point: (2159500,-1048580), target: (2159500,-1049410)
2026-08-15 22:36:49.579 DEBUG  [CA5C18\DB14F9] Autorouter Failed to route connection between polylinetrace, polylinetrace and via, via, polylinetrace, polylinetrace, polylinetrace, polylinetrace, polylinetrace, polylinetrace, polylinetrace, polylinetrace, polylinetrace, pin of component #4, because the new connection could not be inserted.
2026-08-15 22:36:53.889 DEBUG  FloatLine: one or both endpoints are null (degenerate line segment)
2026-08-15 22:37:11.052 DEBUG  FloatLine: one or both endpoints are null (degenerate line segment)
2026-08-15 22:37:15.342 DEBUG  FloatLine: one or both endpoints are null (degenerate line segment)
2026-08-15 22:37:15.344 DEBUG  ShapeSearchTree45Degree.complete_shape: non-IntOctagon contained shape, using bounding octagon approximation
2026-08-15 22:37:15.344 DEBUG  ShapeSearchTree45Degree.complete_shape: non-IntOctagon contained shape, using bounding octagon approximation
2026-08-15 22:37:15.344 DEBUG  ShapeSearchTree45Degree.complete_shape: non-IntOctagon contained shape, using bounding octagon approximation
2026-08-15 22:37:15.346 DEBUG  InsertFoundConnectionAlgo: insert trace failed for net #92 at corner 1/1 on layer 0, trace width: 750, from corner: 0, ok_point: (1225000,-1242837), target: (1225000,-1237630)
2026-08-15 22:37:15.401 DEBUG  [CA5C18\DB14F9] Autorouter Failed to route connection between via, via, polylinetrace, polylinetrace, polylinetrace, polylinetrace, polylinetrace, polylinetrace, polylinetrace, polylinetrace, polylinetrace, polylinetrace, pin #3 of component #156 and polylinetrace, because the new connection could not be inserted.
2026-08-15 22:37:19.682 DEBUG  FloatLine: one or both endpoints are null (degenerate line segment)
2026-08-15 22:37:19.685 DEBUG  ShapeSearchTree45Degree.complete_shape: non-IntOctagon contained shape, using bounding octagon approximation
2026-08-15 22:37:19.685 DEBUG  ShapeSearchTree45Degree.complete_shape: non-IntOctagon contained shape, using bounding octagon approximation
2026-08-15 22:37:19.686 DEBUG  ShapeSearchTree45Degree.complete_shape: non-IntOctagon contained shape, using bounding octagon approximation
2026-08-15 22:37:19.686 DEBUG  ShapeSearchTree45Degree.complete_shape: non-IntOctagon contained shape, using bounding octagon approximation
2026-08-15 22:37:24.036 DEBUG  FloatLine: one or both endpoints are null (degenerate line segment)
2026-08-15 22:37:24.039 DEBUG  ShapeSearchTree45Degree.complete_shape: non-IntOctagon contained shape, using bounding octagon approximation
2026-08-15 22:37:24.040 DEBUG  ShapeSearchTree45Degree.complete_shape: non-IntOctagon contained shape, using bounding octagon approximation
2026-08-15 22:37:24.040 DEBUG  ShapeSearchTree45Degree.complete_shape: non-IntOctagon contained shape, using bounding octagon approximation
2026-08-15 22:37:28.438 DEBUG  FloatLine: one or both endpoints are null (degenerate line segment)
2026-08-15 22:37:30.162 DEBUG  InsertFoundConnectionAlgo: insert trace failed for net #1 at corner 24/24 on layer 3, trace width: 1250, from corner: 5, ok_point: (2306547,-1079933), target: (2118000,-1176220)
2026-08-15 22:37:30.215 DEBUG  [CA5C18\DB14F9] Autorouter Failed to route connection between polylinetrace, polylinetrace, polylinetrace, polylinetrace, polylinetrace, polylinetrace, polylinetrace, polylinetrace, polylinetrace, polylinetrace, polylinetrace, polylinetrace, polylinetrace, polylinetrace and via, via, polylinetrace, polylinetrace, polylinetrace, polylinetrace, polylinetrace, polylinetrace, polylinetrace, polylinetrace, pin #1 of component #1, conductionarea, conductionarea, because the new connection could not be inserted.
2026-08-15 22:37:34.965 DEBUG  InsertFoundConnectionAlgo: insert trace failed for net #225 at corner 57/57 on layer 3, trace width: 750, from corner: 4, ok_point: (2051854,-1232093), target: (1335588,-1267005)
2026-08-15 22:37:35.020 DEBUG  [CA5C18\DB14F9] Autorouter Failed to route connection between polylinetrace, pin #2 of component #276, pin of component #252 and polylinetrace, via, pin #9 of component #304, because the new connection could not be inserted.
2026-08-15 22:37:48.856 DEBUG  [CA5C18\DB14F9] Autorouter Failed to route connection between pin #62 of component #223 and polylinetrace, polylinetrace, via, pin #6 of component #304, because no connection was found between their nets.
2026-08-15 22:37:53.412 DEBUG  InsertFoundConnectionAlgo: insert trace failed for net #210 at corner 43/43 on layer 3, trace width: 750, from corner: 27, ok_point: (1705250,-1313646), target: (1651000,-1295524)
2026-08-15 22:37:53.467 DEBUG  [CA5C18\DB14F9] Autorouter Failed to route connection between polylinetrace, via, pin #56 of component #223 and polylinetrace, polylinetrace, via, pin #4 of component #304, because the new connection could not be inserted.
2026-08-15 22:37:59.015 DEBUG  InsertFoundConnectionAlgo: insert trace failed for net #262 at corner 60/60 on layer 3, trace width: 750, from corner: 7, ok_point: (2051854,-1232093), target: (1335391,-1267005)
2026-08-15 22:37:59.070 DEBUG  [CA5C18\DB14F9] Autorouter Failed to route connection between polylinetrace, via, pin of component #276 and polylinetrace, polylinetrace, via, polylinetrace, via, pin #3 of component #304, pin of component #284, because the new connection could not be inserted.
2026-08-15 22:38:03.720 DEBUG  InsertFoundConnectionAlgo: insert trace failed for net #212 at corner 40/40 on layer 3, trace width: 750, from corner: 4, ok_point: (2051854,-1232093), target: (1643000,-1279625)
2026-08-15 22:38:03.771 DEBUG  [CA5C18\DB14F9] Autorouter Failed to route connection between polylinetrace, via, pin #61 of component #223 and polylinetrace, polylinetrace, via, pin #2 of component #304, because the new connection could not be inserted.
2026-08-15 22:38:20.701 DEBUG  InsertFoundConnectionAlgo: insert trace failed for net #262 at corner 21/21 on layer 3, trace width: 750, from corner: 2, ok_point: (1939012,-1325585), target: (2079808,-1269300)
2026-08-15 22:38:20.752 DEBUG  [CA5C18\DB14F9] Autorouter Failed to route connection between polylinetrace, polylinetrace, polylinetrace, via, via, pin #3 of component #304, pin of component #284 and polylinetrace, via, pin of component #276, because the new connection could not be inserted.
2026-08-15 22:38:26.049 DEBUG  InsertFoundConnectionAlgo: insert trace failed for net #275 at corner 46/46 on layer 3, trace width: 750, from corner: 34, ok_point: (2050033,-1233914), target: (2037659,-1220168)
2026-08-15 22:38:26.102 DEBUG  [CA5C18\DB14F9] Autorouter Failed to route connection between polylinetrace, polylinetrace, via, pin #8 of component #304 and polylinetrace, via, pin of component #263, because the new connection could not be inserted.
2026-08-15 22:38:35.396 DEBUG  InsertFoundConnectionAlgo: insert trace failed for net #214 at corner 46/46 on layer 3, trace width: 750, from corner: 9, ok_point: (1891179,-1314609), target: (2135841,-1326820)
2026-08-15 22:38:35.453 DEBUG  [CA5C18\DB14F9] Autorouter Failed to route connection between polylinetrace, polylinetrace, via, pin #7 of component #304 and polylinetrace, polylinetrace, via, pin #66 of component #223, because the new connection could not be inserted.
2026-08-15 22:38:46.679 DEBUG  InsertFoundConnectionAlgo: insert trace failed for net #213 at corner 27/27 on layer 3, trace width: 750, from corner: 19, ok_point: (1685193,-1311750), target: (1744671,-1320215)
2026-08-15 22:38:46.726 DEBUG  [CA5C18\DB14F9] Autorouter Failed to route connection between polylinetrace, polylinetrace, via, pin #6 of component #304 and pin #62 of component #223, because the new connection could not be inserted.
2026-08-15 22:38:46.729 DEBUG  [CA5C18\DB14F9] Pass #2: Failed to route Pin on net 'SD_DAT0' (5 items remaining, 2 failures). State: FAILED
2026-08-15 22:38:55.164 DEBUG  InsertFoundConnectionAlgo: insert trace failed for net #210 at corner 24/24 on layer 3, trace width: 750, from corner: 6, ok_point: (1898937,-1322367), target: (2099816,-1345702)
2026-08-15 22:38:55.213 DEBUG  [CA5C18\DB14F9] Autorouter Failed to route connection between polylinetrace, polylinetrace, via, pin #4 of component #304 and polylinetrace, via, pin #56 of component #223, because the new connection could not be inserted.
2026-08-15 22:38:55.213 DEBUG  [CA5C18\DB14F9] Pass #2: Failed to route Pin on net 'SD_CLK' (3 items remaining, 2 failures). State: FAILED
2026-08-15 22:38:58.981 DEBUG  FloatLine: one or both endpoints are null (degenerate line segment)
2026-08-15 22:39:14.330 INFO   [CA5C18\DB14F9] Auto-routing pass #2 on board '6f2da89d8761b2aa319bf58d393095c7' was completed in 157.75 seconds with the score of 0.00 (10 unrouted and 304 violations), using 381.56 CPU seconds and the job allocated 480.21 GB of memory so far.
2026-08-15 22:39:21.735 DEBUG  Queuing item for routing: Via on net 'JACK_MIC' (connected: 13/14)
2026-08-15 22:39:21.735 DEBUG  Queuing item for routing: Via on net 'R_LCD_LEDPWM' (connected: 12/14)
2026-08-15 22:39:21.736 DEBUG  Queuing item for routing: Via on net 'R_1V15_HDMI' (connected: 18/20)
2026-08-15 22:39:21.736 DEBUG  Queuing item for routing: Via on net 'nPI_LED_PWR' (connected: 3/11)
2026-08-15 22:39:21.736 DEBUG  Queuing item for routing: Via on net 'nPI_LED_PWR' (connected: 8/11)
2026-08-15 22:39:21.753 DEBUG  Queuing item for routing: PolylineTrace on net 'HP_L_CODEC' (connected: 2/3)
2026-08-15 22:39:21.754 DEBUG  Queuing item for routing: PolylineTrace on net 'JACK_MIC' (connected: 1/14)
2026-08-15 22:39:21.754 DEBUG  Queuing item for routing: PolylineTrace on net 'R_LCD_LEDPWM' (connected: 2/14)
2026-08-15 22:39:21.754 DEBUG  Queuing item for routing: PolylineTrace on net 'R_1V15_HDMI' (connected: 2/20)
2026-08-15 22:39:21.755 DEBUG  Queuing item for routing: PolylineTrace on net 'GND' (connected: 14/27)
2026-08-15 22:39:21.755 DEBUG  Queuing item for routing: Pin on net 'SD_DETECT_B' (connected: 3/6)
2026-08-15 22:39:21.755 DEBUG  Queuing item for routing: Pin on net 'SD_DETECT_A' (connected: 4/7)
2026-08-15 22:39:21.755 DEBUG  Queuing item for routing: Pin on net 'SD_DAT1' (connected: 4/5)
2026-08-15 22:39:21.755 DEBUG  Queuing item for routing: Pin on net 'SD_DAT0' (connected: 4/7)
2026-08-15 22:39:21.755 DEBUG  Queuing item for routing: Pin on net 'SD_CLK' (connected: 4/7)
2026-08-15 22:39:21.755 DEBUG  Queuing item for routing: Pin on net 'SD_PWR' (connected: 7/10)
2026-08-15 22:39:21.756 DEBUG  Queuing item for routing: Pin on net 'SD_DAT3' (connected: 4/7)
2026-08-15 22:39:21.756 DEBUG  Queuing item for routing: Pin on net 'SD_DAT2' (connected: 4/7)
2026-08-15 22:39:21.756 DEBUG  Queuing item for routing: Pin on net 'SD_DETECT_B' (connected: 3/6)
2026-08-15 22:39:21.756 DEBUG  Queuing item for routing: Pin on net 'SD_PWR' (connected: 3/10)
2026-08-15 22:39:21.757 DEBUG  Queuing item for routing: Pin on net 'SD_DETECT_A' (connected: 3/7)
2026-08-15 22:39:21.758 DEBUG  Queuing item for routing: Pin on net 'SD_DAT2' (connected: 3/7)
2026-08-15 22:39:21.758 DEBUG  Queuing item for routing: Pin on net 'SD_DAT1' (connected: 1/5)
2026-08-15 22:39:21.758 DEBUG  Queuing item for routing: Pin on net 'SD_DAT0' (connected: 3/7)
2026-08-15 22:39:21.758 DEBUG  Queuing item for routing: Pin on net 'SD_DAT3' (connected: 3/7)
2026-08-15 22:39:21.758 DEBUG  Queuing item for routing: Pin on net 'SD_CLK' (connected: 3/7)
2026-08-15 22:39:21.761 DEBUG  Queuing item for routing: Pin on net 'HP_L_CODEC' (connected: 1/3)
2026-08-15 22:39:21.767 DEBUG  Queuing item for routing: Pin on net 'GND' (connected: 1/27)
2026-08-15 22:39:25.447 DEBUG  [CA5C18\DB14F9] Pass #3: 10 incompletes across 28 items to route
2026-08-15 22:39:25.447 DEBUG  [CA5C18\DB14F9]   Net 'GND' has 1 incomplete(s)
2026-08-15 22:39:25.447 DEBUG  [CA5C18\DB14F9]   Net 'nPI_LED_PWR' has 1 incomplete(s)
2026-08-15 22:39:25.447 DEBUG  [CA5C18\DB14F9]   Net 'SD_CLK' has 1 incomplete(s)
2026-08-15 22:39:25.447 DEBUG  [CA5C18\DB14F9]   Net 'SD_DAT3' has 1 incomplete(s)
2026-08-15 22:39:25.447 DEBUG  [CA5C18\DB14F9]   Net 'SD_DAT0' has 1 incomplete(s)
2026-08-15 22:39:25.447 DEBUG  [CA5C18\DB14F9]   Net 'SD_DAT1' has 1 incomplete(s)
2026-08-15 22:39:25.447 DEBUG  [CA5C18\DB14F9]   Net 'SD_DAT2' has 1 incomplete(s)
2026-08-15 22:39:25.447 DEBUG  [CA5C18\DB14F9]   Net 'SD_DETECT_B' has 1 incomplete(s)
2026-08-15 22:39:25.447 DEBUG  [CA5C18\DB14F9]   Net 'SD_PWR' has 1 incomplete(s)
2026-08-15 22:39:25.447 DEBUG  [CA5C18\DB14F9]   Net 'SD_DETECT_A' has 1 incomplete(s)
2026-08-15 22:39:25.532 DEBUG  FloatLine: one or both endpoints are null (degenerate line segment)
2026-08-15 22:39:29.609 DEBUG  FloatLine: one or both endpoints are null (degenerate line segment)
2026-08-15 22:39:29.611 DEBUG  InsertFoundConnectionAlgo: insert trace failed for net #89 at corner 3/3 on layer 0, trace width: 750, from corner: 0, ok_point: (2159500,-1048580), target: (2159500,-1049410)
2026-08-15 22:39:29.663 DEBUG  [CA5C18\DB14F9] Autorouter Failed to route connection between polylinetrace, polylinetrace and via, via, polylinetrace, polylinetrace, polylinetrace, polylinetrace, polylinetrace, polylinetrace, polylinetrace, polylinetrace, polylinetrace, pin of component #4, because the new connection could not be inserted.
2026-08-15 22:39:29.663 DEBUG  [CA5C18\DB14F9] Pass #3: Failed to route Via on net 'R_LCD_LEDPWM' (27 items remaining, 3 failures). State: FAILED
2026-08-15 22:39:33.457 DEBUG  FloatLine: one or both endpoints are null (degenerate line segment)
2026-08-15 22:39:45.024 DEBUG  FloatLine: one or both endpoints are null (degenerate line segment)
2026-08-15 22:39:48.888 DEBUG  FloatLine: one or both endpoints are null (degenerate line segment)
2026-08-15 22:39:48.890 DEBUG  ShapeSearchTree45Degree.complete_shape: non-IntOctagon contained shape, using bounding octagon approximation
2026-08-15 22:39:48.891 DEBUG  ShapeSearchTree45Degree.complete_shape: non-IntOctagon contained shape, using bounding octagon approximation
2026-08-15 22:39:48.891 DEBUG  ShapeSearchTree45Degree.complete_shape: non-IntOctagon contained shape, using bounding octagon approximation
2026-08-15 22:39:48.893 DEBUG  InsertFoundConnectionAlgo: insert trace failed for net #92 at corner 1/1 on layer 0, trace width: 750, from corner: 0, ok_point: (1225000,-1242837), target: (1225000,-1237630)
2026-08-15 22:39:48.947 DEBUG  [CA5C18\DB14F9] Autorouter Failed to route connection between via, via, polylinetrace, polylinetrace, polylinetrace, polylinetrace, polylinetrace, polylinetrace, polylinetrace, polylinetrace, polylinetrace, polylinetrace, pin #3 of component #156 and polylinetrace, because the new connection could not be inserted.
2026-08-15 22:39:48.948 DEBUG  [CA5C18\DB14F9] Pass #3: Failed to route PolylineTrace on net 'JACK_MIC' (22 items remaining, 3 failures). State: FAILED
2026-08-15 22:39:52.914 DEBUG  FloatLine: one or both endpoints are null (degenerate line segment)
2026-08-15 22:39:52.916 DEBUG  ShapeSearchTree45Degree.complete_shape: non-IntOctagon contained shape, using bounding octagon approximation
2026-08-15 22:39:52.916 DEBUG  ShapeSearchTree45Degree.complete_shape: non-IntOctagon contained shape, using bounding octagon approximation
2026-08-15 22:39:52.917 DEBUG  ShapeSearchTree45Degree.complete_shape: non-IntOctagon contained shape, using bounding octagon approximation
2026-08-15 22:39:52.918 DEBUG  ShapeSearchTree45Degree.complete_shape: non-IntOctagon contained shape, using bounding octagon approximation
2026-08-15 22:39:57.039 DEBUG  FloatLine: one or both endpoints are null (degenerate line segment)
2026-08-15 22:39:57.041 DEBUG  ShapeSearchTree45Degree.complete_shape: non-IntOctagon contained shape, using bounding octagon approximation
2026-08-15 22:39:57.041 DEBUG  ShapeSearchTree45Degree.complete_shape: non-IntOctagon contained shape, using bounding octagon approximation
2026-08-15 22:39:57.041 DEBUG  ShapeSearchTree45Degree.complete_shape: non-IntOctagon contained shape, using bounding octagon approximation
2026-08-15 22:40:00.928 DEBUG  FloatLine: one or both endpoints are null (degenerate line segment)
2026-08-15 22:40:02.575 DEBUG  InsertFoundConnectionAlgo: insert trace failed for net #1 at corner 24/24 on layer 3, trace width: 1250, from corner: 5, ok_point: (2306547,-1079933), target: (2118000,-1176220)
2026-08-15 22:40:02.632 DEBUG  [CA5C18\DB14F9] Autorouter Failed to route connection between polylinetrace, polylinetrace, polylinetrace, polylinetrace, polylinetrace, polylinetrace, polylinetrace, polylinetrace, polylinetrace, polylinetrace, polylinetrace, polylinetrace, polylinetrace, polylinetrace and via, via, polylinetrace, polylinetrace, polylinetrace, polylinetrace, polylinetrace, polylinetrace, polylinetrace, polylinetrace, pin #1 of component #1, conductionarea, conductionarea, because the new connection could not be inserted.
2026-08-15 22:40:02.632 DEBUG  [CA5C18\DB14F9] Pass #3: Failed to route PolylineTrace on net 'GND' (19 items remaining, 3 failures). State: FAILED
2026-08-15 22:40:07.354 DEBUG  InsertFoundConnectionAlgo: insert trace failed for net #225 at corner 53/53 on layer 3, trace width: 750, from corner: 4, ok_point: (2051854,-1232093), target: (1335588,-1267005)
2026-08-15 22:40:07.404 DEBUG  [CA5C18\DB14F9] Autorouter Failed to route connection between polylinetrace, pin #2 of component #276, pin of component #252 and polylinetrace, via, pin #9 of component #304, because the new connection could not be inserted.
2026-08-15 22:40:07.404 DEBUG  [CA5C18\DB14F9] Pass #3: Failed to route Pin on net 'SD_DETECT_B' (18 items remaining, 3 failures). State: FAILED
2026-08-15 22:40:16.101 DEBUG  InsertFoundConnectionAlgo: insert trace failed for net #214 at corner 67/67 on layer 3, trace width: 750, from corner: 18, ok_point: (2051854,-1232093), target: (1568742,-1313355)
2026-08-15 22:40:16.149 DEBUG  [CA5C18\DB14F9] Autorouter Failed to route connection between pin #66 of component #223 and polylinetrace, polylinetrace, via, pin #7 of component #304, because the new connection could not be inserted.
2026-08-15 22:40:30.662 DEBUG  InsertFoundConnectionAlgo: insert trace failed for net #262 at corner 42/42 on layer 3, trace width: 750, from corner: 12, ok_point: (1703778,-1316678), target: (1335391,-1267005)
2026-08-15 22:40:30.707 DEBUG  [CA5C18\DB14F9] Autorouter Failed to route connection between polylinetrace, via, pin of component #276 and polylinetrace, polylinetrace, polylinetrace, via, via, pin #3 of component #304, pin of component #284, because the new connection could not be inserted.
2026-08-15 22:40:48.789 DEBUG  InsertFoundConnectionAlgo: insert trace failed for net #262 at corner 66/66 on layer 3, trace width: 750, from corner: 28, ok_point: (1917835,-1321750), target: (2079808,-1307644)
2026-08-15 22:40:48.838 DEBUG  [CA5C18\DB14F9] Autorouter Failed to route connection between polylinetrace, polylinetrace, polylinetrace, via, via, pin #3 of component #304, pin of component #284 and polylinetrace, via, pin of component #276, because the new connection could not be inserted.
2026-08-15 22:40:58.491 DEBUG  InsertFoundConnectionAlgo: insert trace failed for net #215 at corner 24/24 on layer 3, trace width: 750, from corner: 9, ok_point: (1891179,-1314609), target: (2049391,-1344017)
2026-08-15 22:40:58.553 DEBUG  [CA5C18\DB14F9] Autorouter Failed to route connection between polylinetrace, polylinetrace, via, pin of component #304 and polylinetrace, via, pin #68 of component #223, because the new connection could not be inserted.
2026-08-15 22:41:20.072 DEBUG  [CA5C18\DB14F9] Autorouter Failed to route connection between polylinetrace, polylinetrace, via, pin #1 of component #304 and pin #60 of component #223, because no connection was found between their nets.
2026-08-15 22:41:20.073 DEBUG  [CA5C18\DB14F9] Pass #3: Failed to route Pin on net 'SD_DAT3' (4 items remaining, 1 failures). State: FAILED
2026-08-15 22:41:29.304 DEBUG  FloatLine: one or both endpoints are null (degenerate line segment)
2026-08-15 22:41:46.448 INFO   [CA5C18\DB14F9] Auto-routing pass #3 on board '1d2beab09890f4bf13466d8b4d42fed7' was completed in 144.72 seconds with the score of 0.00 (7 unrouted and 304 violations), using 531.11 CPU seconds and the job allocated 682.37 GB of memory so far.
2026-08-15 22:41:50.505 DEBUG  === Performance Profile ===
2026-08-15 22:41:50.505 DEBUG  === Routing Parameters ===
2026-08-15 22:41:50.505 DEBUG    Via Costs: 50, Plane Via Costs: 5
2026-08-15 22:41:50.505 DEBUG    Layer Costs (Preferred / Against):
2026-08-15 22:41:50.505 DEBUG      Layer 1: 2,2 / 5,1
2026-08-15 22:41:50.506 DEBUG      Layer 2: 1,0 / 1,3
2026-08-15 22:41:50.506 DEBUG      Layer 3: 1,0 / 3,9
2026-08-15 22:41:50.506 DEBUG      Layer 4: 1,0 / 1,3
2026-08-15 22:41:50.506 DEBUG      Layer 5: 1,0 / 3,9
2026-08-15 22:41:50.506 DEBUG      Layer 6: 2,2 / 2,5
2026-08-15 22:41:50.506 DEBUG  
2026-08-15 22:41:50.508 DEBUG    autoroute_item                          :    48917 ms total,      100 calls,    489 ms avg
2026-08-15 22:41:50.508 DEBUG  
2026-08-15 22:41:50.508 DEBUG  === Pass History ===
2026-08-15 22:41:50.508 DEBUG    Pass 1  :   11 unrouted items,   203,89 s,   100 ripup cost
2026-08-15 22:41:50.508 DEBUG    Pass 2  :   10 unrouted items,   154,19 s,   200 ripup cost
2026-08-15 22:41:50.508 DEBUG    Pass 3  :    7 unrouted items,   140,61 s,   300 ripup cost
2026-08-15 22:41:50.508 DEBUG  ===========================
2026-08-15 22:41:54.680 INFO   [CA5C18\DB14F9] Auto-routing stage completed: started with 19 unrouted nets, completed in 545.31 seconds, final score: 0.00 (7 unrouted and 304 violations), using 539.89 total CPU seconds, 692.32 GB total allocated, and 661.9 MB peak heap usage.
2026-08-15 22:41:54.683 DEBUG  [CA5C18\DB14F9] Before optimization: Via count: 151, trace length: 22412973
2026-08-15 22:41:58.821 INFO   [CA5C18\DB14F9] Optimization stage started on board '6bdd979fb9c1cee5f7addf46097dff69' with score 0.00 (7 unrouted and 304 violations).
2026-08-15 22:42:19.541 INFO   [CA5C18\DB14F9] Optimizer pass #1 on board '90846ff69fe3c6c85a5acea09d57ba93' was completed in 8.26 seconds with the score of 0.00 (7 unrouted and 304 violations).
2026-08-15 22:42:44.146 INFO   [CA5C18\DB14F9] Optimizer pass #2 on board '90846ff69fe3c6c85a5acea09d57ba93' was completed in 7.94 seconds with the score of 0.00 (7 unrouted and 304 violations).
2026-08-15 22:42:48.137 INFO   [CA5C18\DB14F9] Stopping optimizer because the improvement in this pass (0.0000%) is below the threshold (1.00%).
2026-08-15 22:42:52.216 INFO   [CA5C18\DB14F9] Optimization stage completed: started with score 0.00 (7 unrouted and 304 violations), completed in 49.32 seconds, final score: 0.00 (7 unrouted and 304 violations), using 48.64 total CPU seconds, 83.25 GB total allocated, and 385.4 MB peak heap usage.
2026-08-15 22:42:52.219 INFO   [CA5C18\DB14F9] Job 'CA5C18\DB14F9' finished with state: COMPLETED (elapsed: 10 minutes 7.08 seconds, finished at UTC: 2026-08-15T20:42:52.217166400Z).
