2026-08-15 21:22:17.457 INFO   Freerouting v2.3.0 (build-date: 2026-08-07)
2026-08-15 21:22:18.985 INFO   [BA4939\59D9E9] Loading board file 'pcb-hmd-carrier-board2-signals-only.dsn'...
2026-08-15 21:22:19.176 WARN   Wiring: via net '+3V3' not found at '+3V3'
2026-08-15 21:22:19.178 WARN   Wiring: via net '+3V3' not found at '+3V3'
2026-08-15 21:22:19.194 WARN   DSN file 'pcb-hmd-carrier-board2-signals-only.dsn' was loaded with 2 warning(s).
2026-08-15 21:22:19.235 INFO   [BA4939\59D9E9] Job 'BA4939\59D9E9' started at 2026-08-15T19:22:19.235542300Z.
2026-08-15 21:22:19.452 INFO   [BA4939\59D9E9] Auto-routing stage started on board '868246c6b4a11d7c97ccb1281b6fe68c' for 398 unrouted items.
2026-08-15 21:22:19.481 WARN   Wiring.write_wire_scope: net not found
2026-08-15 21:22:19.482 WARN   Wiring.write_wire_scope: net not found
2026-08-15 21:22:27.956 WARN   Wiring.write_wire_scope: net not found
2026-08-15 21:22:27.962 WARN   Wiring.write_wire_scope: net not found
2026-08-15 21:22:30.915 WARN   Wiring.write_wire_scope: net not found
2026-08-15 21:22:30.916 WARN   Wiring.write_wire_scope: net not found
2026-08-15 21:22:33.761 WARN   Wiring.write_wire_scope: net not found
2026-08-15 21:22:33.761 WARN   Wiring.write_wire_scope: net not found
2026-08-15 21:22:38.524 WARN   Wiring.write_wire_scope: net not found
2026-08-15 21:22:38.524 WARN   Wiring.write_wire_scope: net not found
2026-08-15 21:22:41.257 WARN   Wiring.write_wire_scope: net not found
2026-08-15 21:22:41.257 WARN   Wiring.write_wire_scope: net not found
2026-08-15 21:22:44.136 WARN   Wiring.write_wire_scope: net not found
2026-08-15 21:22:44.142 WARN   Wiring.write_wire_scope: net not found
2026-08-15 21:22:47.016 WARN   Wiring.write_wire_scope: net not found
2026-08-15 21:22:47.022 WARN   Wiring.write_wire_scope: net not found
2026-08-15 21:22:50.053 WARN   Wiring.write_wire_scope: net not found
2026-08-15 21:22:50.054 WARN   Wiring.write_wire_scope: net not found
2026-08-15 21:22:53.092 WARN   Wiring.write_wire_scope: net not found
2026-08-15 21:22:53.092 WARN   Wiring.write_wire_scope: net not found
2026-08-15 21:22:56.021 WARN   Wiring.write_wire_scope: net not found
2026-08-15 21:22:56.022 WARN   Wiring.write_wire_scope: net not found
2026-08-15 21:22:58.889 WARN   Wiring.write_wire_scope: net not found
2026-08-15 21:22:58.895 WARN   Wiring.write_wire_scope: net not found
2026-08-15 21:23:01.840 WARN   Wiring.write_wire_scope: net not found
2026-08-15 21:23:01.847 WARN   Wiring.write_wire_scope: net not found
2026-08-15 21:23:04.600 WARN   Wiring.write_wire_scope: net not found
2026-08-15 21:23:04.600 WARN   Wiring.write_wire_scope: net not found
2026-08-15 21:23:07.353 WARN   Wiring.write_wire_scope: net not found
2026-08-15 21:23:07.358 WARN   Wiring.write_wire_scope: net not found
2026-08-15 21:23:10.153 WARN   Wiring.write_wire_scope: net not found
2026-08-15 21:23:10.153 WARN   Wiring.write_wire_scope: net not found
2026-08-15 21:23:13.009 WARN   Wiring.write_wire_scope: net not found
2026-08-15 21:23:13.010 WARN   Wiring.write_wire_scope: net not found
2026-08-15 21:23:15.840 WARN   Wiring.write_wire_scope: net not found
2026-08-15 21:23:15.840 WARN   Wiring.write_wire_scope: net not found
2026-08-15 21:23:18.678 WARN   Wiring.write_wire_scope: net not found
2026-08-15 21:23:18.678 WARN   Wiring.write_wire_scope: net not found
2026-08-15 21:23:21.420 WARN   Wiring.write_wire_scope: net not found
2026-08-15 21:23:21.421 WARN   Wiring.write_wire_scope: net not found
2026-08-15 21:23:24.212 WARN   Wiring.write_wire_scope: net not found
2026-08-15 21:23:24.212 WARN   Wiring.write_wire_scope: net not found
2026-08-15 21:23:27.518 WARN   Wiring.write_wire_scope: net not found
2026-08-15 21:23:27.519 WARN   Wiring.write_wire_scope: net not found
2026-08-15 21:23:30.401 WARN   Wiring.write_wire_scope: net not found
2026-08-15 21:23:30.402 WARN   Wiring.write_wire_scope: net not found
2026-08-15 21:23:33.271 WARN   Wiring.write_wire_scope: net not found
2026-08-15 21:23:33.271 WARN   Wiring.write_wire_scope: net not found
2026-08-15 21:23:36.561 WARN   Wiring.write_wire_scope: net not found
2026-08-15 21:23:36.562 WARN   Wiring.write_wire_scope: net not found
2026-08-15 21:23:40.674 WARN   Wiring.write_wire_scope: net not found
2026-08-15 21:23:40.674 WARN   Wiring.write_wire_scope: net not found
2026-08-15 21:23:45.215 WARN   Wiring.write_wire_scope: net not found
2026-08-15 21:23:45.216 WARN   Wiring.write_wire_scope: net not found
2026-08-15 21:23:49.235 WARN   Wiring.write_wire_scope: net not found
2026-08-15 21:23:49.235 WARN   Wiring.write_wire_scope: net not found
2026-08-15 21:23:53.424 WARN   Wiring.write_wire_scope: net not found
2026-08-15 21:23:53.424 WARN   Wiring.write_wire_scope: net not found
2026-08-15 21:23:57.569 WARN   Wiring.write_wire_scope: net not found
2026-08-15 21:23:57.569 WARN   Wiring.write_wire_scope: net not found
2026-08-15 21:24:01.610 WARN   Wiring.write_wire_scope: net not found
2026-08-15 21:24:01.611 WARN   Wiring.write_wire_scope: net not found
2026-08-15 21:24:05.626 WARN   Wiring.write_wire_scope: net not found
2026-08-15 21:24:05.627 WARN   Wiring.write_wire_scope: net not found
2026-08-15 21:24:09.729 WARN   Wiring.write_wire_scope: net not found
2026-08-15 21:24:09.730 WARN   Wiring.write_wire_scope: net not found
2026-08-15 21:24:14.653 WARN   Wiring.write_wire_scope: net not found
2026-08-15 21:24:14.654 WARN   Wiring.write_wire_scope: net not found
2026-08-15 21:24:19.999 WARN   Wiring.write_wire_scope: net not found
2026-08-15 21:24:19.999 WARN   Wiring.write_wire_scope: net not found
2026-08-15 21:24:25.337 WARN   Wiring.write_wire_scope: net not found
2026-08-15 21:24:25.337 WARN   Wiring.write_wire_scope: net not found
2026-08-15 21:24:29.082 WARN   Wiring.write_wire_scope: net not found
2026-08-15 21:24:29.083 WARN   Wiring.write_wire_scope: net not found
2026-08-15 21:24:33.328 WARN   Wiring.write_wire_scope: net not found
2026-08-15 21:24:33.329 WARN   Wiring.write_wire_scope: net not found
2026-08-15 21:24:37.388 WARN   Wiring.write_wire_scope: net not found
2026-08-15 21:24:37.389 WARN   Wiring.write_wire_scope: net not found
2026-08-15 21:24:41.766 WARN   Wiring.write_wire_scope: net not found
2026-08-15 21:24:41.767 WARN   Wiring.write_wire_scope: net not found
2026-08-15 21:24:45.867 WARN   Wiring.write_wire_scope: net not found
2026-08-15 21:24:45.867 WARN   Wiring.write_wire_scope: net not found
2026-08-15 21:24:50.072 WARN   Wiring.write_wire_scope: net not found
2026-08-15 21:24:50.073 WARN   Wiring.write_wire_scope: net not found
2026-08-15 21:24:54.753 WARN   Wiring.write_wire_scope: net not found
2026-08-15 21:24:54.754 WARN   Wiring.write_wire_scope: net not found
2026-08-15 21:24:58.977 WARN   Wiring.write_wire_scope: net not found
2026-08-15 21:24:58.977 WARN   Wiring.write_wire_scope: net not found
2026-08-15 21:25:03.476 WARN   Wiring.write_wire_scope: net not found
2026-08-15 21:25:03.477 WARN   Wiring.write_wire_scope: net not found
2026-08-15 21:25:07.750 WARN   Wiring.write_wire_scope: net not found
2026-08-15 21:25:07.750 WARN   Wiring.write_wire_scope: net not found
2026-08-15 21:25:12.012 WARN   Wiring.write_wire_scope: net not found
2026-08-15 21:25:12.013 WARN   Wiring.write_wire_scope: net not found
2026-08-15 21:25:16.362 WARN   Wiring.write_wire_scope: net not found
2026-08-15 21:25:16.362 WARN   Wiring.write_wire_scope: net not found
2026-08-15 21:25:20.537 WARN   Wiring.write_wire_scope: net not found
2026-08-15 21:25:20.537 WARN   Wiring.write_wire_scope: net not found
2026-08-15 21:25:24.693 WARN   Wiring.write_wire_scope: net not found
2026-08-15 21:25:24.693 WARN   Wiring.write_wire_scope: net not found
2026-08-15 21:25:28.978 WARN   Wiring.write_wire_scope: net not found
2026-08-15 21:25:28.979 WARN   Wiring.write_wire_scope: net not found
2026-08-15 21:25:32.905 WARN   Wiring.write_wire_scope: net not found
2026-08-15 21:25:32.910 WARN   Wiring.write_wire_scope: net not found
2026-08-15 21:25:36.956 WARN   Wiring.write_wire_scope: net not found
2026-08-15 21:25:36.956 WARN   Wiring.write_wire_scope: net not found
2026-08-15 21:25:40.984 WARN   Wiring.write_wire_scope: net not found
2026-08-15 21:25:40.984 WARN   Wiring.write_wire_scope: net not found
2026-08-15 21:25:44.790 WARN   Wiring.write_wire_scope: net not found
2026-08-15 21:25:44.790 WARN   Wiring.write_wire_scope: net not found
2026-08-15 21:25:48.860 WARN   Wiring.write_wire_scope: net not found
2026-08-15 21:25:48.860 WARN   Wiring.write_wire_scope: net not found
2026-08-15 21:25:52.827 WARN   Wiring.write_wire_scope: net not found
2026-08-15 21:25:52.828 WARN   Wiring.write_wire_scope: net not found
2026-08-15 21:25:56.852 WARN   Wiring.write_wire_scope: net not found
2026-08-15 21:25:56.853 WARN   Wiring.write_wire_scope: net not found
2026-08-15 21:26:00.821 WARN   Wiring.write_wire_scope: net not found
2026-08-15 21:26:00.822 WARN   Wiring.write_wire_scope: net not found
2026-08-15 21:26:04.803 WARN   Wiring.write_wire_scope: net not found
2026-08-15 21:26:04.804 WARN   Wiring.write_wire_scope: net not found
2026-08-15 21:26:08.803 WARN   Wiring.write_wire_scope: net not found
2026-08-15 21:26:08.803 WARN   Wiring.write_wire_scope: net not found
2026-08-15 21:26:12.739 WARN   Wiring.write_wire_scope: net not found
2026-08-15 21:26:12.740 WARN   Wiring.write_wire_scope: net not found
2026-08-15 21:26:16.811 WARN   Wiring.write_wire_scope: net not found
2026-08-15 21:26:16.811 WARN   Wiring.write_wire_scope: net not found
2026-08-15 21:26:21.480 WARN   Wiring.write_wire_scope: net not found
2026-08-15 21:26:21.481 WARN   Wiring.write_wire_scope: net not found
2026-08-15 21:26:26.586 WARN   Wiring.write_wire_scope: net not found
2026-08-15 21:26:26.586 WARN   Wiring.write_wire_scope: net not found
2026-08-15 21:26:30.820 WARN   Wiring.write_wire_scope: net not found
2026-08-15 21:26:30.821 WARN   Wiring.write_wire_scope: net not found
2026-08-15 21:26:34.852 WARN   Wiring.write_wire_scope: net not found
2026-08-15 21:26:34.857 WARN   Wiring.write_wire_scope: net not found
2026-08-15 21:26:38.949 WARN   Wiring.write_wire_scope: net not found
2026-08-15 21:26:38.950 WARN   Wiring.write_wire_scope: net not found
2026-08-15 21:26:42.920 WARN   Wiring.write_wire_scope: net not found
2026-08-15 21:26:42.921 WARN   Wiring.write_wire_scope: net not found
2026-08-15 21:26:46.772 WARN   Wiring.write_wire_scope: net not found
2026-08-15 21:26:46.773 WARN   Wiring.write_wire_scope: net not found
2026-08-15 21:26:50.706 WARN   Wiring.write_wire_scope: net not found
2026-08-15 21:26:50.711 WARN   Wiring.write_wire_scope: net not found
2026-08-15 21:26:54.823 WARN   Wiring.write_wire_scope: net not found
2026-08-15 21:26:54.824 WARN   Wiring.write_wire_scope: net not found
2026-08-15 21:26:58.774 WARN   Wiring.write_wire_scope: net not found
2026-08-15 21:26:58.774 WARN   Wiring.write_wire_scope: net not found
2026-08-15 21:27:02.984 WARN   Wiring.write_wire_scope: net not found
2026-08-15 21:27:02.985 WARN   Wiring.write_wire_scope: net not found
2026-08-15 21:27:06.989 WARN   Wiring.write_wire_scope: net not found
2026-08-15 21:27:06.991 WARN   Wiring.write_wire_scope: net not found
2026-08-15 21:27:11.340 WARN   Wiring.write_wire_scope: net not found
2026-08-15 21:27:11.340 WARN   Wiring.write_wire_scope: net not found
2026-08-15 21:27:15.407 WARN   Wiring.write_wire_scope: net not found
2026-08-15 21:27:15.408 WARN   Wiring.write_wire_scope: net not found
2026-08-15 21:27:19.350 WARN   Wiring.write_wire_scope: net not found
2026-08-15 21:27:19.352 WARN   Wiring.write_wire_scope: net not found
2026-08-15 21:27:23.656 WARN   Wiring.write_wire_scope: net not found
2026-08-15 21:27:23.656 WARN   Wiring.write_wire_scope: net not found
2026-08-15 21:27:27.883 WARN   Wiring.write_wire_scope: net not found
2026-08-15 21:27:27.884 WARN   Wiring.write_wire_scope: net not found
2026-08-15 21:27:32.055 WARN   Wiring.write_wire_scope: net not found
2026-08-15 21:27:32.055 WARN   Wiring.write_wire_scope: net not found
2026-08-15 21:27:35.996 WARN   Wiring.write_wire_scope: net not found
2026-08-15 21:27:35.996 WARN   Wiring.write_wire_scope: net not found
2026-08-15 21:27:40.206 WARN   Wiring.write_wire_scope: net not found
2026-08-15 21:27:40.211 WARN   Wiring.write_wire_scope: net not found
2026-08-15 21:27:44.507 WARN   Wiring.write_wire_scope: net not found
2026-08-15 21:27:44.507 WARN   Wiring.write_wire_scope: net not found
2026-08-15 21:27:48.689 WARN   Wiring.write_wire_scope: net not found
2026-08-15 21:27:48.689 WARN   Wiring.write_wire_scope: net not found
2026-08-15 21:27:52.856 WARN   Wiring.write_wire_scope: net not found
2026-08-15 21:27:52.856 WARN   Wiring.write_wire_scope: net not found
2026-08-15 21:27:56.866 WARN   Wiring.write_wire_scope: net not found
2026-08-15 21:27:56.872 WARN   Wiring.write_wire_scope: net not found
2026-08-15 21:28:00.943 WARN   Wiring.write_wire_scope: net not found
2026-08-15 21:28:00.944 WARN   Wiring.write_wire_scope: net not found
2026-08-15 21:28:05.262 WARN   Wiring.write_wire_scope: net not found
2026-08-15 21:28:05.263 WARN   Wiring.write_wire_scope: net not found
2026-08-15 21:28:09.302 WARN   Wiring.write_wire_scope: net not found
2026-08-15 21:28:09.302 WARN   Wiring.write_wire_scope: net not found
2026-08-15 21:28:13.328 WARN   Wiring.write_wire_scope: net not found
2026-08-15 21:28:13.329 WARN   Wiring.write_wire_scope: net not found
2026-08-15 21:28:19.792 WARN   Wiring.write_wire_scope: net not found
2026-08-15 21:28:19.793 WARN   Wiring.write_wire_scope: net not found
2026-08-15 21:28:23.716 WARN   Wiring.write_wire_scope: net not found
2026-08-15 21:28:23.717 WARN   Wiring.write_wire_scope: net not found
2026-08-15 21:28:27.894 WARN   Wiring.write_wire_scope: net not found
2026-08-15 21:28:27.894 WARN   Wiring.write_wire_scope: net not found
2026-08-15 21:28:32.242 WARN   Wiring.write_wire_scope: net not found
2026-08-15 21:28:32.243 WARN   Wiring.write_wire_scope: net not found
2026-08-15 21:28:36.380 WARN   Wiring.write_wire_scope: net not found
2026-08-15 21:28:36.380 WARN   Wiring.write_wire_scope: net not found
2026-08-15 21:28:40.644 WARN   Wiring.write_wire_scope: net not found
2026-08-15 21:28:40.645 WARN   Wiring.write_wire_scope: net not found
2026-08-15 21:28:44.779 WARN   Wiring.write_wire_scope: net not found
2026-08-15 21:28:44.780 WARN   Wiring.write_wire_scope: net not found
2026-08-15 21:28:49.010 WARN   Wiring.write_wire_scope: net not found
2026-08-15 21:28:49.010 WARN   Wiring.write_wire_scope: net not found
2026-08-15 21:28:53.196 WARN   Wiring.write_wire_scope: net not found
2026-08-15 21:28:53.197 WARN   Wiring.write_wire_scope: net not found
2026-08-15 21:28:57.268 WARN   Wiring.write_wire_scope: net not found
2026-08-15 21:28:57.268 WARN   Wiring.write_wire_scope: net not found
2026-08-15 21:29:01.387 WARN   Wiring.write_wire_scope: net not found
2026-08-15 21:29:01.389 WARN   Wiring.write_wire_scope: net not found
2026-08-15 21:29:05.721 WARN   Wiring.write_wire_scope: net not found
2026-08-15 21:29:05.721 WARN   Wiring.write_wire_scope: net not found
2026-08-15 21:29:09.836 WARN   Wiring.write_wire_scope: net not found
2026-08-15 21:29:09.836 WARN   Wiring.write_wire_scope: net not found
2026-08-15 21:29:14.024 WARN   Wiring.write_wire_scope: net not found
2026-08-15 21:29:14.030 WARN   Wiring.write_wire_scope: net not found
2026-08-15 21:29:18.116 WARN   Wiring.write_wire_scope: net not found
2026-08-15 21:29:18.116 WARN   Wiring.write_wire_scope: net not found
2026-08-15 21:29:22.760 WARN   Wiring.write_wire_scope: net not found
2026-08-15 21:29:22.760 WARN   Wiring.write_wire_scope: net not found
2026-08-15 21:29:27.793 WARN   Wiring.write_wire_scope: net not found
2026-08-15 21:29:27.793 WARN   Wiring.write_wire_scope: net not found
2026-08-15 21:29:32.392 WARN   Wiring.write_wire_scope: net not found
2026-08-15 21:29:32.393 WARN   Wiring.write_wire_scope: net not found
2026-08-15 21:29:36.849 WARN   Wiring.write_wire_scope: net not found
2026-08-15 21:29:36.849 WARN   Wiring.write_wire_scope: net not found
2026-08-15 21:29:41.289 WARN   Wiring.write_wire_scope: net not found
2026-08-15 21:29:41.289 WARN   Wiring.write_wire_scope: net not found
2026-08-15 21:29:46.929 WARN   Wiring.write_wire_scope: net not found
2026-08-15 21:29:46.929 WARN   Wiring.write_wire_scope: net not found
2026-08-15 21:29:51.659 WARN   Wiring.write_wire_scope: net not found
2026-08-15 21:29:51.660 WARN   Wiring.write_wire_scope: net not found
2026-08-15 21:29:56.036 WARN   Wiring.write_wire_scope: net not found
2026-08-15 21:29:56.036 WARN   Wiring.write_wire_scope: net not found
2026-08-15 21:30:01.655 WARN   Wiring.write_wire_scope: net not found
2026-08-15 21:30:01.656 WARN   Wiring.write_wire_scope: net not found
2026-08-15 21:30:06.423 WARN   Wiring.write_wire_scope: net not found
2026-08-15 21:30:06.423 WARN   Wiring.write_wire_scope: net not found
2026-08-15 21:30:11.958 WARN   Wiring.write_wire_scope: net not found
2026-08-15 21:30:11.959 WARN   Wiring.write_wire_scope: net not found
2026-08-15 21:30:18.027 WARN   Wiring.write_wire_scope: net not found
2026-08-15 21:30:18.027 WARN   Wiring.write_wire_scope: net not found
2026-08-15 21:30:23.020 WARN   Wiring.write_wire_scope: net not found
2026-08-15 21:30:23.021 WARN   Wiring.write_wire_scope: net not found
2026-08-15 21:30:27.734 WARN   Wiring.write_wire_scope: net not found
2026-08-15 21:30:27.735 WARN   Wiring.write_wire_scope: net not found
2026-08-15 21:30:32.127 WARN   Wiring.write_wire_scope: net not found
2026-08-15 21:30:32.127 WARN   Wiring.write_wire_scope: net not found
2026-08-15 21:30:37.383 WARN   Wiring.write_wire_scope: net not found
2026-08-15 21:30:37.384 WARN   Wiring.write_wire_scope: net not found
2026-08-15 21:30:42.253 WARN   Wiring.write_wire_scope: net not found
2026-08-15 21:30:42.254 WARN   Wiring.write_wire_scope: net not found
2026-08-15 21:30:47.204 WARN   Wiring.write_wire_scope: net not found
2026-08-15 21:30:47.205 WARN   Wiring.write_wire_scope: net not found
2026-08-15 21:30:51.844 WARN   Wiring.write_wire_scope: net not found
2026-08-15 21:30:51.844 WARN   Wiring.write_wire_scope: net not found
2026-08-15 21:30:56.581 WARN   Wiring.write_wire_scope: net not found
2026-08-15 21:30:56.581 WARN   Wiring.write_wire_scope: net not found
2026-08-15 21:31:00.556 WARN   Wiring.write_wire_scope: net not found
2026-08-15 21:31:00.558 WARN   Wiring.write_wire_scope: net not found
2026-08-15 21:31:04.689 WARN   Wiring.write_wire_scope: net not found
2026-08-15 21:31:04.694 WARN   Wiring.write_wire_scope: net not found
2026-08-15 21:31:08.738 WARN   Wiring.write_wire_scope: net not found
2026-08-15 21:31:08.738 WARN   Wiring.write_wire_scope: net not found
2026-08-15 21:31:13.654 WARN   Wiring.write_wire_scope: net not found
2026-08-15 21:31:13.655 WARN   Wiring.write_wire_scope: net not found
2026-08-15 21:31:17.781 WARN   Wiring.write_wire_scope: net not found
2026-08-15 21:31:17.781 WARN   Wiring.write_wire_scope: net not found
2026-08-15 21:31:21.933 WARN   Wiring.write_wire_scope: net not found
2026-08-15 21:31:21.933 WARN   Wiring.write_wire_scope: net not found
2026-08-15 21:31:32.522 WARN   Wiring.write_wire_scope: net not found
2026-08-15 21:31:32.523 WARN   Wiring.write_wire_scope: net not found
2026-08-15 21:31:43.266 WARN   Wiring.write_wire_scope: net not found
2026-08-15 21:31:43.266 WARN   Wiring.write_wire_scope: net not found
2026-08-15 21:31:47.600 WARN   Wiring.write_wire_scope: net not found
2026-08-15 21:31:47.601 WARN   Wiring.write_wire_scope: net not found
2026-08-15 21:31:51.527 WARN   Wiring.write_wire_scope: net not found
2026-08-15 21:31:51.528 WARN   Wiring.write_wire_scope: net not found
2026-08-15 21:32:07.107 WARN   Wiring.write_wire_scope: net not found
2026-08-15 21:32:07.107 WARN   Wiring.write_wire_scope: net not found
2026-08-15 21:32:21.996 WARN   Wiring.write_wire_scope: net not found
2026-08-15 21:32:22.001 WARN   Wiring.write_wire_scope: net not found
2026-08-15 21:32:26.856 WARN   Wiring.write_wire_scope: net not found
2026-08-15 21:32:26.856 WARN   Wiring.write_wire_scope: net not found
2026-08-15 21:32:30.954 WARN   Wiring.write_wire_scope: net not found
2026-08-15 21:32:30.955 WARN   Wiring.write_wire_scope: net not found
2026-08-15 21:32:35.770 WARN   Wiring.write_wire_scope: net not found
2026-08-15 21:32:35.771 WARN   Wiring.write_wire_scope: net not found
2026-08-15 21:32:39.771 WARN   Wiring.write_wire_scope: net not found
2026-08-15 21:32:39.771 WARN   Wiring.write_wire_scope: net not found
2026-08-15 21:32:43.811 WARN   Wiring.write_wire_scope: net not found
2026-08-15 21:32:43.824 WARN   Wiring.write_wire_scope: net not found
2026-08-15 21:32:47.683 WARN   Wiring.write_wire_scope: net not found
2026-08-15 21:32:47.683 WARN   Wiring.write_wire_scope: net not found
2026-08-15 21:32:51.782 WARN   Wiring.write_wire_scope: net not found
2026-08-15 21:32:51.782 WARN   Wiring.write_wire_scope: net not found
2026-08-15 21:32:55.782 WARN   Wiring.write_wire_scope: net not found
2026-08-15 21:32:55.782 WARN   Wiring.write_wire_scope: net not found
2026-08-15 21:32:59.874 WARN   Wiring.write_wire_scope: net not found
2026-08-15 21:32:59.874 WARN   Wiring.write_wire_scope: net not found
2026-08-15 21:33:03.885 WARN   Wiring.write_wire_scope: net not found
2026-08-15 21:33:03.886 WARN   Wiring.write_wire_scope: net not found
2026-08-15 21:33:07.841 WARN   Wiring.write_wire_scope: net not found
2026-08-15 21:33:07.841 WARN   Wiring.write_wire_scope: net not found
2026-08-15 21:33:12.145 WARN   Wiring.write_wire_scope: net not found
2026-08-15 21:33:12.146 WARN   Wiring.write_wire_scope: net not found
2026-08-15 21:33:16.417 WARN   Wiring.write_wire_scope: net not found
2026-08-15 21:33:16.418 WARN   Wiring.write_wire_scope: net not found
2026-08-15 21:33:20.401 WARN   Wiring.write_wire_scope: net not found
2026-08-15 21:33:20.401 WARN   Wiring.write_wire_scope: net not found
2026-08-15 21:33:24.389 WARN   Wiring.write_wire_scope: net not found
2026-08-15 21:33:24.390 WARN   Wiring.write_wire_scope: net not found
2026-08-15 21:33:28.953 WARN   Wiring.write_wire_scope: net not found
2026-08-15 21:33:28.953 WARN   Wiring.write_wire_scope: net not found
2026-08-15 21:33:33.766 WARN   Wiring.write_wire_scope: net not found
2026-08-15 21:33:33.767 WARN   Wiring.write_wire_scope: net not found
2026-08-15 21:33:37.711 WARN   Wiring.write_wire_scope: net not found
2026-08-15 21:33:37.712 WARN   Wiring.write_wire_scope: net not found
2026-08-15 21:33:42.087 WARN   Wiring.write_wire_scope: net not found
2026-08-15 21:33:42.087 WARN   Wiring.write_wire_scope: net not found
2026-08-15 21:33:45.943 WARN   Wiring.write_wire_scope: net not found
2026-08-15 21:33:45.943 WARN   Wiring.write_wire_scope: net not found
2026-08-15 21:33:50.058 WARN   Wiring.write_wire_scope: net not found
2026-08-15 21:33:50.059 WARN   Wiring.write_wire_scope: net not found
2026-08-15 21:33:53.987 WARN   Wiring.write_wire_scope: net not found
2026-08-15 21:33:53.987 WARN   Wiring.write_wire_scope: net not found
2026-08-15 21:33:58.356 WARN   Wiring.write_wire_scope: net not found
2026-08-15 21:33:58.357 WARN   Wiring.write_wire_scope: net not found
2026-08-15 21:34:02.282 WARN   Wiring.write_wire_scope: net not found
2026-08-15 21:34:02.283 WARN   Wiring.write_wire_scope: net not found
2026-08-15 21:34:06.270 WARN   Wiring.write_wire_scope: net not found
2026-08-15 21:34:06.270 WARN   Wiring.write_wire_scope: net not found
2026-08-15 21:34:10.460 WARN   Wiring.write_wire_scope: net not found
2026-08-15 21:34:10.461 WARN   Wiring.write_wire_scope: net not found
2026-08-15 21:34:14.569 WARN   Wiring.write_wire_scope: net not found
2026-08-15 21:34:14.570 WARN   Wiring.write_wire_scope: net not found
2026-08-15 21:34:18.516 WARN   Wiring.write_wire_scope: net not found
2026-08-15 21:34:18.517 WARN   Wiring.write_wire_scope: net not found
2026-08-15 21:34:22.938 WARN   Wiring.write_wire_scope: net not found
2026-08-15 21:34:22.940 WARN   Wiring.write_wire_scope: net not found
2026-08-15 21:34:27.001 WARN   Wiring.write_wire_scope: net not found
2026-08-15 21:34:27.001 WARN   Wiring.write_wire_scope: net not found
2026-08-15 21:34:31.009 WARN   Wiring.write_wire_scope: net not found
2026-08-15 21:34:31.009 WARN   Wiring.write_wire_scope: net not found
2026-08-15 21:34:35.489 WARN   Wiring.write_wire_scope: net not found
2026-08-15 21:34:35.495 WARN   Wiring.write_wire_scope: net not found
2026-08-15 21:34:39.537 WARN   Wiring.write_wire_scope: net not found
2026-08-15 21:34:39.537 WARN   Wiring.write_wire_scope: net not found
2026-08-15 21:34:43.562 WARN   Wiring.write_wire_scope: net not found
2026-08-15 21:34:43.563 WARN   Wiring.write_wire_scope: net not found
2026-08-15 21:34:47.773 WARN   Wiring.write_wire_scope: net not found
2026-08-15 21:34:47.773 WARN   Wiring.write_wire_scope: net not found
2026-08-15 21:34:51.934 WARN   Wiring.write_wire_scope: net not found
2026-08-15 21:34:51.934 WARN   Wiring.write_wire_scope: net not found
2026-08-15 21:34:56.038 WARN   Wiring.write_wire_scope: net not found
2026-08-15 21:34:56.039 WARN   Wiring.write_wire_scope: net not found
2026-08-15 21:35:01.289 WARN   Wiring.write_wire_scope: net not found
2026-08-15 21:35:01.290 WARN   Wiring.write_wire_scope: net not found
2026-08-15 21:35:05.272 WARN   Wiring.write_wire_scope: net not found
2026-08-15 21:35:05.273 WARN   Wiring.write_wire_scope: net not found
2026-08-15 21:35:09.445 WARN   Wiring.write_wire_scope: net not found
2026-08-15 21:35:09.445 WARN   Wiring.write_wire_scope: net not found
2026-08-15 21:35:13.314 WARN   Wiring.write_wire_scope: net not found
2026-08-15 21:35:13.314 WARN   Wiring.write_wire_scope: net not found
2026-08-15 21:35:17.414 WARN   Wiring.write_wire_scope: net not found
2026-08-15 21:35:17.420 WARN   Wiring.write_wire_scope: net not found
2026-08-15 21:35:21.968 WARN   Wiring.write_wire_scope: net not found
2026-08-15 21:35:21.969 WARN   Wiring.write_wire_scope: net not found
2026-08-15 21:35:25.968 WARN   Wiring.write_wire_scope: net not found
2026-08-15 21:35:25.968 WARN   Wiring.write_wire_scope: net not found
2026-08-15 21:35:29.852 WARN   Wiring.write_wire_scope: net not found
2026-08-15 21:35:29.852 WARN   Wiring.write_wire_scope: net not found
2026-08-15 21:35:34.258 WARN   Wiring.write_wire_scope: net not found
2026-08-15 21:35:34.258 WARN   Wiring.write_wire_scope: net not found
2026-08-15 21:35:38.611 WARN   Wiring.write_wire_scope: net not found
2026-08-15 21:35:38.616 WARN   Wiring.write_wire_scope: net not found
2026-08-15 21:35:42.699 WARN   Wiring.write_wire_scope: net not found
2026-08-15 21:35:42.700 WARN   Wiring.write_wire_scope: net not found
2026-08-15 21:35:47.108 WARN   Wiring.write_wire_scope: net not found
2026-08-15 21:35:47.109 WARN   Wiring.write_wire_scope: net not found
2026-08-15 21:35:51.269 WARN   Wiring.write_wire_scope: net not found
2026-08-15 21:35:51.269 WARN   Wiring.write_wire_scope: net not found
2026-08-15 21:35:55.322 WARN   Wiring.write_wire_scope: net not found
2026-08-15 21:35:55.323 WARN   Wiring.write_wire_scope: net not found
2026-08-15 21:35:59.636 WARN   Wiring.write_wire_scope: net not found
2026-08-15 21:35:59.642 WARN   Wiring.write_wire_scope: net not found
2026-08-15 21:36:03.700 WARN   Wiring.write_wire_scope: net not found
2026-08-15 21:36:03.701 WARN   Wiring.write_wire_scope: net not found
2026-08-15 21:36:07.937 WARN   Wiring.write_wire_scope: net not found
2026-08-15 21:36:07.937 WARN   Wiring.write_wire_scope: net not found
2026-08-15 21:36:12.061 WARN   Wiring.write_wire_scope: net not found
2026-08-15 21:36:12.061 WARN   Wiring.write_wire_scope: net not found
2026-08-15 21:36:16.387 WARN   Wiring.write_wire_scope: net not found
2026-08-15 21:36:16.388 WARN   Wiring.write_wire_scope: net not found
2026-08-15 21:36:20.677 WARN   Wiring.write_wire_scope: net not found
2026-08-15 21:36:20.678 WARN   Wiring.write_wire_scope: net not found
2026-08-15 21:36:24.738 WARN   Wiring.write_wire_scope: net not found
2026-08-15 21:36:24.738 WARN   Wiring.write_wire_scope: net not found
2026-08-15 21:36:28.996 WARN   Wiring.write_wire_scope: net not found
2026-08-15 21:36:28.996 WARN   Wiring.write_wire_scope: net not found
2026-08-15 21:36:33.269 WARN   Wiring.write_wire_scope: net not found
2026-08-15 21:36:33.269 WARN   Wiring.write_wire_scope: net not found
2026-08-15 21:36:37.632 WARN   Wiring.write_wire_scope: net not found
2026-08-15 21:36:37.633 WARN   Wiring.write_wire_scope: net not found
2026-08-15 21:36:41.916 WARN   Wiring.write_wire_scope: net not found
2026-08-15 21:36:41.916 WARN   Wiring.write_wire_scope: net not found
2026-08-15 21:36:46.130 WARN   Wiring.write_wire_scope: net not found
2026-08-15 21:36:46.130 WARN   Wiring.write_wire_scope: net not found
2026-08-15 21:36:50.265 WARN   Wiring.write_wire_scope: net not found
2026-08-15 21:36:50.271 WARN   Wiring.write_wire_scope: net not found
2026-08-15 21:36:54.549 WARN   Wiring.write_wire_scope: net not found
2026-08-15 21:36:54.549 WARN   Wiring.write_wire_scope: net not found
2026-08-15 21:36:58.863 WARN   Wiring.write_wire_scope: net not found
2026-08-15 21:36:58.863 WARN   Wiring.write_wire_scope: net not found
2026-08-15 21:37:03.095 WARN   Wiring.write_wire_scope: net not found
2026-08-15 21:37:03.096 WARN   Wiring.write_wire_scope: net not found
2026-08-15 21:37:07.374 WARN   Wiring.write_wire_scope: net not found
2026-08-15 21:37:07.375 WARN   Wiring.write_wire_scope: net not found
2026-08-15 21:37:11.639 WARN   Wiring.write_wire_scope: net not found
2026-08-15 21:37:11.640 WARN   Wiring.write_wire_scope: net not found
2026-08-15 21:37:15.866 WARN   Wiring.write_wire_scope: net not found
2026-08-15 21:37:15.866 WARN   Wiring.write_wire_scope: net not found
2026-08-15 21:37:19.990 WARN   Wiring.write_wire_scope: net not found
2026-08-15 21:37:19.996 WARN   Wiring.write_wire_scope: net not found
2026-08-15 21:37:24.503 WARN   Wiring.write_wire_scope: net not found
2026-08-15 21:37:24.505 WARN   Wiring.write_wire_scope: net not found
2026-08-15 21:37:28.647 WARN   Wiring.write_wire_scope: net not found
2026-08-15 21:37:28.648 WARN   Wiring.write_wire_scope: net not found
2026-08-15 21:37:33.329 WARN   Wiring.write_wire_scope: net not found
2026-08-15 21:37:33.329 WARN   Wiring.write_wire_scope: net not found
2026-08-15 21:37:37.669 WARN   Wiring.write_wire_scope: net not found
2026-08-15 21:37:37.669 WARN   Wiring.write_wire_scope: net not found
2026-08-15 21:37:42.116 WARN   Wiring.write_wire_scope: net not found
2026-08-15 21:37:42.116 WARN   Wiring.write_wire_scope: net not found
2026-08-15 21:37:46.395 WARN   Wiring.write_wire_scope: net not found
2026-08-15 21:37:46.395 WARN   Wiring.write_wire_scope: net not found
2026-08-15 21:37:50.748 WARN   Wiring.write_wire_scope: net not found
2026-08-15 21:37:50.748 WARN   Wiring.write_wire_scope: net not found
2026-08-15 21:37:55.142 WARN   Wiring.write_wire_scope: net not found
2026-08-15 21:37:55.142 WARN   Wiring.write_wire_scope: net not found
2026-08-15 21:37:59.265 WARN   Wiring.write_wire_scope: net not found
2026-08-15 21:37:59.266 WARN   Wiring.write_wire_scope: net not found
2026-08-15 21:38:03.491 WARN   Wiring.write_wire_scope: net not found
2026-08-15 21:38:03.492 WARN   Wiring.write_wire_scope: net not found
2026-08-15 21:38:07.683 WARN   Wiring.write_wire_scope: net not found
2026-08-15 21:38:07.683 WARN   Wiring.write_wire_scope: net not found
2026-08-15 21:38:11.936 WARN   Wiring.write_wire_scope: net not found
2026-08-15 21:38:11.947 WARN   Wiring.write_wire_scope: net not found
2026-08-15 21:38:16.368 WARN   Wiring.write_wire_scope: net not found
2026-08-15 21:38:16.369 WARN   Wiring.write_wire_scope: net not found
2026-08-15 21:38:21.649 WARN   Wiring.write_wire_scope: net not found
2026-08-15 21:38:21.650 WARN   Wiring.write_wire_scope: net not found
2026-08-15 21:38:26.962 WARN   Wiring.write_wire_scope: net not found
2026-08-15 21:38:26.968 WARN   Wiring.write_wire_scope: net not found
2026-08-15 21:38:31.220 WARN   Wiring.write_wire_scope: net not found
2026-08-15 21:38:31.220 WARN   Wiring.write_wire_scope: net not found
2026-08-15 21:38:35.329 WARN   Wiring.write_wire_scope: net not found
2026-08-15 21:38:35.332 WARN   Wiring.write_wire_scope: net not found
2026-08-15 21:38:39.363 WARN   Wiring.write_wire_scope: net not found
2026-08-15 21:38:39.368 WARN   Wiring.write_wire_scope: net not found
2026-08-15 21:38:43.383 WARN   Wiring.write_wire_scope: net not found
2026-08-15 21:38:43.384 WARN   Wiring.write_wire_scope: net not found
2026-08-15 21:38:47.376 WARN   Wiring.write_wire_scope: net not found
2026-08-15 21:38:47.376 WARN   Wiring.write_wire_scope: net not found
2026-08-15 21:38:51.405 WARN   Wiring.write_wire_scope: net not found
2026-08-15 21:38:51.405 WARN   Wiring.write_wire_scope: net not found
2026-08-15 21:38:55.589 WARN   Wiring.write_wire_scope: net not found
2026-08-15 21:38:55.594 WARN   Wiring.write_wire_scope: net not found
2026-08-15 21:38:59.947 WARN   Wiring.write_wire_scope: net not found
2026-08-15 21:38:59.953 WARN   Wiring.write_wire_scope: net not found
2026-08-15 21:39:04.026 WARN   Wiring.write_wire_scope: net not found
2026-08-15 21:39:04.027 WARN   Wiring.write_wire_scope: net not found
2026-08-15 21:39:08.217 WARN   Wiring.write_wire_scope: net not found
2026-08-15 21:39:08.217 WARN   Wiring.write_wire_scope: net not found
2026-08-15 21:39:12.463 WARN   Wiring.write_wire_scope: net not found
2026-08-15 21:39:12.464 WARN   Wiring.write_wire_scope: net not found
2026-08-15 21:39:16.860 WARN   Wiring.write_wire_scope: net not found
2026-08-15 21:39:16.860 WARN   Wiring.write_wire_scope: net not found
2026-08-15 21:39:21.604 WARN   Wiring.write_wire_scope: net not found
2026-08-15 21:39:21.605 WARN   Wiring.write_wire_scope: net not found
2026-08-15 21:39:25.951 WARN   Wiring.write_wire_scope: net not found
2026-08-15 21:39:25.952 WARN   Wiring.write_wire_scope: net not found
2026-08-15 21:39:30.047 WARN   Wiring.write_wire_scope: net not found
2026-08-15 21:39:30.047 WARN   Wiring.write_wire_scope: net not found
2026-08-15 21:39:34.799 WARN   Wiring.write_wire_scope: net not found
2026-08-15 21:39:34.799 WARN   Wiring.write_wire_scope: net not found
2026-08-15 21:39:38.914 WARN   Wiring.write_wire_scope: net not found
2026-08-15 21:39:38.915 WARN   Wiring.write_wire_scope: net not found
2026-08-15 21:39:42.954 WARN   Wiring.write_wire_scope: net not found
2026-08-15 21:39:42.954 WARN   Wiring.write_wire_scope: net not found
2026-08-15 21:39:47.386 WARN   Wiring.write_wire_scope: net not found
2026-08-15 21:39:47.387 WARN   Wiring.write_wire_scope: net not found
2026-08-15 21:39:53.535 WARN   Wiring.write_wire_scope: net not found
2026-08-15 21:39:53.535 WARN   Wiring.write_wire_scope: net not found
2026-08-15 21:39:58.245 WARN   Wiring.write_wire_scope: net not found
2026-08-15 21:39:58.246 WARN   Wiring.write_wire_scope: net not found
2026-08-15 21:40:02.772 WARN   Wiring.write_wire_scope: net not found
2026-08-15 21:40:02.773 WARN   Wiring.write_wire_scope: net not found
2026-08-15 21:40:07.601 WARN   Wiring.write_wire_scope: net not found
2026-08-15 21:40:07.602 WARN   Wiring.write_wire_scope: net not found
2026-08-15 21:40:11.989 WARN   Wiring.write_wire_scope: net not found
2026-08-15 21:40:11.989 WARN   Wiring.write_wire_scope: net not found
2026-08-15 21:40:16.885 WARN   Wiring.write_wire_scope: net not found
2026-08-15 21:40:16.885 WARN   Wiring.write_wire_scope: net not found
2026-08-15 21:40:21.813 WARN   Wiring.write_wire_scope: net not found
2026-08-15 21:40:21.814 WARN   Wiring.write_wire_scope: net not found
2026-08-15 21:40:27.825 WARN   Wiring.write_wire_scope: net not found
2026-08-15 21:40:27.825 WARN   Wiring.write_wire_scope: net not found
2026-08-15 21:40:33.065 WARN   Wiring.write_wire_scope: net not found
2026-08-15 21:40:33.066 WARN   Wiring.write_wire_scope: net not found
2026-08-15 21:40:39.148 WARN   Wiring.write_wire_scope: net not found
2026-08-15 21:40:39.148 WARN   Wiring.write_wire_scope: net not found
2026-08-15 21:40:43.321 WARN   Wiring.write_wire_scope: net not found
2026-08-15 21:40:43.321 WARN   Wiring.write_wire_scope: net not found
2026-08-15 21:40:47.370 WARN   Wiring.write_wire_scope: net not found
2026-08-15 21:40:47.370 WARN   Wiring.write_wire_scope: net not found
2026-08-15 21:40:51.538 WARN   Wiring.write_wire_scope: net not found
2026-08-15 21:40:51.539 WARN   Wiring.write_wire_scope: net not found
2026-08-15 21:40:55.676 WARN   Wiring.write_wire_scope: net not found
2026-08-15 21:40:55.677 WARN   Wiring.write_wire_scope: net not found
2026-08-15 21:40:59.954 WARN   Wiring.write_wire_scope: net not found
2026-08-15 21:40:59.954 WARN   Wiring.write_wire_scope: net not found
2026-08-15 21:41:04.119 WARN   Wiring.write_wire_scope: net not found
2026-08-15 21:41:04.120 WARN   Wiring.write_wire_scope: net not found
2026-08-15 21:41:08.448 WARN   Wiring.write_wire_scope: net not found
2026-08-15 21:41:08.449 WARN   Wiring.write_wire_scope: net not found
2026-08-15 21:41:12.538 WARN   Wiring.write_wire_scope: net not found
2026-08-15 21:41:12.538 WARN   Wiring.write_wire_scope: net not found
2026-08-15 21:41:16.661 WARN   Wiring.write_wire_scope: net not found
2026-08-15 21:41:16.662 WARN   Wiring.write_wire_scope: net not found
2026-08-15 21:41:20.862 WARN   Wiring.write_wire_scope: net not found
2026-08-15 21:41:20.868 WARN   Wiring.write_wire_scope: net not found
2026-08-15 21:41:24.951 WARN   Wiring.write_wire_scope: net not found
2026-08-15 21:41:24.952 WARN   Wiring.write_wire_scope: net not found
2026-08-15 21:41:29.117 WARN   Wiring.write_wire_scope: net not found
2026-08-15 21:41:29.117 WARN   Wiring.write_wire_scope: net not found
2026-08-15 21:41:33.312 WARN   Wiring.write_wire_scope: net not found
2026-08-15 21:41:33.312 WARN   Wiring.write_wire_scope: net not found
2026-08-15 21:41:37.333 WARN   Wiring.write_wire_scope: net not found
2026-08-15 21:41:37.334 WARN   Wiring.write_wire_scope: net not found
2026-08-15 21:41:41.831 WARN   Wiring.write_wire_scope: net not found
2026-08-15 21:41:41.831 WARN   Wiring.write_wire_scope: net not found
2026-08-15 21:41:45.866 WARN   Wiring.write_wire_scope: net not found
2026-08-15 21:41:45.867 WARN   Wiring.write_wire_scope: net not found
2026-08-15 21:41:49.738 WARN   Wiring.write_wire_scope: net not found
2026-08-15 21:41:49.743 WARN   Wiring.write_wire_scope: net not found
2026-08-15 21:41:53.817 WARN   Wiring.write_wire_scope: net not found
2026-08-15 21:41:53.817 WARN   Wiring.write_wire_scope: net not found
2026-08-15 21:41:58.331 WARN   Wiring.write_wire_scope: net not found
2026-08-15 21:41:58.332 WARN   Wiring.write_wire_scope: net not found
2026-08-15 21:42:02.375 WARN   Wiring.write_wire_scope: net not found
2026-08-15 21:42:02.376 WARN   Wiring.write_wire_scope: net not found
2026-08-15 21:42:06.515 WARN   Wiring.write_wire_scope: net not found
2026-08-15 21:42:06.515 WARN   Wiring.write_wire_scope: net not found
2026-08-15 21:42:10.753 WARN   Wiring.write_wire_scope: net not found
2026-08-15 21:42:10.754 WARN   Wiring.write_wire_scope: net not found
2026-08-15 21:42:15.022 WARN   Wiring.write_wire_scope: net not found
2026-08-15 21:42:15.028 WARN   Wiring.write_wire_scope: net not found
2026-08-15 21:42:24.449 WARN   Wiring.write_wire_scope: net not found
2026-08-15 21:42:24.449 WARN   Wiring.write_wire_scope: net not found
2026-08-15 21:42:28.710 WARN   Wiring.write_wire_scope: net not found
2026-08-15 21:42:28.710 WARN   Wiring.write_wire_scope: net not found
2026-08-15 21:42:32.781 WARN   Wiring.write_wire_scope: net not found
2026-08-15 21:42:32.782 WARN   Wiring.write_wire_scope: net not found
2026-08-15 21:42:36.946 WARN   Wiring.write_wire_scope: net not found
2026-08-15 21:42:36.947 WARN   Wiring.write_wire_scope: net not found
2026-08-15 21:42:41.152 WARN   Wiring.write_wire_scope: net not found
2026-08-15 21:42:41.152 WARN   Wiring.write_wire_scope: net not found
2026-08-15 21:42:45.512 WARN   Wiring.write_wire_scope: net not found
2026-08-15 21:42:45.512 WARN   Wiring.write_wire_scope: net not found
2026-08-15 21:42:49.561 WARN   Wiring.write_wire_scope: net not found
2026-08-15 21:42:49.561 WARN   Wiring.write_wire_scope: net not found
2026-08-15 21:42:53.755 WARN   Wiring.write_wire_scope: net not found
2026-08-15 21:42:53.755 WARN   Wiring.write_wire_scope: net not found
2026-08-15 21:42:58.229 WARN   Wiring.write_wire_scope: net not found
2026-08-15 21:42:58.230 WARN   Wiring.write_wire_scope: net not found
2026-08-15 21:43:02.169 WARN   Wiring.write_wire_scope: net not found
2026-08-15 21:43:02.170 WARN   Wiring.write_wire_scope: net not found
2026-08-15 21:43:07.424 WARN   Wiring.write_wire_scope: net not found
2026-08-15 21:43:07.424 WARN   Wiring.write_wire_scope: net not found
2026-08-15 21:43:12.791 WARN   Wiring.write_wire_scope: net not found
2026-08-15 21:43:12.791 WARN   Wiring.write_wire_scope: net not found
2026-08-15 21:43:16.969 WARN   Wiring.write_wire_scope: net not found
2026-08-15 21:43:16.975 WARN   Wiring.write_wire_scope: net not found
2026-08-15 21:43:21.001 WARN   Wiring.write_wire_scope: net not found
2026-08-15 21:43:21.003 WARN   Wiring.write_wire_scope: net not found
2026-08-15 21:43:27.560 WARN   Wiring.write_wire_scope: net not found
2026-08-15 21:43:27.561 WARN   Wiring.write_wire_scope: net not found
2026-08-15 21:43:32.544 WARN   Wiring.write_wire_scope: net not found
2026-08-15 21:43:32.545 WARN   Wiring.write_wire_scope: net not found
2026-08-15 21:43:36.771 WARN   Wiring.write_wire_scope: net not found
2026-08-15 21:43:36.771 WARN   Wiring.write_wire_scope: net not found
2026-08-15 21:43:41.045 WARN   Wiring.write_wire_scope: net not found
2026-08-15 21:43:41.045 WARN   Wiring.write_wire_scope: net not found
2026-08-15 21:43:45.192 WARN   Wiring.write_wire_scope: net not found
2026-08-15 21:43:45.192 WARN   Wiring.write_wire_scope: net not found
2026-08-15 21:43:50.121 WARN   Wiring.write_wire_scope: net not found
2026-08-15 21:43:50.121 WARN   Wiring.write_wire_scope: net not found
2026-08-15 21:43:54.602 WARN   Wiring.write_wire_scope: net not found
2026-08-15 21:43:54.603 WARN   Wiring.write_wire_scope: net not found
2026-08-15 21:43:58.943 WARN   Wiring.write_wire_scope: net not found
2026-08-15 21:43:58.943 WARN   Wiring.write_wire_scope: net not found
2026-08-15 21:44:03.204 WARN   Wiring.write_wire_scope: net not found
2026-08-15 21:44:03.210 WARN   Wiring.write_wire_scope: net not found
2026-08-15 21:44:07.375 WARN   Wiring.write_wire_scope: net not found
2026-08-15 21:44:07.376 WARN   Wiring.write_wire_scope: net not found
2026-08-15 21:44:11.470 WARN   Wiring.write_wire_scope: net not found
2026-08-15 21:44:11.471 WARN   Wiring.write_wire_scope: net not found
2026-08-15 21:44:27.684 WARN   Wiring.write_wire_scope: net not found
2026-08-15 21:44:27.685 WARN   Wiring.write_wire_scope: net not found
2026-08-15 21:44:31.985 WARN   Wiring.write_wire_scope: net not found
2026-08-15 21:44:31.985 WARN   Wiring.write_wire_scope: net not found
2026-08-15 21:44:36.698 WARN   Wiring.write_wire_scope: net not found
2026-08-15 21:44:36.698 WARN   Wiring.write_wire_scope: net not found
2026-08-15 21:44:48.180 WARN   Wiring.write_wire_scope: net not found
2026-08-15 21:44:48.180 WARN   Wiring.write_wire_scope: net not found
2026-08-15 21:44:53.369 WARN   Wiring.write_wire_scope: net not found
2026-08-15 21:44:53.370 WARN   Wiring.write_wire_scope: net not found
2026-08-15 21:44:58.327 WARN   Wiring.write_wire_scope: net not found
2026-08-15 21:44:58.328 WARN   Wiring.write_wire_scope: net not found
2026-08-15 21:45:02.565 WARN   Wiring.write_wire_scope: net not found
2026-08-15 21:45:02.566 WARN   Wiring.write_wire_scope: net not found
2026-08-15 21:45:06.675 WARN   Wiring.write_wire_scope: net not found
2026-08-15 21:45:06.675 WARN   Wiring.write_wire_scope: net not found
2026-08-15 21:45:10.856 WARN   Wiring.write_wire_scope: net not found
2026-08-15 21:45:10.857 WARN   Wiring.write_wire_scope: net not found
2026-08-15 21:45:20.718 WARN   Wiring.write_wire_scope: net not found
2026-08-15 21:45:20.719 WARN   Wiring.write_wire_scope: net not found
2026-08-15 21:45:30.577 WARN   Wiring.write_wire_scope: net not found
2026-08-15 21:45:30.578 WARN   Wiring.write_wire_scope: net not found
2026-08-15 21:45:40.296 WARN   Wiring.write_wire_scope: net not found
2026-08-15 21:45:40.297 WARN   Wiring.write_wire_scope: net not found
2026-08-15 21:45:49.850 WARN   Wiring.write_wire_scope: net not found
2026-08-15 21:45:49.850 WARN   Wiring.write_wire_scope: net not found
2026-08-15 21:45:59.889 WARN   Wiring.write_wire_scope: net not found
2026-08-15 21:45:59.890 WARN   Wiring.write_wire_scope: net not found
2026-08-15 21:46:10.017 WARN   Wiring.write_wire_scope: net not found
2026-08-15 21:46:10.017 WARN   Wiring.write_wire_scope: net not found
2026-08-15 21:46:19.877 WARN   Wiring.write_wire_scope: net not found
2026-08-15 21:46:19.880 WARN   Wiring.write_wire_scope: net not found
2026-08-15 21:46:24.008 WARN   Wiring.write_wire_scope: net not found
2026-08-15 21:46:24.009 WARN   Wiring.write_wire_scope: net not found
2026-08-15 21:46:28.213 WARN   Wiring.write_wire_scope: net not found
2026-08-15 21:46:28.213 WARN   Wiring.write_wire_scope: net not found
2026-08-15 21:46:38.018 WARN   Wiring.write_wire_scope: net not found
2026-08-15 21:46:38.019 WARN   Wiring.write_wire_scope: net not found
2026-08-15 21:46:48.085 WARN   Wiring.write_wire_scope: net not found
2026-08-15 21:46:48.085 WARN   Wiring.write_wire_scope: net not found
2026-08-15 21:46:52.382 WARN   Wiring.write_wire_scope: net not found
2026-08-15 21:46:52.382 WARN   Wiring.write_wire_scope: net not found
2026-08-15 21:47:01.959 WARN   Wiring.write_wire_scope: net not found
2026-08-15 21:47:01.960 WARN   Wiring.write_wire_scope: net not found
2026-08-15 21:47:11.737 WARN   Wiring.write_wire_scope: net not found
2026-08-15 21:47:11.737 WARN   Wiring.write_wire_scope: net not found
2026-08-15 21:47:21.607 WARN   Wiring.write_wire_scope: net not found
2026-08-15 21:47:21.608 WARN   Wiring.write_wire_scope: net not found
2026-08-15 21:47:25.833 WARN   Wiring.write_wire_scope: net not found
2026-08-15 21:47:25.833 WARN   Wiring.write_wire_scope: net not found
2026-08-15 21:47:35.649 WARN   Wiring.write_wire_scope: net not found
2026-08-15 21:47:35.649 WARN   Wiring.write_wire_scope: net not found
2026-08-15 21:47:39.534 WARN   Wiring.write_wire_scope: net not found
2026-08-15 21:47:39.535 WARN   Wiring.write_wire_scope: net not found
2026-08-15 21:47:49.073 WARN   Wiring.write_wire_scope: net not found
2026-08-15 21:47:49.073 WARN   Wiring.write_wire_scope: net not found
2026-08-15 21:47:53.115 WARN   Wiring.write_wire_scope: net not found
2026-08-15 21:47:53.115 WARN   Wiring.write_wire_scope: net not found
2026-08-15 21:47:57.501 WARN   Wiring.write_wire_scope: net not found
2026-08-15 21:47:57.501 WARN   Wiring.write_wire_scope: net not found
2026-08-15 21:48:02.121 WARN   Wiring.write_wire_scope: net not found
2026-08-15 21:48:02.122 WARN   Wiring.write_wire_scope: net not found
2026-08-15 21:48:06.306 WARN   Wiring.write_wire_scope: net not found
2026-08-15 21:48:06.307 WARN   Wiring.write_wire_scope: net not found
2026-08-15 21:48:14.873 WARN   Wiring.write_wire_scope: net not found
2026-08-15 21:48:14.873 WARN   Wiring.write_wire_scope: net not found
2026-08-15 21:48:20.031 WARN   Wiring.write_wire_scope: net not found
2026-08-15 21:48:20.032 WARN   Wiring.write_wire_scope: net not found
2026-08-15 21:48:24.277 WARN   Wiring.write_wire_scope: net not found
2026-08-15 21:48:24.277 WARN   Wiring.write_wire_scope: net not found
2026-08-15 21:48:28.432 WARN   Wiring.write_wire_scope: net not found
2026-08-15 21:48:28.433 WARN   Wiring.write_wire_scope: net not found
2026-08-15 21:48:32.636 WARN   Wiring.write_wire_scope: net not found
2026-08-15 21:48:32.637 WARN   Wiring.write_wire_scope: net not found
2026-08-15 21:48:36.720 WARN   Wiring.write_wire_scope: net not found
2026-08-15 21:48:36.721 WARN   Wiring.write_wire_scope: net not found
2026-08-15 21:48:40.787 WARN   Wiring.write_wire_scope: net not found
2026-08-15 21:48:40.787 WARN   Wiring.write_wire_scope: net not found
2026-08-15 21:48:44.661 WARN   Wiring.write_wire_scope: net not found
2026-08-15 21:48:44.666 WARN   Wiring.write_wire_scope: net not found
2026-08-15 21:48:48.849 WARN   Wiring.write_wire_scope: net not found
2026-08-15 21:48:48.850 WARN   Wiring.write_wire_scope: net not found
2026-08-15 21:48:52.736 WARN   Wiring.write_wire_scope: net not found
2026-08-15 21:48:52.736 WARN   Wiring.write_wire_scope: net not found
2026-08-15 21:48:56.866 WARN   Wiring.write_wire_scope: net not found
2026-08-15 21:48:56.866 WARN   Wiring.write_wire_scope: net not found
2026-08-15 21:49:01.017 WARN   Wiring.write_wire_scope: net not found
2026-08-15 21:49:01.018 WARN   Wiring.write_wire_scope: net not found
2026-08-15 21:49:04.915 WARN   Wiring.write_wire_scope: net not found
2026-08-15 21:49:04.915 WARN   Wiring.write_wire_scope: net not found
2026-08-15 21:49:09.258 WARN   Wiring.write_wire_scope: net not found
2026-08-15 21:49:09.264 WARN   Wiring.write_wire_scope: net not found
2026-08-15 21:49:12.983 WARN   Wiring.write_wire_scope: net not found
2026-08-15 21:49:12.983 WARN   Wiring.write_wire_scope: net not found
2026-08-15 21:49:17.189 WARN   Wiring.write_wire_scope: net not found
2026-08-15 21:49:17.190 WARN   Wiring.write_wire_scope: net not found
2026-08-15 21:49:21.286 WARN   Wiring.write_wire_scope: net not found
2026-08-15 21:49:21.286 WARN   Wiring.write_wire_scope: net not found
2026-08-15 21:49:25.367 WARN   Wiring.write_wire_scope: net not found
2026-08-15 21:49:25.367 WARN   Wiring.write_wire_scope: net not found
2026-08-15 21:49:29.546 WARN   Wiring.write_wire_scope: net not found
2026-08-15 21:49:29.546 WARN   Wiring.write_wire_scope: net not found
2026-08-15 21:49:33.812 WARN   Wiring.write_wire_scope: net not found
2026-08-15 21:49:33.812 WARN   Wiring.write_wire_scope: net not found
2026-08-15 21:49:38.203 WARN   Wiring.write_wire_scope: net not found
2026-08-15 21:49:38.203 WARN   Wiring.write_wire_scope: net not found
2026-08-15 21:49:42.578 WARN   Wiring.write_wire_scope: net not found
2026-08-15 21:49:42.579 WARN   Wiring.write_wire_scope: net not found
2026-08-15 21:49:46.592 WARN   Wiring.write_wire_scope: net not found
2026-08-15 21:49:46.593 WARN   Wiring.write_wire_scope: net not found
2026-08-15 21:49:57.063 WARN   Wiring.write_wire_scope: net not found
2026-08-15 21:49:57.063 WARN   Wiring.write_wire_scope: net not found
2026-08-15 21:50:01.334 WARN   Wiring.write_wire_scope: net not found
2026-08-15 21:50:01.338 WARN   Wiring.write_wire_scope: net not found
2026-08-15 21:50:05.437 WARN   Wiring.write_wire_scope: net not found
2026-08-15 21:50:05.437 WARN   Wiring.write_wire_scope: net not found
2026-08-15 21:50:15.415 WARN   Wiring.write_wire_scope: net not found
2026-08-15 21:50:15.416 WARN   Wiring.write_wire_scope: net not found
2026-08-15 21:50:19.305 WARN   Wiring.write_wire_scope: net not found
2026-08-15 21:50:19.311 WARN   Wiring.write_wire_scope: net not found
2026-08-15 21:50:23.503 WARN   Wiring.write_wire_scope: net not found
2026-08-15 21:50:23.504 WARN   Wiring.write_wire_scope: net not found
2026-08-15 21:50:27.466 WARN   Wiring.write_wire_scope: net not found
2026-08-15 21:50:27.467 WARN   Wiring.write_wire_scope: net not found
2026-08-15 21:50:37.374 WARN   Wiring.write_wire_scope: net not found
2026-08-15 21:50:37.379 WARN   Wiring.write_wire_scope: net not found
2026-08-15 21:50:47.224 WARN   Wiring.write_wire_scope: net not found
2026-08-15 21:50:47.224 WARN   Wiring.write_wire_scope: net not found
2026-08-15 21:50:50.986 WARN   Wiring.write_wire_scope: net not found
2026-08-15 21:50:50.986 WARN   Wiring.write_wire_scope: net not found
2026-08-15 21:50:54.674 WARN   Wiring.write_wire_scope: net not found
2026-08-15 21:50:54.675 WARN   Wiring.write_wire_scope: net not found
2026-08-15 21:51:04.231 WARN   Wiring.write_wire_scope: net not found
2026-08-15 21:51:04.237 WARN   Wiring.write_wire_scope: net not found
2026-08-15 21:51:14.046 WARN   Wiring.write_wire_scope: net not found
2026-08-15 21:51:14.046 WARN   Wiring.write_wire_scope: net not found
2026-08-15 21:51:18.640 WARN   Wiring.write_wire_scope: net not found
2026-08-15 21:51:18.641 WARN   Wiring.write_wire_scope: net not found
2026-08-15 21:51:22.495 WARN   Wiring.write_wire_scope: net not found
2026-08-15 21:51:22.496 WARN   Wiring.write_wire_scope: net not found
2026-08-15 21:51:32.331 WARN   Wiring.write_wire_scope: net not found
2026-08-15 21:51:32.331 WARN   Wiring.write_wire_scope: net not found
2026-08-15 21:51:42.475 WARN   Wiring.write_wire_scope: net not found
2026-08-15 21:51:42.475 WARN   Wiring.write_wire_scope: net not found
2026-08-15 21:51:47.167 WARN   Wiring.write_wire_scope: net not found
2026-08-15 21:51:47.167 WARN   Wiring.write_wire_scope: net not found
2026-08-15 21:51:50.942 WARN   Wiring.write_wire_scope: net not found
2026-08-15 21:51:50.942 WARN   Wiring.write_wire_scope: net not found
2026-08-15 21:52:00.590 WARN   Wiring.write_wire_scope: net not found
2026-08-15 21:52:00.596 WARN   Wiring.write_wire_scope: net not found
2026-08-15 21:52:05.130 WARN   Wiring.write_wire_scope: net not found
2026-08-15 21:52:05.131 WARN   Wiring.write_wire_scope: net not found
2026-08-15 21:52:09.100 WARN   Wiring.write_wire_scope: net not found
2026-08-15 21:52:09.101 WARN   Wiring.write_wire_scope: net not found
2026-08-15 21:52:19.136 WARN   Wiring.write_wire_scope: net not found
2026-08-15 21:52:19.137 WARN   Wiring.write_wire_scope: net not found
2026-08-15 21:52:28.763 WARN   Wiring.write_wire_scope: net not found
2026-08-15 21:52:28.764 WARN   Wiring.write_wire_scope: net not found
2026-08-15 21:52:38.955 WARN   Wiring.write_wire_scope: net not found
2026-08-15 21:52:38.960 WARN   Wiring.write_wire_scope: net not found
2026-08-15 21:52:49.319 WARN   Wiring.write_wire_scope: net not found
2026-08-15 21:52:49.319 WARN   Wiring.write_wire_scope: net not found
2026-08-15 21:53:01.323 WARN   Wiring.write_wire_scope: net not found
2026-08-15 21:53:01.324 WARN   Wiring.write_wire_scope: net not found
2026-08-15 21:53:06.592 WARN   Wiring.write_wire_scope: net not found
2026-08-15 21:53:06.593 WARN   Wiring.write_wire_scope: net not found
2026-08-15 21:53:12.097 WARN   Wiring.write_wire_scope: net not found
2026-08-15 21:53:12.098 WARN   Wiring.write_wire_scope: net not found
2026-08-15 21:53:16.581 WARN   Wiring.write_wire_scope: net not found
2026-08-15 21:53:16.581 WARN   Wiring.write_wire_scope: net not found
2026-08-15 21:53:20.382 WARN   Wiring.write_wire_scope: net not found
2026-08-15 21:53:20.382 WARN   Wiring.write_wire_scope: net not found
