2026-08-15 22:16:41.853 INFO   Freerouting v2.3.0 (build-date: 2026-08-07)
2026-08-15 22:16:41.858 DEBUG  [startup] user-data path : C:\Users\jfran\Documents\GitHub\H.265-SVRT\design\electrical\pcb-hmd-carrier-board\output\production-audit\freerouting-run-high-speed-neckdown  (source: CLI argument --user_data_path)
2026-08-15 22:16:41.858 DEBUG  [startup] log file       : C:\Users\jfran\Documents\GitHub\H.265-SVRT\design\electrical\pcb-hmd-carrier-board\output\production-audit\freerouting-run-high-speed-neckdown\freerouting.log
2026-08-15 22:16:41.859 DEBUG  No freerouting.json found at 'C:\Users\jfran\Documents\GitHub\H.265-SVRT\design\electrical\pcb-hmd-carrier-board\output\production-audit\freerouting-run-high-speed-neckdown\freerouting.json' — will create one with default settings.
2026-08-15 22:16:41.913 DEBUG  Default settings saved to 'C:\Users\jfran\Documents\GitHub\H.265-SVRT\design\electrical\pcb-hmd-carrier-board\output\production-audit\freerouting-run-high-speed-neckdown\freerouting.json'.
2026-08-15 22:16:41.914 DEBUG  Version: 2.3.0,2026-08-07
2026-08-15 22:16:41.914 DEBUG  Command line arguments: '-de C:\Users\jfran\Documents\GitHub\H.265-SVRT\design\electrical\pcb-hmd-carrier-board\output\production-audit\pcb-hmd-carrier-board2-high-speed-neckdown.dsn -do C:\Users\jfran\Documents\GitHub\H.265-SVRT\design\electrical\pcb-hmd-carrier-board\output\production-audit\pcb-hmd-carrier-board2-high-speed-neckdown.ses -mp 1 -mt 0 --router.fanout.enabled=true --router.optimizer.enabled=false --router.layers.routable=true,false,true,true,false,true --router.layers.preferred_direction_horizontal=true,false,false,true,false,true --api_server.enabled=false --gui.enabled=false --logging.console.level=INFO --user_data_path=C:\Users\jfran\Documents\GitHub\H.265-SVRT\design\electrical\pcb-hmd-carrier-board\output\production-audit\freerouting-run-high-speed-neckdown -l en'
2026-08-15 22:16:41.914 DEBUG  Architecture: Windows 11,amd64,10.0
2026-08-15 22:16:41.914 DEBUG  Java: 25.0.4,Eclipse Adoptium
2026-08-15 22:16:41.914 DEBUG  System Language: fr,fr_FR
2026-08-15 22:16:41.914 DEBUG  Hardware: 12 CPU cores,4044 MB RAM
2026-08-15 22:16:41.915 DEBUG  UTC Time: 2026-08-15T20:16:41.913581100Z
2026-08-15 22:16:41.917 DEBUG  GUI Language: en
2026-08-15 22:16:41.917 DEBUG  Host: N/A
2026-08-15 22:16:42.978 DEBUG  Loaded router settings from: C:\Users\jfran\Documents\GitHub\H.265-SVRT\design\electrical\pcb-hmd-carrier-board\output\production-audit\freerouting-run-high-speed-neckdown\freerouting.json
2026-08-15 22:16:42.979 DEBUG  Applied CLI router setting: router.max_passes = 1
2026-08-15 22:16:42.979 DEBUG  Applied CLI router setting: router.max_threads = 0
2026-08-15 22:16:42.979 DEBUG  Applied CLI router setting: router.fanout.enabled = true
2026-08-15 22:16:42.980 DEBUG  Applied CLI router setting: router.optimizer.enabled = false
2026-08-15 22:16:42.980 DEBUG  Applied CLI router setting: router.layers.routable = true,false,true,true,false,true
2026-08-15 22:16:42.980 DEBUG  Applied CLI router setting: router.layers.preferred_direction_horizontal = true,false,false,true,false,true
2026-08-15 22:16:42.980 DEBUG  Applied CLI router setting: router.enabled = true (implicit from -de/-do batch mode)
2026-08-15 22:16:42.980 DEBUG  No router settings found in environment variables
2026-08-15 22:16:43.056 DEBUG  Set DEFAULT clearance (all layers): 1500 (0.0375 mm) from DSN value 150.0
2026-08-15 22:16:43.063 DEBUG  Set clearance (all layers): smd_smd = 375 (0.009375 mm), classes [2,2]
2026-08-15 22:16:43.065 DEBUG  Set default trace width (all layers): DSN=150.0 → board=1500 (0.0375 mm)
2026-08-15 22:16:43.152 DEBUG  Loaded router settings from DSN file: pcb-hmd-carrier-board2-high-speed-neckdown.dsn (6 layers)
2026-08-15 22:16:43.164 DEBUG  Set DEFAULT clearance (all layers): 1500 (0.0375 mm) from DSN value 150.0
2026-08-15 22:16:43.164 DEBUG  Set clearance (all layers): smd_smd = 375 (0.009375 mm), classes [2,2]
2026-08-15 22:16:43.164 DEBUG  Set default trace width (all layers): DSN=150.0 → board=1500 (0.0375 mm)
2026-08-15 22:16:43.193 DEBUG  Loaded router settings from DSN file: pcb-hmd-carrier-board2-high-speed-neckdown.dsn (6 layers)
2026-08-15 22:16:43.195 DEBUG  Merging settings from 5 sources:
2026-08-15 22:16:43.196 DEBUG    - Default Settings (priority 0): base settings
2026-08-15 22:16:43.198 DEBUG    - freerouting.json (priority 10): 0 fields changed
2026-08-15 22:16:43.198 DEBUG    - DSN file: pcb-hmd-carrier-board2-high-speed-neckdown.dsn (priority 20): 8 fields changed
2026-08-15 22:16:43.198 DEBUG    - Environment Variables (priority 55): 0 fields changed
2026-08-15 22:16:43.198 DEBUG    - CLI Arguments (priority 60): 9 fields changed
2026-08-15 22:16:43.199 DEBUG  Settings merged successfully from 5 source(s)
2026-08-15 22:16:43.297 DEBUG  No new version available. Current version is up to date: v2.3.0
2026-08-15 22:16:43.408 INFO   [07A52D\3C72AD] Loading board file 'pcb-hmd-carrier-board2-high-speed-neckdown.dsn'...
2026-08-15 22:16:43.416 DEBUG  Set DEFAULT clearance (all layers): 1500 (0.0375 mm) from DSN value 150.0
2026-08-15 22:16:43.417 DEBUG  Set clearance (all layers): smd_smd = 375 (0.009375 mm), classes [2,2]
2026-08-15 22:16:43.417 DEBUG  Set default trace width (all layers): DSN=150.0 → board=1500 (0.0375 mm)
2026-08-15 22:16:43.547 INFO   Layer 'GND1' has been automatically configured as a dedicated power plane because it contains a large conduction area covering >50% of the board.
2026-08-15 22:16:43.548 INFO   Layer 'GND2' has been automatically configured as a dedicated power plane because it contains a large conduction area covering >50% of the board.
2026-08-15 22:16:43.550 DEBUG  applyBoardSpecificOptimizations changed parameters:
  Layer 0: bendCost: null -> 0.0; preferredDirectionTraceCost: 1.0 -> 2.2; undesiredDirectionTraceCost: 1.0 -> 5.1000000000000005;
  Layer 1: bendCost: null -> 0.0; undesiredDirectionTraceCost: 1.0 -> 1.3;
  Layer 2: bendCost: null -> 0.0; undesiredDirectionTraceCost: 1.0 -> 3.9000000000000004;
  Layer 3: bendCost: null -> 0.0; undesiredDirectionTraceCost: 1.0 -> 1.3;
  Layer 4: bendCost: null -> 0.0; undesiredDirectionTraceCost: 1.0 -> 3.9000000000000004;
  Layer 5: bendCost: null -> 0.0; preferredDirectionTraceCost: 1.0 -> 2.2; undesiredDirectionTraceCost: 1.0 -> 2.5;
2026-08-15 22:16:43.566 DEBUG  Applied copper-to-edge clearance override: 500.0 um (5000 board units).
2026-08-15 22:16:43.573 DEBUG  Set DEFAULT clearance (all layers): 1500 (0.0375 mm) from DSN value 150.0
2026-08-15 22:16:43.574 DEBUG  Set clearance (all layers): smd_smd = 375 (0.009375 mm), classes [2,2]
2026-08-15 22:16:43.574 DEBUG  Set default trace width (all layers): DSN=150.0 → board=1500 (0.0375 mm)
2026-08-15 22:16:43.585 DEBUG  Loaded router settings from DSN file: pcb-hmd-carrier-board2-high-speed-neckdown.dsn (6 layers)
2026-08-15 22:16:43.586 DEBUG  Merging settings from 6 sources:
2026-08-15 22:16:43.586 DEBUG    - Default Settings (priority 0): base settings
2026-08-15 22:16:43.586 DEBUG    - freerouting.json (priority 10): 0 fields changed
2026-08-15 22:16:43.586 DEBUG    - DSN file: pcb-hmd-carrier-board2-high-speed-neckdown.dsn (priority 20): 8 fields changed
2026-08-15 22:16:43.586 DEBUG    - Environment Variables (priority 55): 0 fields changed
2026-08-15 22:16:43.587 DEBUG    - CLI Arguments (priority 60): 9 fields changed
2026-08-15 22:16:43.587 DEBUG    - API Settings (priority 70): 28 fields changed
2026-08-15 22:16:43.587 DEBUG  Settings merged successfully from 6 source(s)
2026-08-15 22:16:43.587 DEBUG  applyBoardSpecificOptimizations changed parameters:
  Layer 0: preferredDirectionTraceCost: 1.0 -> 2.2; undesiredDirectionTraceCost: 1.0 -> 5.1000000000000005;
  Layer 1: undesiredDirectionTraceCost: 1.0 -> 1.3;
  Layer 2: undesiredDirectionTraceCost: 1.0 -> 3.9000000000000004;
  Layer 3: undesiredDirectionTraceCost: 1.0 -> 1.3;
  Layer 4: undesiredDirectionTraceCost: 1.0 -> 3.9000000000000004;
  Layer 5: preferredDirectionTraceCost: 1.0 -> 2.2; undesiredDirectionTraceCost: 1.0 -> 2.5;
2026-08-15 22:16:43.591 INFO   [07A52D\3C72AD] Job '07A52D\3C72AD' started at 2026-08-15T20:16:43.591018600Z.
2026-08-15 22:16:43.705 DEBUG  [07A52D\3C72AD] Checking fanout pre-pass. settings.fanout.enabled=true, smd_pins=1581
2026-08-15 22:16:43.742 INFO   [07A52D\3C72AD] Fanout stage started on board 'a831c3f6b8104f50c90e09685f7ca33f' with 176 of 1581 SMD pins needing fanout (0 already connected, 1405 netless).
2026-08-15 22:16:48.689 INFO   [07A52D\3C72AD] Fanout pass #1 on board 'fad0f6c012aa841ae692a456272d8f48' completed in 4.83 seconds with 42 SMD pins fanouted, 133 not routed, 0 insert errors, +20 extra vias (0 SMD pins still to check in pass, ripup costs=100).
2026-08-15 22:16:52.311 INFO   [07A52D\3C72AD] Fanout pass #2 on board '65b15b10843dc4810e28503a50b1907d' completed in 3.55 seconds with 22 SMD pins fanouted, 135 not routed, 0 insert errors, +13 extra vias (0 SMD pins still to check in pass, ripup costs=200).
2026-08-15 22:16:55.644 INFO   [07A52D\3C72AD] Fanout pass #3 on board '8ebe43a14ff8c341da477ffb88877435' completed in 3.27 seconds with 14 SMD pins fanouted, 129 not routed, 0 insert errors, +3 extra vias (0 SMD pins still to check in pass, ripup costs=300).
2026-08-15 22:16:58.626 INFO   [07A52D\3C72AD] Fanout pass #4 on board '5bddacca1f055648a8717c84281a5b26' completed in 2.93 seconds with 13 SMD pins fanouted, 130 not routed, 0 insert errors, +2 extra vias (0 SMD pins still to check in pass, ripup costs=400).
2026-08-15 22:17:01.432 INFO   [07A52D\3C72AD] Fanout pass #5 on board '78b0ae2ba693392621d6fab69961692f' completed in 2.75 seconds with 10 SMD pins fanouted, 129 not routed, 0 insert errors, +1 extra via (0 SMD pins still to check in pass, ripup costs=500).
2026-08-15 22:17:04.038 INFO   [07A52D\3C72AD] Fanout pass #6 on board '20c8f4fab1b8ad60d1664b29b8a974e6' completed in 2.55 seconds with 8 SMD pins fanouted, 131 not routed, 0 insert errors, +0 extra vias (0 SMD pins still to check in pass, ripup costs=600).
2026-08-15 22:17:06.629 INFO   [07A52D\3C72AD] Fanout pass #7 on board '947b7ca265cd7f7e2cdc08c025bf6f46' completed in 2.53 seconds with 8 SMD pins fanouted, 131 not routed, 0 insert errors, +0 extra vias (0 SMD pins still to check in pass, ripup costs=700).
2026-08-15 22:17:09.511 INFO   [07A52D\3C72AD] Fanout pass #8 on board '11221157510714959038aa9573ff1afc' completed in 2.83 seconds with 8 SMD pins fanouted, 131 not routed, 0 insert errors, +0 extra vias (0 SMD pins still to check in pass, ripup costs=800).
2026-08-15 22:17:12.161 INFO   [07A52D\3C72AD] Fanout pass #9 on board '51db05db0c3d704f6e613213355cc3e0' completed in 2.60 seconds with 8 SMD pins fanouted, 131 not routed, 0 insert errors, +0 extra vias (0 SMD pins still to check in pass, ripup costs=900).
2026-08-15 22:17:12.161 INFO   Fanout stopped after 9 passes: no progress for 3 consecutive passes.
2026-08-15 22:17:12.197 INFO   [07A52D\3C72AD] Fanout stage completed: started with 176 total SMD pins, completed in 28.42 seconds, escaped pins: 63/176 (35.8%), using 27.81 total CPU seconds, 50.21 GB total allocated, and 284.0 MB peak heap usage.
2026-08-15 22:17:12.219 INFO   [07A52D\3C72AD] Auto-routing stage started on board '51db05db0c3d704f6e613213355cc3e0' for 85 unrouted items.
2026-08-15 22:17:19.939 DEBUG  Queuing item for routing: Pin on net 'USB2_SERVICE_DM' (connected: 1/5)
2026-08-15 22:17:19.939 DEBUG  Queuing item for routing: Pin on net 'USB2_SERVICE_DP' (connected: 1/5)
2026-08-15 22:17:19.940 DEBUG  Queuing item for routing: Pin on net 'HDMI_L_CLK_N' (connected: 4/5)
2026-08-15 22:17:19.940 DEBUG  Queuing item for routing: Pin on net 'HDMI_L_CLK_P' (connected: 3/6)
2026-08-15 22:17:19.940 DEBUG  Queuing item for routing: Pin on net 'HDMI_L_D0_N' (connected: 4/7)
2026-08-15 22:17:19.941 DEBUG  Queuing item for routing: Pin on net 'HDMI_L_D0_P' (connected: 3/6)
2026-08-15 22:17:19.941 DEBUG  Queuing item for routing: Pin on net 'HDMI_L_D1_N' (connected: 1/2)
2026-08-15 22:17:19.941 DEBUG  Queuing item for routing: Pin on net 'HDMI_L_D1_P' (connected: 4/7)
2026-08-15 22:17:19.942 DEBUG  Queuing item for routing: Pin on net 'HDMI_L_D2_N' (connected: 4/7)
2026-08-15 22:17:19.942 DEBUG  Queuing item for routing: Pin on net 'HDMI_L_D2_P' (connected: 3/6)
2026-08-15 22:17:19.942 DEBUG  Queuing item for routing: Pin on net 'HDMI_R_CLK_N' (connected: 3/4)
2026-08-15 22:17:19.943 DEBUG  Queuing item for routing: Pin on net 'HDMI_R_CLK_P' (connected: 4/5)
2026-08-15 22:17:19.943 DEBUG  Queuing item for routing: Pin on net 'HDMI_R_D0_N' (connected: 3/6)
2026-08-15 22:17:19.943 DEBUG  Queuing item for routing: Pin on net 'HDMI_R_D0_P' (connected: 4/7)
2026-08-15 22:17:19.944 DEBUG  Queuing item for routing: Pin on net 'HDMI_R_D1_N' (connected: 3/6)
2026-08-15 22:17:19.944 DEBUG  Queuing item for routing: Pin on net 'HDMI_R_D1_P' (connected: 4/7)
2026-08-15 22:17:19.944 DEBUG  Queuing item for routing: Pin on net 'HDMI_R_D2_N' (connected: 3/6)
2026-08-15 22:17:19.945 DEBUG  Queuing item for routing: Pin on net 'HDMI_R_D2_P' (connected: 4/7)
2026-08-15 22:17:19.945 DEBUG  Queuing item for routing: Pin on net 'PCIE_RX_N' (connected: 3/6)
2026-08-15 22:17:19.945 DEBUG  Queuing item for routing: Pin on net 'PCIE_RX_P' (connected: 4/7)
2026-08-15 22:17:19.945 DEBUG  Queuing item for routing: Pin on net 'PCIE_TX_N' (connected: 3/6)
2026-08-15 22:17:19.946 DEBUG  Queuing item for routing: Pin on net 'PCIE_TX_P' (connected: 4/8)
2026-08-15 22:17:19.946 DEBUG  Queuing item for routing: Pin on net 'PCIE_CLK_N' (connected: 3/6)
2026-08-15 22:17:19.946 DEBUG  Queuing item for routing: Pin on net 'PCIE_CLK_P' (connected: 4/7)
2026-08-15 22:17:19.946 DEBUG  Queuing item for routing: Pin on net 'USB2_SERVICE_DP' (connected: 1/5)
2026-08-15 22:17:19.946 DEBUG  Queuing item for routing: Pin on net 'USB2_SERVICE_DM' (connected: 1/5)
2026-08-15 22:17:19.947 DEBUG  Queuing item for routing: Pin on net 'USB2_HOST_DM' (connected: 1/7)
2026-08-15 22:17:19.947 DEBUG  Queuing item for routing: Pin on net 'USB2_HOST_DP' (connected: 1/4)
2026-08-15 22:17:19.947 DEBUG  Queuing item for routing: Pin on net 'USB3_RX_N' (connected: 1/2)
2026-08-15 22:17:19.947 DEBUG  Queuing item for routing: Pin on net 'USB3_RX_P' (connected: 1/2)
2026-08-15 22:17:19.948 DEBUG  Queuing item for routing: Pin on net 'USB3_TX_P' (connected: 1/2)
2026-08-15 22:17:19.949 DEBUG  Queuing item for routing: Pin on net 'PCIE_TX_N' (connected: 3/6)
2026-08-15 22:17:19.949 DEBUG  Queuing item for routing: Pin on net 'PCIE_TX_P' (connected: 4/8)
2026-08-15 22:17:19.949 DEBUG  Queuing item for routing: Pin on net 'PCIE_RX_USB3_N' (connected: 1/2)
2026-08-15 22:17:19.949 DEBUG  Queuing item for routing: Pin on net 'PCIE_RX_USB3_P' (connected: 1/2)
2026-08-15 22:17:19.950 DEBUG  Queuing item for routing: Pin on net 'PCIE_CLK_N' (connected: 3/6)
2026-08-15 22:17:19.950 DEBUG  Queuing item for routing: Pin on net 'PCIE_CLK_P' (connected: 3/7)
2026-08-15 22:17:19.950 DEBUG  Queuing item for routing: Pin on net 'R_DSIB_D0_N' (connected: 1/2)
2026-08-15 22:17:19.950 DEBUG  Queuing item for routing: Pin on net 'R_DSIB_D3_N' (connected: 1/2)
2026-08-15 22:17:19.950 DEBUG  Queuing item for routing: Pin on net 'R_DSIB_D0_P' (connected: 1/2)
2026-08-15 22:17:19.950 DEBUG  Queuing item for routing: Pin on net 'R_DSIB_D3_P' (connected: 1/2)
2026-08-15 22:17:19.950 DEBUG  Queuing item for routing: Pin on net 'R_DSIB_D1_N' (connected: 1/2)
2026-08-15 22:17:19.951 DEBUG  Queuing item for routing: Pin on net 'R_DSIB_CLK_N' (connected: 1/2)
2026-08-15 22:17:19.951 DEBUG  Queuing item for routing: Pin on net 'R_DSIB_D1_P' (connected: 1/2)
2026-08-15 22:17:19.951 DEBUG  Queuing item for routing: Pin on net 'R_DSIB_CLK_P' (connected: 1/2)
2026-08-15 22:17:19.951 DEBUG  Queuing item for routing: Pin on net 'R_DSIA_D2_P' (connected: 1/2)
2026-08-15 22:17:19.951 DEBUG  Queuing item for routing: Pin on net 'R_DSIB_D2_N' (connected: 1/2)
2026-08-15 22:17:19.951 DEBUG  Queuing item for routing: Pin on net 'R_DSIA_D2_N' (connected: 1/2)
2026-08-15 22:17:19.951 DEBUG  Queuing item for routing: Pin on net 'R_DSIB_D2_P' (connected: 1/2)
2026-08-15 22:17:19.952 DEBUG  Queuing item for routing: Pin on net 'R_DSIA_CLK_P' (connected: 1/2)
2026-08-15 22:17:19.952 DEBUG  Queuing item for routing: Pin on net 'R_DSIA_D1_P' (connected: 1/2)
2026-08-15 22:17:19.952 DEBUG  Queuing item for routing: Pin on net 'R_DSIA_CLK_N' (connected: 1/2)
2026-08-15 22:17:19.952 DEBUG  Queuing item for routing: Pin on net 'R_DSIA_D1_N' (connected: 1/2)
2026-08-15 22:17:19.952 DEBUG  Queuing item for routing: Pin on net 'R_DSIA_D3_P' (connected: 1/2)
2026-08-15 22:17:19.952 DEBUG  Queuing item for routing: Pin on net 'R_DSIA_D0_P' (connected: 1/2)
2026-08-15 22:17:19.952 DEBUG  Queuing item for routing: Pin on net 'R_DSIA_D3_N' (connected: 1/2)
2026-08-15 22:17:19.953 DEBUG  Queuing item for routing: Pin on net 'R_DSIA_D0_N' (connected: 1/2)
2026-08-15 22:17:19.953 DEBUG  Queuing item for routing: Pin on net 'USB2_HOST_DM' (connected: 1/7)
2026-08-15 22:17:19.953 DEBUG  Queuing item for routing: Pin on net 'USB2_HOST_DP' (connected: 1/4)
2026-08-15 22:17:19.953 DEBUG  Queuing item for routing: Pin on net 'USB_C_RX1_N' (connected: 3/4)
2026-08-15 22:17:19.953 DEBUG  Queuing item for routing: Pin on net 'USB_C_RX1_P' (connected: 3/4)
2026-08-15 22:17:19.953 DEBUG  Queuing item for routing: Pin on net 'USB_C_TX1_N' (connected: 3/4)
2026-08-15 22:17:19.954 DEBUG  Queuing item for routing: Pin on net 'USB_C_TX1_P' (connected: 3/4)
2026-08-15 22:17:19.954 DEBUG  Queuing item for routing: Pin on net 'R_DSIA_D0_P' (connected: 1/2)
2026-08-15 22:17:19.954 DEBUG  Queuing item for routing: Pin on net 'R_DSIA_D0_N' (connected: 1/2)
2026-08-15 22:17:19.954 DEBUG  Queuing item for routing: Pin on net 'R_DSIA_D1_P' (connected: 1/2)
2026-08-15 22:17:19.954 DEBUG  Queuing item for routing: Pin on net 'R_DSIA_D1_N' (connected: 1/2)
2026-08-15 22:17:19.954 DEBUG  Queuing item for routing: Pin on net 'R_DSIA_CLK_P' (connected: 1/2)
2026-08-15 22:17:19.954 DEBUG  Queuing item for routing: Pin on net 'R_DSIA_CLK_N' (connected: 1/2)
2026-08-15 22:17:19.955 DEBUG  Queuing item for routing: Pin on net 'HDMI_R_D2_N' (connected: 3/6)
2026-08-15 22:17:19.955 DEBUG  Queuing item for routing: Pin on net 'HDMI_R_D2_P' (connected: 3/7)
2026-08-15 22:17:19.955 DEBUG  Queuing item for routing: Pin on net 'R_DSIA_D2_P' (connected: 1/2)
2026-08-15 22:17:19.955 DEBUG  Queuing item for routing: Pin on net 'R_DSIA_D2_N' (connected: 1/2)
2026-08-15 22:17:19.955 DEBUG  Queuing item for routing: Pin on net 'HDMI_R_D1_N' (connected: 3/6)
2026-08-15 22:17:19.955 DEBUG  Queuing item for routing: Pin on net 'HDMI_R_D1_P' (connected: 3/7)
2026-08-15 22:17:19.956 DEBUG  Queuing item for routing: Pin on net 'R_DSIA_D3_P' (connected: 1/2)
2026-08-15 22:17:19.956 DEBUG  Queuing item for routing: Pin on net 'R_DSIA_D3_N' (connected: 1/2)
2026-08-15 22:17:19.956 DEBUG  Queuing item for routing: Pin on net 'HDMI_R_D0_N' (connected: 3/6)
2026-08-15 22:17:19.956 DEBUG  Queuing item for routing: Pin on net 'HDMI_R_D0_P' (connected: 3/7)
2026-08-15 22:17:19.956 DEBUG  Queuing item for routing: Pin on net 'HDMI_R_CLK_N' (connected: 1/4)
2026-08-15 22:17:19.956 DEBUG  Queuing item for routing: Pin on net 'HDMI_R_CLK_P' (connected: 1/5)
2026-08-15 22:17:19.957 DEBUG  Queuing item for routing: Pin on net 'R_DSIB_D0_N' (connected: 1/2)
2026-08-15 22:17:19.957 DEBUG  Queuing item for routing: Pin on net 'R_DSIB_D1_N' (connected: 1/2)
2026-08-15 22:17:19.957 DEBUG  Queuing item for routing: Pin on net 'R_DSIB_CLK_N' (connected: 1/2)
2026-08-15 22:17:19.957 DEBUG  Queuing item for routing: Pin on net 'R_DSIB_D2_N' (connected: 1/2)
2026-08-15 22:17:19.957 DEBUG  Queuing item for routing: Pin on net 'R_DSIB_D3_N' (connected: 1/2)
2026-08-15 22:17:19.957 DEBUG  Queuing item for routing: Pin on net 'R_DSIB_D0_P' (connected: 1/2)
2026-08-15 22:17:19.958 DEBUG  Queuing item for routing: Pin on net 'R_DSIB_D1_P' (connected: 1/2)
2026-08-15 22:17:19.958 DEBUG  Queuing item for routing: Pin on net 'R_DSIB_CLK_P' (connected: 1/2)
2026-08-15 22:17:19.958 DEBUG  Queuing item for routing: Pin on net 'R_DSIB_D2_P' (connected: 1/2)
2026-08-15 22:17:19.958 DEBUG  Queuing item for routing: Pin on net 'R_DSIB_D3_P' (connected: 1/2)
2026-08-15 22:17:19.958 DEBUG  Queuing item for routing: Pin on net 'USB_C_RX1_P' (connected: 1/4)
2026-08-15 22:17:19.958 DEBUG  Queuing item for routing: Pin on net 'USB_C_RX1_N' (connected: 1/4)
2026-08-15 22:17:19.958 DEBUG  Queuing item for routing: Pin on net 'USB2_HOST_DM' (connected: 5/7)
2026-08-15 22:17:19.959 DEBUG  Queuing item for routing: Pin on net 'USB2_HOST_DP' (connected: 1/4)
2026-08-15 22:17:19.959 DEBUG  Queuing item for routing: Pin on net 'USB_C_TX2_N' (connected: 1/5)
2026-08-15 22:17:19.959 DEBUG  Queuing item for routing: Pin on net 'USB_C_TX2_P' (connected: 1/5)
2026-08-15 22:17:19.959 DEBUG  Queuing item for routing: Pin on net 'USB_C_RX2_P' (connected: 1/5)
2026-08-15 22:17:19.959 DEBUG  Queuing item for routing: Pin on net 'USB_C_RX2_N' (connected: 1/5)
2026-08-15 22:17:19.959 DEBUG  Queuing item for routing: Pin on net 'USB2_HOST_DP' (connected: 1/4)
2026-08-15 22:17:19.960 DEBUG  Queuing item for routing: Pin on net 'USB_C_TX1_N' (connected: 1/4)
2026-08-15 22:17:19.960 DEBUG  Queuing item for routing: Pin on net 'USB_C_TX1_P' (connected: 1/4)
2026-08-15 22:17:19.960 DEBUG  Queuing item for routing: Pin on net 'USB2_SERVICE_DM' (connected: 3/5)
2026-08-15 22:17:19.960 DEBUG  Queuing item for routing: Pin on net 'USB2_SERVICE_DP' (connected: 3/5)
2026-08-15 22:17:19.960 DEBUG  Queuing item for routing: Pin on net 'USB_C_RX2_N' (connected: 4/5)
2026-08-15 22:17:19.960 DEBUG  Queuing item for routing: Pin on net 'USB_C_RX2_P' (connected: 4/5)
2026-08-15 22:17:19.961 DEBUG  Queuing item for routing: Pin on net 'USB_C_TX2_N' (connected: 4/5)
2026-08-15 22:17:19.961 DEBUG  Queuing item for routing: Pin on net 'USB_C_TX2_P' (connected: 4/5)
2026-08-15 22:17:19.961 DEBUG  Queuing item for routing: Pin on net 'PCIE_RX_N' (connected: 3/6)
2026-08-15 22:17:19.961 DEBUG  Queuing item for routing: Pin on net 'PCIE_RX_USB3_N' (connected: 1/2)
2026-08-15 22:17:19.961 DEBUG  Queuing item for routing: Pin on net 'PCIE_RX_P' (connected: 3/7)
2026-08-15 22:17:19.961 DEBUG  Queuing item for routing: Pin on net 'PCIE_RX_USB3_P' (connected: 1/2)
2026-08-15 22:17:19.961 DEBUG  Queuing item for routing: Pin on net 'L_DSIA_D0_P' (connected: 1/2)
2026-08-15 22:17:19.961 DEBUG  Queuing item for routing: Pin on net 'L_DSIA_D0_N' (connected: 1/2)
2026-08-15 22:17:19.962 DEBUG  Queuing item for routing: Pin on net 'L_DSIA_D1_P' (connected: 1/2)
2026-08-15 22:17:19.962 DEBUG  Queuing item for routing: Pin on net 'L_DSIA_D1_N' (connected: 1/2)
2026-08-15 22:17:19.962 DEBUG  Queuing item for routing: Pin on net 'L_DSIA_CLK_P' (connected: 1/2)
2026-08-15 22:17:19.962 DEBUG  Queuing item for routing: Pin on net 'L_DSIA_CLK_N' (connected: 1/2)
2026-08-15 22:17:19.962 DEBUG  Queuing item for routing: Pin on net 'HDMI_L_D2_N' (connected: 3/7)
2026-08-15 22:17:19.962 DEBUG  Queuing item for routing: Pin on net 'HDMI_L_D2_P' (connected: 3/6)
2026-08-15 22:17:19.962 DEBUG  Queuing item for routing: Pin on net 'L_DSIA_D2_P' (connected: 1/2)
2026-08-15 22:17:19.962 DEBUG  Queuing item for routing: Pin on net 'L_DSIA_D2_N' (connected: 1/2)
2026-08-15 22:17:19.962 DEBUG  Queuing item for routing: Pin on net 'HDMI_L_D1_N' (connected: 1/2)
2026-08-15 22:17:19.962 DEBUG  Queuing item for routing: Pin on net 'HDMI_L_D1_P' (connected: 3/7)
2026-08-15 22:17:19.963 DEBUG  Queuing item for routing: Pin on net 'L_DSIA_D3_P' (connected: 1/2)
2026-08-15 22:17:19.963 DEBUG  Queuing item for routing: Pin on net 'L_DSIA_D3_N' (connected: 1/2)
2026-08-15 22:17:19.963 DEBUG  Queuing item for routing: Pin on net 'HDMI_L_D0_N' (connected: 3/7)
2026-08-15 22:17:19.963 DEBUG  Queuing item for routing: Pin on net 'HDMI_L_D0_P' (connected: 3/6)
2026-08-15 22:17:19.963 DEBUG  Queuing item for routing: Pin on net 'HDMI_L_CLK_N' (connected: 1/5)
2026-08-15 22:17:19.963 DEBUG  Queuing item for routing: Pin on net 'HDMI_L_CLK_P' (connected: 3/6)
2026-08-15 22:17:19.964 DEBUG  Queuing item for routing: Pin on net 'L_DSIB_D0_N' (connected: 1/2)
2026-08-15 22:17:19.964 DEBUG  Queuing item for routing: Pin on net 'L_DSIB_D1_N' (connected: 1/2)
2026-08-15 22:17:19.964 DEBUG  Queuing item for routing: Pin on net 'L_DSIB_CLK_N' (connected: 1/2)
2026-08-15 22:17:19.964 DEBUG  Queuing item for routing: Pin on net 'L_DSIB_D2_N' (connected: 1/2)
2026-08-15 22:17:19.964 DEBUG  Queuing item for routing: Pin on net 'L_DSIB_D3_N' (connected: 1/2)
2026-08-15 22:17:19.964 DEBUG  Queuing item for routing: Pin on net 'L_DSIB_D0_P' (connected: 1/2)
2026-08-15 22:17:19.964 DEBUG  Queuing item for routing: Pin on net 'L_DSIB_D1_P' (connected: 1/2)
2026-08-15 22:17:19.965 DEBUG  Queuing item for routing: Pin on net 'L_DSIB_CLK_P' (connected: 1/2)
2026-08-15 22:17:19.965 DEBUG  Queuing item for routing: Pin on net 'L_DSIB_D2_P' (connected: 1/2)
2026-08-15 22:17:19.965 DEBUG  Queuing item for routing: Pin on net 'L_DSIB_D3_P' (connected: 1/2)
2026-08-15 22:17:19.965 DEBUG  Queuing item for routing: Pin on net 'L_DSIB_D0_N' (connected: 1/2)
2026-08-15 22:17:19.965 DEBUG  Queuing item for routing: Pin on net 'L_DSIB_D3_N' (connected: 1/2)
2026-08-15 22:17:19.965 DEBUG  Queuing item for routing: Pin on net 'L_DSIB_D0_P' (connected: 1/2)
2026-08-15 22:17:19.965 DEBUG  Queuing item for routing: Pin on net 'L_DSIB_D3_P' (connected: 1/2)
2026-08-15 22:17:19.965 DEBUG  Queuing item for routing: Pin on net 'L_DSIB_D1_N' (connected: 1/2)
2026-08-15 22:17:19.965 DEBUG  Queuing item for routing: Pin on net 'L_DSIB_CLK_N' (connected: 1/2)
2026-08-15 22:17:19.965 DEBUG  Queuing item for routing: Pin on net 'L_DSIB_D1_P' (connected: 1/2)
2026-08-15 22:17:19.965 DEBUG  Queuing item for routing: Pin on net 'L_DSIB_CLK_P' (connected: 1/2)
2026-08-15 22:17:19.966 DEBUG  Queuing item for routing: Pin on net 'L_DSIA_D2_P' (connected: 1/2)
2026-08-15 22:17:19.966 DEBUG  Queuing item for routing: Pin on net 'L_DSIB_D2_N' (connected: 1/2)
2026-08-15 22:17:19.966 DEBUG  Queuing item for routing: Pin on net 'L_DSIA_D2_N' (connected: 1/2)
2026-08-15 22:17:19.966 DEBUG  Queuing item for routing: Pin on net 'L_DSIB_D2_P' (connected: 1/2)
2026-08-15 22:17:19.966 DEBUG  Queuing item for routing: Pin on net 'L_DSIA_CLK_P' (connected: 1/2)
2026-08-15 22:17:19.966 DEBUG  Queuing item for routing: Pin on net 'L_DSIA_D1_P' (connected: 1/2)
2026-08-15 22:17:19.966 DEBUG  Queuing item for routing: Pin on net 'L_DSIA_CLK_N' (connected: 1/2)
2026-08-15 22:17:19.966 DEBUG  Queuing item for routing: Pin on net 'L_DSIA_D1_N' (connected: 1/2)
2026-08-15 22:17:19.966 DEBUG  Queuing item for routing: Pin on net 'L_DSIA_D3_P' (connected: 1/2)
2026-08-15 22:17:19.966 DEBUG  Queuing item for routing: Pin on net 'L_DSIA_D0_P' (connected: 1/2)
2026-08-15 22:17:19.966 DEBUG  Queuing item for routing: Pin on net 'L_DSIA_D3_N' (connected: 1/2)
2026-08-15 22:17:19.966 DEBUG  Queuing item for routing: Pin on net 'L_DSIA_D0_N' (connected: 1/2)
2026-08-15 22:17:19.966 DEBUG  Queuing item for routing: Pin on net 'USB3_RX_N' (connected: 1/2)
2026-08-15 22:17:19.966 DEBUG  Queuing item for routing: Pin on net 'USB3_RX_P' (connected: 1/2)
2026-08-15 22:17:19.967 DEBUG  Queuing item for routing: Pin on net 'USB3_TX_P' (connected: 1/2)
2026-08-15 22:17:23.798 DEBUG  [07A52D\3C72AD] Pass #1: 85 incompletes across 163 items to route
2026-08-15 22:17:23.799 DEBUG  [07A52D\3C72AD]   Net 'GND' has 1 incomplete(s)
2026-08-15 22:17:23.799 DEBUG  [07A52D\3C72AD]   Net 'USB3_TX_P' has 1 incomplete(s)
2026-08-15 22:17:23.799 DEBUG  [07A52D\3C72AD]   Net 'USB3_RX_P' has 1 incomplete(s)
2026-08-15 22:17:23.799 DEBUG  [07A52D\3C72AD]   Net 'USB3_RX_N' has 1 incomplete(s)
2026-08-15 22:17:23.799 DEBUG  [07A52D\3C72AD]   Net 'USB_C_RX2_N' has 1 incomplete(s)
2026-08-15 22:17:23.799 DEBUG  [07A52D\3C72AD]   Net 'USB_C_RX2_P' has 1 incomplete(s)
2026-08-15 22:17:23.799 DEBUG  [07A52D\3C72AD]   Net 'USB_C_TX2_N' has 1 incomplete(s)
2026-08-15 22:17:23.799 DEBUG  [07A52D\3C72AD]   Net 'USB_C_TX2_P' has 1 incomplete(s)
2026-08-15 22:17:23.799 DEBUG  [07A52D\3C72AD]   Net 'USB_C_RX1_N' has 1 incomplete(s)
2026-08-15 22:17:23.799 DEBUG  [07A52D\3C72AD]   Net 'USB_C_RX1_P' has 1 incomplete(s)
2026-08-15 22:17:23.799 DEBUG  [07A52D\3C72AD]   Net 'USB_C_TX1_N' has 1 incomplete(s)
2026-08-15 22:17:23.799 DEBUG  [07A52D\3C72AD]   Net 'USB_C_TX1_P' has 1 incomplete(s)
2026-08-15 22:17:23.799 DEBUG  [07A52D\3C72AD]   Net 'L_DSIA_D0_N' has 1 incomplete(s)
2026-08-15 22:17:23.799 DEBUG  [07A52D\3C72AD]   Net 'L_DSIA_D3_N' has 1 incomplete(s)
2026-08-15 22:17:23.799 DEBUG  [07A52D\3C72AD]   Net 'L_DSIA_D0_P' has 1 incomplete(s)
2026-08-15 22:17:23.799 DEBUG  [07A52D\3C72AD]   Net 'L_DSIA_D3_P' has 1 incomplete(s)
2026-08-15 22:17:23.799 DEBUG  [07A52D\3C72AD]   Net 'L_DSIA_D1_N' has 1 incomplete(s)
2026-08-15 22:17:23.799 DEBUG  [07A52D\3C72AD]   Net 'L_DSIA_CLK_N' has 1 incomplete(s)
2026-08-15 22:17:23.799 DEBUG  [07A52D\3C72AD]   Net 'L_DSIA_D1_P' has 1 incomplete(s)
2026-08-15 22:17:23.799 DEBUG  [07A52D\3C72AD]   Net 'L_DSIA_CLK_P' has 1 incomplete(s)
2026-08-15 22:17:23.799 DEBUG  [07A52D\3C72AD]   Net 'L_DSIB_D2_P' has 1 incomplete(s)
2026-08-15 22:17:23.799 DEBUG  [07A52D\3C72AD]   Net 'L_DSIA_D2_N' has 1 incomplete(s)
2026-08-15 22:17:23.799 DEBUG  [07A52D\3C72AD]   Net 'L_DSIB_D2_N' has 1 incomplete(s)
2026-08-15 22:17:23.799 DEBUG  [07A52D\3C72AD]   Net 'L_DSIA_D2_P' has 1 incomplete(s)
2026-08-15 22:17:23.799 DEBUG  [07A52D\3C72AD]   Net 'L_DSIB_CLK_P' has 1 incomplete(s)
2026-08-15 22:17:23.799 DEBUG  [07A52D\3C72AD]   Net 'L_DSIB_D1_P' has 1 incomplete(s)
2026-08-15 22:17:23.799 DEBUG  [07A52D\3C72AD]   Net 'L_DSIB_CLK_N' has 1 incomplete(s)
2026-08-15 22:17:23.799 DEBUG  [07A52D\3C72AD]   Net 'L_DSIB_D1_N' has 1 incomplete(s)
2026-08-15 22:17:23.799 DEBUG  [07A52D\3C72AD]   Net 'L_DSIB_D3_P' has 1 incomplete(s)
2026-08-15 22:17:23.799 DEBUG  [07A52D\3C72AD]   Net 'L_DSIB_D0_P' has 1 incomplete(s)
2026-08-15 22:17:23.799 DEBUG  [07A52D\3C72AD]   Net 'L_DSIB_D3_N' has 1 incomplete(s)
2026-08-15 22:17:23.799 DEBUG  [07A52D\3C72AD]   Net 'L_DSIB_D0_N' has 1 incomplete(s)
2026-08-15 22:17:23.799 DEBUG  [07A52D\3C72AD]   Net 'HDMI_L_CLK_P' has 1 incomplete(s)
2026-08-15 22:17:23.799 DEBUG  [07A52D\3C72AD]   Net 'HDMI_L_CLK_N' has 1 incomplete(s)
2026-08-15 22:17:23.799 DEBUG  [07A52D\3C72AD]   Net 'HDMI_L_D0_P' has 1 incomplete(s)
2026-08-15 22:17:23.799 DEBUG  [07A52D\3C72AD]   Net 'HDMI_L_D0_N' has 1 incomplete(s)
2026-08-15 22:17:23.800 DEBUG  [07A52D\3C72AD]   Net 'HDMI_L_D1_P' has 1 incomplete(s)
2026-08-15 22:17:23.800 DEBUG  [07A52D\3C72AD]   Net 'HDMI_L_D1_N' has 1 incomplete(s)
2026-08-15 22:17:23.800 DEBUG  [07A52D\3C72AD]   Net 'HDMI_L_D2_P' has 1 incomplete(s)
2026-08-15 22:17:23.800 DEBUG  [07A52D\3C72AD]   Net 'HDMI_L_D2_N' has 1 incomplete(s)
2026-08-15 22:17:23.800 DEBUG  [07A52D\3C72AD]   Net 'USB2_SERVICE_DP' has 2 incomplete(s)
2026-08-15 22:17:23.800 DEBUG  [07A52D\3C72AD]   Net 'USB2_SERVICE_DM' has 2 incomplete(s)
2026-08-15 22:17:23.800 DEBUG  [07A52D\3C72AD]   Net 'PCIE_RX_USB3_P' has 1 incomplete(s)
2026-08-15 22:17:23.800 DEBUG  [07A52D\3C72AD]   Net 'PCIE_RX_P' has 1 incomplete(s)
2026-08-15 22:17:23.800 DEBUG  [07A52D\3C72AD]   Net 'USB2_HOST_DP' has 3 incomplete(s)
2026-08-15 22:17:23.800 DEBUG  [07A52D\3C72AD]   Net 'USB2_HOST_DM' has 2 incomplete(s)
2026-08-15 22:17:23.800 DEBUG  [07A52D\3C72AD]   Net 'R_DSIB_D3_P' has 1 incomplete(s)
2026-08-15 22:17:23.800 DEBUG  [07A52D\3C72AD]   Net 'R_DSIB_D2_P' has 1 incomplete(s)
2026-08-15 22:17:23.800 DEBUG  [07A52D\3C72AD]   Net 'R_DSIB_CLK_P' has 1 incomplete(s)
2026-08-15 22:17:23.800 DEBUG  [07A52D\3C72AD]   Net 'R_DSIB_D1_P' has 1 incomplete(s)
2026-08-15 22:17:23.800 DEBUG  [07A52D\3C72AD]   Net 'R_DSIB_D0_P' has 1 incomplete(s)
2026-08-15 22:17:23.800 DEBUG  [07A52D\3C72AD]   Net 'R_DSIB_D3_N' has 1 incomplete(s)
2026-08-15 22:17:23.800 DEBUG  [07A52D\3C72AD]   Net 'R_DSIB_D2_N' has 1 incomplete(s)
2026-08-15 22:17:23.800 DEBUG  [07A52D\3C72AD]   Net 'R_DSIB_CLK_N' has 1 incomplete(s)
2026-08-15 22:17:23.800 DEBUG  [07A52D\3C72AD]   Net 'R_DSIB_D1_N' has 1 incomplete(s)
2026-08-15 22:17:23.800 DEBUG  [07A52D\3C72AD]   Net 'R_DSIB_D0_N' has 1 incomplete(s)
2026-08-15 22:17:23.800 DEBUG  [07A52D\3C72AD]   Net 'HDMI_R_CLK_P' has 1 incomplete(s)
2026-08-15 22:17:23.800 DEBUG  [07A52D\3C72AD]   Net 'HDMI_R_CLK_N' has 1 incomplete(s)
2026-08-15 22:17:23.800 DEBUG  [07A52D\3C72AD]   Net 'HDMI_R_D0_P' has 1 incomplete(s)
2026-08-15 22:17:23.800 DEBUG  [07A52D\3C72AD]   Net 'HDMI_R_D0_N' has 1 incomplete(s)
2026-08-15 22:17:23.800 DEBUG  [07A52D\3C72AD]   Net 'R_DSIA_D3_N' has 1 incomplete(s)
2026-08-15 22:17:23.800 DEBUG  [07A52D\3C72AD]   Net 'R_DSIA_D3_P' has 1 incomplete(s)
2026-08-15 22:17:23.800 DEBUG  [07A52D\3C72AD]   Net 'HDMI_R_D1_P' has 1 incomplete(s)
2026-08-15 22:17:23.801 DEBUG  [07A52D\3C72AD]   Net 'HDMI_R_D1_N' has 1 incomplete(s)
2026-08-15 22:17:23.801 DEBUG  [07A52D\3C72AD]   Net 'R_DSIA_D2_N' has 1 incomplete(s)
2026-08-15 22:17:23.801 DEBUG  [07A52D\3C72AD]   Net 'R_DSIA_D2_P' has 1 incomplete(s)
2026-08-15 22:17:23.801 DEBUG  [07A52D\3C72AD]   Net 'HDMI_R_D2_P' has 1 incomplete(s)
2026-08-15 22:17:23.801 DEBUG  [07A52D\3C72AD]   Net 'HDMI_R_D2_N' has 1 incomplete(s)
2026-08-15 22:17:23.801 DEBUG  [07A52D\3C72AD]   Net 'R_DSIA_CLK_N' has 1 incomplete(s)
2026-08-15 22:17:23.801 DEBUG  [07A52D\3C72AD]   Net 'R_DSIA_CLK_P' has 1 incomplete(s)
2026-08-15 22:17:23.801 DEBUG  [07A52D\3C72AD]   Net 'R_DSIA_D1_N' has 1 incomplete(s)
2026-08-15 22:17:23.801 DEBUG  [07A52D\3C72AD]   Net 'R_DSIA_D1_P' has 1 incomplete(s)
2026-08-15 22:17:23.801 DEBUG  [07A52D\3C72AD]   Net 'R_DSIA_D0_N' has 1 incomplete(s)
2026-08-15 22:17:23.801 DEBUG  [07A52D\3C72AD]   Net 'R_DSIA_D0_P' has 1 incomplete(s)
2026-08-15 22:17:23.801 DEBUG  [07A52D\3C72AD]   Net 'PCIE_RX_USB3_N' has 1 incomplete(s)
2026-08-15 22:17:23.801 DEBUG  [07A52D\3C72AD]   Net 'PCIE_RX_N' has 1 incomplete(s)
2026-08-15 22:17:23.801 DEBUG  [07A52D\3C72AD]   Net 'PCIE_CLK_P' has 1 incomplete(s)
2026-08-15 22:17:23.801 DEBUG  [07A52D\3C72AD]   Net 'PCIE_CLK_N' has 1 incomplete(s)
2026-08-15 22:17:23.801 DEBUG  [07A52D\3C72AD]   Net 'PCIE_TX_P' has 1 incomplete(s)
2026-08-15 22:17:23.801 DEBUG  [07A52D\3C72AD]   Net 'PCIE_TX_N' has 1 incomplete(s)
2026-08-15 22:17:46.775 DEBUG  InsertFoundConnectionAlgo: insert trace failed for net #39 at corner 17/17 on layer 0, trace width: 450, from corner: 4, ok_point: (1379818,-1040075), target: (1396500,-1047500)
2026-08-15 22:17:46.803 DEBUG  [07A52D\3C72AD] Autorouter Failed to route connection between pin #33 of component #82 and pin #177 of component #223, because the new connection could not be inserted.
2026-08-15 22:17:50.675 DEBUG  InsertFoundConnectionAlgo: insert trace failed for net #38 at corner 8/29 on layer 3, trace width: 450, from corner: 7, ok_point: (1607947,-943052), target: (1659532,-943052)
2026-08-15 22:17:50.694 DEBUG  [07A52D\3C72AD] Autorouter Failed to route connection between pin #32 of component #82 and polylinetrace, polylinetrace, via, pin #175 of component #223, because the new connection could not be inserted.
2026-08-15 22:19:57.808 DEBUG  InsertFoundConnectionAlgo: insert trace failed for net #52 at corner 34/34 on layer 0, trace width: 450, from corner: 24, ok_point: (2080778,-1032482), target: (2091009,-1014659)
2026-08-15 22:19:57.832 DEBUG  [07A52D\3C72AD] Autorouter Failed to route connection between pin #8 of component #173 and pin #35 of component #182, because the new connection could not be inserted.
2026-08-15 22:20:37.193 DEBUG  OptViaAlgo.opt_via_location: probably endless loop
2026-08-15 22:21:01.979 DEBUG  InsertFoundConnectionAlgo: insert trace failed for net #72 at corner 13/13 on layer 0, trace width: 450, from corner: 4, ok_point: (1899636,-1051841), target: (1889000,-1054500)
2026-08-15 22:21:02.004 DEBUG  [07A52D\3C72AD] Autorouter Failed to route connection between pin #54 of component #173 and pin #16 of component #182, because the new connection could not be inserted.
2026-08-15 22:21:24.777 DEBUG  InsertFoundConnectionAlgo: via placement blocked by clearance/shove limits for net #74
2026-08-15 22:21:24.803 DEBUG  [07A52D\3C72AD] Autorouter Failed to route connection between pin #58 of component #173 and pin #10 of component #182, because the new connection could not be inserted.
2026-08-15 22:21:58.698 DEBUG  InsertFoundConnectionAlgo: via placement blocked by clearance/shove limits for net #74
2026-08-15 22:21:58.733 DEBUG  [07A52D\3C72AD] Autorouter Failed to route connection between polylinetrace, polylinetrace, polylinetrace, via, via, pin #10 of component #182 and pin #58 of component #173, because the new connection could not be inserted.
2026-08-15 22:22:09.862 DEBUG  InsertFoundConnectionAlgo: via placement blocked by clearance/shove limits for net #72
2026-08-15 22:22:09.893 DEBUG  [07A52D\3C72AD] Autorouter Failed to route connection between polylinetrace, via, pin #16 of component #182 and pin #54 of component #173, because the new connection could not be inserted.
2026-08-15 22:23:04.665 DEBUG  InsertFoundConnectionAlgo: insert trace failed for net #60 at corner 20/53 on layer 3, trace width: 450, from corner: 19, ok_point: (1917631,-1051029), target: (1902166,-1051029)
2026-08-15 22:23:04.696 DEBUG  [07A52D\3C72AD] Autorouter Failed to route connection between polylinetrace, polylinetrace, via, pin #157 of component #223 and polylinetrace, via, pin #24 of component #173, because the new connection could not be inserted.
