2026-08-15 21:48:33.553 INFO   Freerouting v2.3.0 (build-date: 2026-08-07)
2026-08-15 21:48:33.558 DEBUG  [startup] user-data path : C:\Users\jfran\Documents\GitHub\H.265-SVRT\design\electrical\pcb-hmd-carrier-board\output\production-audit\freerouting-run-high-speed-only  (source: CLI argument --user_data_path)
2026-08-15 21:48:33.558 DEBUG  [startup] log file       : C:\Users\jfran\Documents\GitHub\H.265-SVRT\design\electrical\pcb-hmd-carrier-board\output\production-audit\freerouting-run-high-speed-only\freerouting.log
2026-08-15 21:48:33.559 DEBUG  No freerouting.json found at 'C:\Users\jfran\Documents\GitHub\H.265-SVRT\design\electrical\pcb-hmd-carrier-board\output\production-audit\freerouting-run-high-speed-only\freerouting.json' — will create one with default settings.
2026-08-15 21:48:33.603 DEBUG  Default settings saved to 'C:\Users\jfran\Documents\GitHub\H.265-SVRT\design\electrical\pcb-hmd-carrier-board\output\production-audit\freerouting-run-high-speed-only\freerouting.json'.
2026-08-15 21:48:33.604 DEBUG  Version: 2.3.0,2026-08-07
2026-08-15 21:48:33.604 DEBUG  Command line arguments: '-de C:\Users\jfran\Documents\GitHub\H.265-SVRT\design\electrical\pcb-hmd-carrier-board\output\production-audit\pcb-hmd-carrier-board2-high-speed-only.dsn -do C:\Users\jfran\Documents\GitHub\H.265-SVRT\design\electrical\pcb-hmd-carrier-board\output\production-audit\pcb-hmd-carrier-board2-high-speed-only.ses -mp 1 -mt 0 --router.fanout.enabled=false --router.optimizer.enabled=false --router.layers.routable=true,false,true,true,false,true --router.layers.preferred_direction_horizontal=true,false,false,true,false,true --api_server.enabled=false --gui.enabled=false --logging.console.level=INFO --user_data_path=C:\Users\jfran\Documents\GitHub\H.265-SVRT\design\electrical\pcb-hmd-carrier-board\output\production-audit\freerouting-run-high-speed-only -l en'
2026-08-15 21:48:33.604 DEBUG  Architecture: Windows 11,amd64,10.0
2026-08-15 21:48:33.604 DEBUG  Java: 25.0.4,Eclipse Adoptium
2026-08-15 21:48:33.604 DEBUG  System Language: fr,fr_FR
2026-08-15 21:48:33.604 DEBUG  Hardware: 12 CPU cores,4044 MB RAM
2026-08-15 21:48:33.605 DEBUG  UTC Time: 2026-08-15T19:48:33.604577100Z
2026-08-15 21:48:33.607 DEBUG  GUI Language: en
2026-08-15 21:48:33.607 DEBUG  Host: N/A
2026-08-15 21:48:34.661 DEBUG  Loaded router settings from: C:\Users\jfran\Documents\GitHub\H.265-SVRT\design\electrical\pcb-hmd-carrier-board\output\production-audit\freerouting-run-high-speed-only\freerouting.json
2026-08-15 21:48:34.662 DEBUG  Applied CLI router setting: router.max_passes = 1
2026-08-15 21:48:34.662 DEBUG  Applied CLI router setting: router.max_threads = 0
2026-08-15 21:48:34.662 DEBUG  Applied CLI router setting: router.fanout.enabled = false
2026-08-15 21:48:34.662 DEBUG  Applied CLI router setting: router.optimizer.enabled = false
2026-08-15 21:48:34.663 DEBUG  Applied CLI router setting: router.layers.routable = true,false,true,true,false,true
2026-08-15 21:48:34.663 DEBUG  Applied CLI router setting: router.layers.preferred_direction_horizontal = true,false,false,true,false,true
2026-08-15 21:48:34.663 DEBUG  Applied CLI router setting: router.enabled = true (implicit from -de/-do batch mode)
2026-08-15 21:48:34.663 DEBUG  No router settings found in environment variables
2026-08-15 21:48:34.737 DEBUG  Set DEFAULT clearance (all layers): 1500 (0.0375 mm) from DSN value 150.0
2026-08-15 21:48:34.743 DEBUG  Set clearance (all layers): smd_smd = 375 (0.009375 mm), classes [2,2]
2026-08-15 21:48:34.745 DEBUG  Set default trace width (all layers): DSN=150.0 → board=1500 (0.0375 mm)
2026-08-15 21:48:34.825 DEBUG  Loaded router settings from DSN file: pcb-hmd-carrier-board2-high-speed-only.dsn (6 layers)
2026-08-15 21:48:34.836 DEBUG  Set DEFAULT clearance (all layers): 1500 (0.0375 mm) from DSN value 150.0
2026-08-15 21:48:34.836 DEBUG  Set clearance (all layers): smd_smd = 375 (0.009375 mm), classes [2,2]
2026-08-15 21:48:34.837 DEBUG  Set default trace width (all layers): DSN=150.0 → board=1500 (0.0375 mm)
2026-08-15 21:48:34.862 DEBUG  Loaded router settings from DSN file: pcb-hmd-carrier-board2-high-speed-only.dsn (6 layers)
2026-08-15 21:48:34.864 DEBUG  Merging settings from 5 sources:
2026-08-15 21:48:34.864 DEBUG    - Default Settings (priority 0): base settings
2026-08-15 21:48:34.866 DEBUG    - freerouting.json (priority 10): 0 fields changed
2026-08-15 21:48:34.866 DEBUG    - DSN file: pcb-hmd-carrier-board2-high-speed-only.dsn (priority 20): 8 fields changed
2026-08-15 21:48:34.867 DEBUG    - Environment Variables (priority 55): 0 fields changed
2026-08-15 21:48:34.867 DEBUG    - CLI Arguments (priority 60): 10 fields changed
2026-08-15 21:48:34.867 DEBUG  Settings merged successfully from 5 source(s)
2026-08-15 21:48:34.967 DEBUG  No new version available. Current version is up to date: v2.3.0
2026-08-15 21:48:35.081 INFO   [B114FC\AEB687] Loading board file 'pcb-hmd-carrier-board2-high-speed-only.dsn'...
2026-08-15 21:48:35.088 DEBUG  Set DEFAULT clearance (all layers): 1500 (0.0375 mm) from DSN value 150.0
2026-08-15 21:48:35.088 DEBUG  Set clearance (all layers): smd_smd = 375 (0.009375 mm), classes [2,2]
2026-08-15 21:48:35.088 DEBUG  Set default trace width (all layers): DSN=150.0 → board=1500 (0.0375 mm)
2026-08-15 21:48:35.237 WARN   Wiring: via net '+3V3' not found at '+3V3'
2026-08-15 21:48:35.238 WARN   Wiring: via net '+3V3' not found at '+3V3'
2026-08-15 21:48:35.240 WARN   Wiring: via net 'LED_BLUE_GPIO16_N' not found at 'LED_BLUE_GPIO16_N'
2026-08-15 21:48:35.241 WARN   Wiring: via net 'LED_BLUE_GPIO16_N' not found at 'LED_BLUE_GPIO16_N'
2026-08-15 21:48:35.243 WARN   Wiring: via net 'nPI_LED_PWR' not found at 'nPI_LED_PWR'
2026-08-15 21:48:35.244 WARN   Wiring: via net 'nPI_LED_PWR' not found at 'nPI_LED_PWR'
2026-08-15 21:48:35.245 WARN   Wiring: via net 'VOL_DOWN_GPIO17_N' not found at 'VOL_DOWN_GPIO17_N'
2026-08-15 21:48:35.246 WARN   Wiring: via net 'VOL_DOWN_GPIO17_N' not found at 'VOL_DOWN_GPIO17_N'
2026-08-15 21:48:35.247 WARN   Wiring: via net 'LED_GREEN_GPIO13_N' not found at 'LED_GREEN_GPIO13_N'
2026-08-15 21:48:35.247 WARN   Wiring: via net 'LED_GREEN_GPIO13_N' not found at 'LED_GREEN_GPIO13_N'
2026-08-15 21:48:35.248 WARN   Wiring: via net 'VOL_UP_GPIO24_N' not found at 'VOL_UP_GPIO24_N'
2026-08-15 21:48:35.248 WARN   Wiring: via net 'VOL_UP_GPIO24_N' not found at 'VOL_UP_GPIO24_N'
2026-08-15 21:48:35.249 WARN   Wiring: via net 'PWR_KEY_GPIO26_N' not found at 'PWR_KEY_GPIO26_N'
2026-08-15 21:48:35.249 WARN   Wiring: via net 'PWR_KEY_GPIO26_N' not found at 'PWR_KEY_GPIO26_N'
2026-08-15 21:48:35.257 WARN   DSN file 'pcb-hmd-carrier-board2-high-speed-only.dsn' was loaded with 14 warning(s).
2026-08-15 21:48:35.258 DEBUG  applyBoardSpecificOptimizations changed parameters:
  Layer 0: bendCost: null -> 0.0; preferredDirectionTraceCost: 1.0 -> 2.2; undesiredDirectionTraceCost: 1.0 -> 5.1000000000000005;
  Layer 1: bendCost: null -> 0.0; undesiredDirectionTraceCost: 1.0 -> 1.3;
  Layer 2: bendCost: null -> 0.0; undesiredDirectionTraceCost: 1.0 -> 3.9000000000000004;
  Layer 3: bendCost: null -> 0.0; undesiredDirectionTraceCost: 1.0 -> 1.3;
  Layer 4: bendCost: null -> 0.0; undesiredDirectionTraceCost: 1.0 -> 3.9000000000000004;
  Layer 5: bendCost: null -> 0.0; preferredDirectionTraceCost: 1.0 -> 2.2; undesiredDirectionTraceCost: 1.0 -> 2.5;
2026-08-15 21:48:35.280 DEBUG  Applied copper-to-edge clearance override: 500.0 um (5000 board units).
2026-08-15 21:48:35.286 DEBUG  Set DEFAULT clearance (all layers): 1500 (0.0375 mm) from DSN value 150.0
2026-08-15 21:48:35.287 DEBUG  Set clearance (all layers): smd_smd = 375 (0.009375 mm), classes [2,2]
2026-08-15 21:48:35.287 DEBUG  Set default trace width (all layers): DSN=150.0 → board=1500 (0.0375 mm)
2026-08-15 21:48:35.307 DEBUG  Loaded router settings from DSN file: pcb-hmd-carrier-board2-high-speed-only.dsn (6 layers)
2026-08-15 21:48:35.308 DEBUG  Merging settings from 6 sources:
2026-08-15 21:48:35.308 DEBUG    - Default Settings (priority 0): base settings
2026-08-15 21:48:35.308 DEBUG    - freerouting.json (priority 10): 0 fields changed
2026-08-15 21:48:35.309 DEBUG    - DSN file: pcb-hmd-carrier-board2-high-speed-only.dsn (priority 20): 8 fields changed
2026-08-15 21:48:35.309 DEBUG    - Environment Variables (priority 55): 0 fields changed
2026-08-15 21:48:35.309 DEBUG    - CLI Arguments (priority 60): 10 fields changed
2026-08-15 21:48:35.310 DEBUG    - API Settings (priority 70): 28 fields changed
2026-08-15 21:48:35.310 DEBUG  Settings merged successfully from 6 source(s)
2026-08-15 21:48:35.310 DEBUG  applyBoardSpecificOptimizations changed parameters:
  Layer 0: preferredDirectionTraceCost: 1.0 -> 2.2; undesiredDirectionTraceCost: 1.0 -> 5.1000000000000005;
  Layer 1: undesiredDirectionTraceCost: 1.0 -> 1.3;
  Layer 2: undesiredDirectionTraceCost: 1.0 -> 3.9000000000000004;
  Layer 3: undesiredDirectionTraceCost: 1.0 -> 1.3;
  Layer 4: undesiredDirectionTraceCost: 1.0 -> 3.9000000000000004;
  Layer 5: preferredDirectionTraceCost: 1.0 -> 2.2; undesiredDirectionTraceCost: 1.0 -> 2.5;
2026-08-15 21:48:35.314 INFO   [B114FC\AEB687] Job 'B114FC\AEB687' started at 2026-08-15T19:48:35.313446Z.
2026-08-15 21:48:35.483 DEBUG  [B114FC\AEB687] Checking fanout pre-pass. settings.fanout.enabled=false, smd_pins=1581
2026-08-15 21:48:35.533 WARN   Wiring.write_wire_scope: net not found
2026-08-15 21:48:35.534 WARN   Wiring.write_wire_scope: net not found
2026-08-15 21:48:35.535 WARN   Wiring.write_wire_scope: net not found
2026-08-15 21:48:35.535 WARN   Wiring.write_wire_scope: net not found
2026-08-15 21:48:35.535 WARN   Wiring.write_wire_scope: net not found
2026-08-15 21:48:35.535 WARN   Wiring.write_wire_scope: net not found
2026-08-15 21:48:35.536 WARN   Wiring.write_wire_scope: net not found
2026-08-15 21:48:35.536 WARN   Wiring.write_wire_scope: net not found
2026-08-15 21:48:35.536 WARN   Wiring.write_wire_scope: net not found
2026-08-15 21:48:35.536 WARN   Wiring.write_wire_scope: net not found
2026-08-15 21:48:35.537 WARN   Wiring.write_wire_scope: net not found
2026-08-15 21:48:35.537 WARN   Wiring.write_wire_scope: net not found
2026-08-15 21:48:35.537 WARN   Wiring.write_wire_scope: net not found
2026-08-15 21:48:35.537 WARN   Wiring.write_wire_scope: net not found
2026-08-15 21:48:35.537 WARN   Wiring.write_wire_scope: net not found
2026-08-15 21:48:35.538 WARN   Wiring.write_wire_scope: net not found
2026-08-15 21:48:35.538 WARN   Wiring.write_wire_scope: net not found
2026-08-15 21:48:35.538 INFO   [B114FC\AEB687] Auto-routing stage started on board '64e52a78f59f59de2dcdc410e3288282' for 96 unrouted items.
2026-08-15 21:48:35.538 WARN   Wiring.write_wire_scope: net not found
2026-08-15 21:48:35.539 WARN   Wiring.write_wire_scope: net not found
2026-08-15 21:48:35.540 WARN   Wiring.write_wire_scope: net not found
2026-08-15 21:48:35.540 WARN   Wiring.write_wire_scope: net not found
2026-08-15 21:48:35.540 WARN   Wiring.write_wire_scope: net not found
2026-08-15 21:48:35.541 WARN   Wiring.write_wire_scope: net not found
2026-08-15 21:48:35.541 WARN   Wiring.write_wire_scope: net not found
2026-08-15 21:48:35.541 WARN   Wiring.write_wire_scope: net not found
2026-08-15 21:48:35.541 WARN   Wiring.write_wire_scope: net not found
2026-08-15 21:48:35.542 WARN   Wiring.write_wire_scope: net not found
2026-08-15 21:48:35.542 WARN   Wiring.write_wire_scope: net not found
2026-08-15 21:48:35.542 WARN   Wiring.write_wire_scope: net not found
2026-08-15 21:48:35.542 WARN   Wiring.write_wire_scope: net not found
2026-08-15 21:48:35.542 WARN   Wiring.write_wire_scope: net not found
2026-08-15 21:48:35.543 WARN   Wiring.write_wire_scope: net not found
2026-08-15 21:48:35.543 WARN   Wiring.write_wire_scope: net not found
2026-08-15 21:48:35.543 WARN   Wiring.write_wire_scope: net not found
2026-08-15 21:48:35.544 WARN   Wiring.write_wire_scope: net not found
2026-08-15 21:48:35.544 WARN   Wiring.write_wire_scope: net not found
2026-08-15 21:48:35.544 WARN   Wiring.write_wire_scope: net not found
2026-08-15 21:48:35.544 WARN   Wiring.write_wire_scope: net not found
2026-08-15 21:48:35.544 WARN   Wiring.write_wire_scope: net not found
2026-08-15 21:48:35.545 WARN   Wiring.write_wire_scope: net not found
2026-08-15 21:48:35.545 WARN   Wiring.write_wire_scope: net not found
2026-08-15 21:48:35.545 WARN   Wiring.write_wire_scope: net not found
2026-08-15 21:48:35.545 WARN   Wiring.write_wire_scope: net not found
2026-08-15 21:48:35.545 WARN   Wiring.write_wire_scope: net not found
2026-08-15 21:48:35.546 WARN   Wiring.write_wire_scope: net not found
2026-08-15 21:48:35.546 WARN   Wiring.write_wire_scope: net not found
2026-08-15 21:48:35.546 WARN   Wiring.write_wire_scope: net not found
2026-08-15 21:48:35.546 WARN   Wiring.write_wire_scope: net not found
2026-08-15 21:48:35.547 WARN   Wiring.write_wire_scope: net not found
2026-08-15 21:48:35.547 WARN   Wiring.write_wire_scope: net not found
2026-08-15 21:48:35.547 WARN   Wiring.write_wire_scope: net not found
2026-08-15 21:48:35.547 WARN   Wiring.write_wire_scope: net not found
2026-08-15 21:48:35.547 WARN   Wiring.write_wire_scope: net not found
2026-08-15 21:48:35.548 WARN   Wiring.write_wire_scope: net not found
2026-08-15 21:48:35.548 WARN   Wiring.write_wire_scope: net not found
2026-08-15 21:48:35.548 WARN   Wiring.write_wire_scope: net not found
2026-08-15 21:48:35.548 WARN   Wiring.write_wire_scope: net not found
2026-08-15 21:48:35.549 WARN   Wiring.write_wire_scope: net not found
2026-08-15 21:48:43.437 DEBUG  Queuing item for routing: PolylineTrace on net 'GND' (connected: 14/43)
2026-08-15 21:48:43.437 DEBUG  Queuing item for routing: Pin on net 'USB2_SERVICE_DM' (connected: 1/4)
2026-08-15 21:48:43.437 DEBUG  Queuing item for routing: Pin on net 'USB2_SERVICE_DP' (connected: 1/4)
2026-08-15 21:48:43.438 DEBUG  Queuing item for routing: Pin on net 'HDMI_L_CLK_N' (connected: 1/2)
2026-08-15 21:48:43.438 DEBUG  Queuing item for routing: Pin on net 'HDMI_L_CLK_P' (connected: 1/2)
2026-08-15 21:48:43.438 DEBUG  Queuing item for routing: Pin on net 'HDMI_L_D0_N' (connected: 1/2)
2026-08-15 21:48:43.439 DEBUG  Queuing item for routing: Pin on net 'HDMI_L_D0_P' (connected: 1/2)
2026-08-15 21:48:43.439 DEBUG  Queuing item for routing: Pin on net 'HDMI_L_D1_N' (connected: 1/2)
2026-08-15 21:48:43.439 DEBUG  Queuing item for routing: Pin on net 'HDMI_L_D1_P' (connected: 1/2)
2026-08-15 21:48:43.440 DEBUG  Queuing item for routing: Pin on net 'HDMI_L_D2_N' (connected: 1/2)
2026-08-15 21:48:43.440 DEBUG  Queuing item for routing: Pin on net 'HDMI_L_D2_P' (connected: 1/2)
2026-08-15 21:48:43.440 DEBUG  Queuing item for routing: Pin on net 'HDMI_R_CLK_N' (connected: 1/2)
2026-08-15 21:48:43.440 DEBUG  Queuing item for routing: Pin on net 'HDMI_R_CLK_P' (connected: 1/2)
2026-08-15 21:48:43.441 DEBUG  Queuing item for routing: Pin on net 'HDMI_R_D0_N' (connected: 1/2)
2026-08-15 21:48:43.441 DEBUG  Queuing item for routing: Pin on net 'HDMI_R_D0_P' (connected: 1/2)
2026-08-15 21:48:43.441 DEBUG  Queuing item for routing: Pin on net 'HDMI_R_D1_N' (connected: 1/2)
2026-08-15 21:48:43.442 DEBUG  Queuing item for routing: Pin on net 'HDMI_R_D1_P' (connected: 1/2)
2026-08-15 21:48:43.442 DEBUG  Queuing item for routing: Pin on net 'HDMI_R_D2_N' (connected: 1/2)
2026-08-15 21:48:43.442 DEBUG  Queuing item for routing: Pin on net 'HDMI_R_D2_P' (connected: 1/2)
2026-08-15 21:48:43.442 DEBUG  Queuing item for routing: Pin on net 'PCIE_RX_N' (connected: 1/2)
2026-08-15 21:48:43.443 DEBUG  Queuing item for routing: Pin on net 'PCIE_RX_P' (connected: 1/2)
2026-08-15 21:48:43.443 DEBUG  Queuing item for routing: Pin on net 'PCIE_TX_N' (connected: 1/2)
2026-08-15 21:48:43.443 DEBUG  Queuing item for routing: Pin on net 'PCIE_TX_P' (connected: 1/2)
2026-08-15 21:48:43.443 DEBUG  Queuing item for routing: Pin on net 'PCIE_CLK_N' (connected: 1/2)
2026-08-15 21:48:43.443 DEBUG  Queuing item for routing: Pin on net 'PCIE_CLK_P' (connected: 1/2)
2026-08-15 21:48:43.443 DEBUG  Queuing item for routing: Pin on net 'USB2_SERVICE_DP' (connected: 1/4)
2026-08-15 21:48:43.443 DEBUG  Queuing item for routing: Pin on net 'USB2_SERVICE_DM' (connected: 1/4)
2026-08-15 21:48:43.444 DEBUG  Queuing item for routing: Pin on net 'USB2_HOST_DM' (connected: 1/4)
2026-08-15 21:48:43.444 DEBUG  Queuing item for routing: Pin on net 'USB2_HOST_DP' (connected: 1/4)
2026-08-15 21:48:43.444 DEBUG  Queuing item for routing: Pin on net 'USB3_RX_N' (connected: 1/2)
2026-08-15 21:48:43.444 DEBUG  Queuing item for routing: Pin on net 'USB3_RX_P' (connected: 1/2)
2026-08-15 21:48:43.444 DEBUG  Queuing item for routing: Pin on net 'USB3_TX_N' (connected: 1/2)
2026-08-15 21:48:43.445 DEBUG  Queuing item for routing: Pin on net 'USB3_TX_P' (connected: 1/2)
2026-08-15 21:48:43.445 DEBUG  Queuing item for routing: Pin on net 'PCIE_TX_N' (connected: 1/2)
2026-08-15 21:48:43.445 DEBUG  Queuing item for routing: Pin on net 'PCIE_TX_P' (connected: 1/2)
2026-08-15 21:48:43.445 DEBUG  Queuing item for routing: Pin on net 'PCIE_RX_USB3_N' (connected: 1/2)
2026-08-15 21:48:43.445 DEBUG  Queuing item for routing: Pin on net 'PCIE_RX_USB3_P' (connected: 1/2)
2026-08-15 21:48:43.445 DEBUG  Queuing item for routing: Pin on net 'PCIE_CLK_N' (connected: 1/2)
2026-08-15 21:48:43.446 DEBUG  Queuing item for routing: Pin on net 'PCIE_CLK_P' (connected: 1/2)
2026-08-15 21:48:43.446 DEBUG  Queuing item for routing: Pin on net 'R_DSIB_D0_N' (connected: 1/2)
2026-08-15 21:48:43.446 DEBUG  Queuing item for routing: Pin on net 'R_DSIB_D3_N' (connected: 1/2)
2026-08-15 21:48:43.446 DEBUG  Queuing item for routing: Pin on net 'R_DSIB_D0_P' (connected: 1/2)
2026-08-15 21:48:43.446 DEBUG  Queuing item for routing: Pin on net 'R_DSIB_D3_P' (connected: 1/2)
2026-08-15 21:48:43.446 DEBUG  Queuing item for routing: Pin on net 'R_DSIB_D1_N' (connected: 1/2)
2026-08-15 21:48:43.447 DEBUG  Queuing item for routing: Pin on net 'R_DSIB_CLK_N' (connected: 1/2)
2026-08-15 21:48:43.447 DEBUG  Queuing item for routing: Pin on net 'R_DSIB_D1_P' (connected: 1/2)
2026-08-15 21:48:43.447 DEBUG  Queuing item for routing: Pin on net 'R_DSIB_CLK_P' (connected: 1/2)
2026-08-15 21:48:43.447 DEBUG  Queuing item for routing: Pin on net 'R_DSIA_D2_P' (connected: 1/2)
2026-08-15 21:48:43.447 DEBUG  Queuing item for routing: Pin on net 'R_DSIB_D2_N' (connected: 1/2)
2026-08-15 21:48:43.447 DEBUG  Queuing item for routing: Pin on net 'R_DSIA_D2_N' (connected: 1/2)
2026-08-15 21:48:43.447 DEBUG  Queuing item for routing: Pin on net 'R_DSIB_D2_P' (connected: 1/2)
2026-08-15 21:48:43.448 DEBUG  Queuing item for routing: Pin on net 'R_DSIA_CLK_P' (connected: 1/2)
2026-08-15 21:48:43.448 DEBUG  Queuing item for routing: Pin on net 'R_DSIA_D1_P' (connected: 1/2)
2026-08-15 21:48:43.448 DEBUG  Queuing item for routing: Pin on net 'R_DSIA_CLK_N' (connected: 1/2)
2026-08-15 21:48:43.448 DEBUG  Queuing item for routing: Pin on net 'R_DSIA_D1_N' (connected: 1/2)
2026-08-15 21:48:43.448 DEBUG  Queuing item for routing: Pin on net 'R_DSIA_D3_P' (connected: 1/2)
2026-08-15 21:48:43.448 DEBUG  Queuing item for routing: Pin on net 'R_DSIA_D0_P' (connected: 1/2)
2026-08-15 21:48:43.448 DEBUG  Queuing item for routing: Pin on net 'R_DSIA_D3_N' (connected: 1/2)
2026-08-15 21:48:43.449 DEBUG  Queuing item for routing: Pin on net 'R_DSIA_D0_N' (connected: 1/2)
2026-08-15 21:48:43.449 DEBUG  Queuing item for routing: Pin on net 'USB2_HOST_DM' (connected: 1/4)
2026-08-15 21:48:43.449 DEBUG  Queuing item for routing: Pin on net 'USB2_HOST_DP' (connected: 1/4)
2026-08-15 21:48:43.449 DEBUG  Queuing item for routing: Pin on net 'USB_C_RX1_N' (connected: 1/3)
2026-08-15 21:48:43.449 DEBUG  Queuing item for routing: Pin on net 'USB_C_RX1_P' (connected: 1/3)
2026-08-15 21:48:43.449 DEBUG  Queuing item for routing: Pin on net 'USB_C_TX1_N' (connected: 1/3)
2026-08-15 21:48:43.449 DEBUG  Queuing item for routing: Pin on net 'USB_C_TX1_P' (connected: 1/3)
2026-08-15 21:48:43.450 DEBUG  Queuing item for routing: Pin on net 'R_DSIA_D0_P' (connected: 1/2)
2026-08-15 21:48:43.450 DEBUG  Queuing item for routing: Pin on net 'R_DSIA_D0_N' (connected: 1/2)
2026-08-15 21:48:43.450 DEBUG  Queuing item for routing: Pin on net 'R_DSIA_D1_P' (connected: 1/2)
2026-08-15 21:48:43.450 DEBUG  Queuing item for routing: Pin on net 'R_DSIA_D1_N' (connected: 1/2)
2026-08-15 21:48:43.450 DEBUG  Queuing item for routing: Pin on net 'R_DSIA_CLK_P' (connected: 1/2)
2026-08-15 21:48:43.450 DEBUG  Queuing item for routing: Pin on net 'R_DSIA_CLK_N' (connected: 1/2)
2026-08-15 21:48:43.451 DEBUG  Queuing item for routing: Pin on net 'HDMI_R_D2_N' (connected: 1/2)
2026-08-15 21:48:43.451 DEBUG  Queuing item for routing: Pin on net 'HDMI_R_D2_P' (connected: 1/2)
2026-08-15 21:48:43.451 DEBUG  Queuing item for routing: Pin on net 'R_DSIA_D2_P' (connected: 1/2)
2026-08-15 21:48:43.451 DEBUG  Queuing item for routing: Pin on net 'R_DSIA_D2_N' (connected: 1/2)
2026-08-15 21:48:43.451 DEBUG  Queuing item for routing: Pin on net 'HDMI_R_D1_N' (connected: 1/2)
2026-08-15 21:48:43.451 DEBUG  Queuing item for routing: Pin on net 'HDMI_R_D1_P' (connected: 1/2)
2026-08-15 21:48:43.451 DEBUG  Queuing item for routing: Pin on net 'R_DSIA_D3_P' (connected: 1/2)
2026-08-15 21:48:43.452 DEBUG  Queuing item for routing: Pin on net 'R_DSIA_D3_N' (connected: 1/2)
2026-08-15 21:48:43.452 DEBUG  Queuing item for routing: Pin on net 'HDMI_R_D0_N' (connected: 1/2)
2026-08-15 21:48:43.452 DEBUG  Queuing item for routing: Pin on net 'HDMI_R_D0_P' (connected: 1/2)
2026-08-15 21:48:43.452 DEBUG  Queuing item for routing: Pin on net 'HDMI_R_CLK_N' (connected: 1/2)
2026-08-15 21:48:43.452 DEBUG  Queuing item for routing: Pin on net 'HDMI_R_CLK_P' (connected: 1/2)
2026-08-15 21:48:43.452 DEBUG  Queuing item for routing: Pin on net 'R_DSIB_D0_N' (connected: 1/2)
2026-08-15 21:48:43.452 DEBUG  Queuing item for routing: Pin on net 'R_DSIB_D1_N' (connected: 1/2)
2026-08-15 21:48:43.453 DEBUG  Queuing item for routing: Pin on net 'R_DSIB_CLK_N' (connected: 1/2)
2026-08-15 21:48:43.453 DEBUG  Queuing item for routing: Pin on net 'R_DSIB_D2_N' (connected: 1/2)
2026-08-15 21:48:43.453 DEBUG  Queuing item for routing: Pin on net 'R_DSIB_D3_N' (connected: 1/2)
2026-08-15 21:48:43.453 DEBUG  Queuing item for routing: Pin on net 'R_DSIB_D0_P' (connected: 1/2)
2026-08-15 21:48:43.453 DEBUG  Queuing item for routing: Pin on net 'R_DSIB_D1_P' (connected: 1/2)
2026-08-15 21:48:43.453 DEBUG  Queuing item for routing: Pin on net 'R_DSIB_CLK_P' (connected: 1/2)
2026-08-15 21:48:43.454 DEBUG  Queuing item for routing: Pin on net 'R_DSIB_D2_P' (connected: 1/2)
2026-08-15 21:48:43.454 DEBUG  Queuing item for routing: Pin on net 'R_DSIB_D3_P' (connected: 1/2)
2026-08-15 21:48:43.454 DEBUG  Queuing item for routing: Pin on net 'USB_C_RX1_P' (connected: 1/3)
2026-08-15 21:48:43.454 DEBUG  Queuing item for routing: Pin on net 'USB_C_RX1_N' (connected: 1/3)
2026-08-15 21:48:43.454 DEBUG  Queuing item for routing: Pin on net 'USB2_HOST_DM' (connected: 1/4)
2026-08-15 21:48:43.454 DEBUG  Queuing item for routing: Pin on net 'USB2_HOST_DP' (connected: 1/4)
2026-08-15 21:48:43.455 DEBUG  Queuing item for routing: Pin on net 'USB_C_TX2_N' (connected: 1/3)
2026-08-15 21:48:43.455 DEBUG  Queuing item for routing: Pin on net 'USB_C_TX2_P' (connected: 1/3)
2026-08-15 21:48:43.455 DEBUG  Queuing item for routing: Pin on net 'USB_C_RX2_P' (connected: 1/3)
2026-08-15 21:48:43.455 DEBUG  Queuing item for routing: Pin on net 'USB_C_RX2_N' (connected: 1/3)
2026-08-15 21:48:43.455 DEBUG  Queuing item for routing: Pin on net 'USB2_HOST_DM' (connected: 1/4)
2026-08-15 21:48:43.455 DEBUG  Queuing item for routing: Pin on net 'USB2_HOST_DP' (connected: 1/4)
2026-08-15 21:48:43.456 DEBUG  Queuing item for routing: Pin on net 'USB_C_TX1_N' (connected: 1/3)
2026-08-15 21:48:43.456 DEBUG  Queuing item for routing: Pin on net 'USB_C_TX1_P' (connected: 1/3)
2026-08-15 21:48:43.456 DEBUG  Queuing item for routing: Pin on net 'USB2_SERVICE_DM' (connected: 1/4)
2026-08-15 21:48:43.456 DEBUG  Queuing item for routing: Pin on net 'USB2_SERVICE_DP' (connected: 1/4)
2026-08-15 21:48:43.456 DEBUG  Queuing item for routing: Pin on net 'USB2_SERVICE_DM' (connected: 1/4)
2026-08-15 21:48:43.457 DEBUG  Queuing item for routing: Pin on net 'USB2_SERVICE_DP' (connected: 1/4)
2026-08-15 21:48:43.457 DEBUG  Queuing item for routing: Pin on net 'USB_C_RX2_N' (connected: 1/3)
2026-08-15 21:48:43.457 DEBUG  Queuing item for routing: Pin on net 'USB_C_RX2_P' (connected: 1/3)
2026-08-15 21:48:43.457 DEBUG  Queuing item for routing: Pin on net 'USB_C_TX2_N' (connected: 1/3)
2026-08-15 21:48:43.457 DEBUG  Queuing item for routing: Pin on net 'USB_C_TX2_P' (connected: 1/3)
2026-08-15 21:48:43.457 DEBUG  Queuing item for routing: Pin on net 'PCIE_RX_N' (connected: 1/2)
2026-08-15 21:48:43.457 DEBUG  Queuing item for routing: Pin on net 'PCIE_RX_USB3_N' (connected: 1/2)
2026-08-15 21:48:43.458 DEBUG  Queuing item for routing: Pin on net 'PCIE_RX_P' (connected: 1/2)
2026-08-15 21:48:43.458 DEBUG  Queuing item for routing: Pin on net 'PCIE_RX_USB3_P' (connected: 1/2)
2026-08-15 21:48:43.458 DEBUG  Queuing item for routing: Pin on net 'L_DSIA_D0_P' (connected: 1/2)
2026-08-15 21:48:43.458 DEBUG  Queuing item for routing: Pin on net 'L_DSIA_D0_N' (connected: 1/2)
2026-08-15 21:48:43.458 DEBUG  Queuing item for routing: Pin on net 'L_DSIA_D1_P' (connected: 1/2)
2026-08-15 21:48:43.458 DEBUG  Queuing item for routing: Pin on net 'L_DSIA_D1_N' (connected: 1/2)
2026-08-15 21:48:43.458 DEBUG  Queuing item for routing: Pin on net 'L_DSIA_CLK_P' (connected: 1/2)
2026-08-15 21:48:43.458 DEBUG  Queuing item for routing: Pin on net 'L_DSIA_CLK_N' (connected: 1/2)
2026-08-15 21:48:43.459 DEBUG  Queuing item for routing: Pin on net 'HDMI_L_D2_N' (connected: 1/2)
2026-08-15 21:48:43.459 DEBUG  Queuing item for routing: Pin on net 'HDMI_L_D2_P' (connected: 1/2)
2026-08-15 21:48:43.459 DEBUG  Queuing item for routing: Pin on net 'L_DSIA_D2_P' (connected: 1/2)
2026-08-15 21:48:43.459 DEBUG  Queuing item for routing: Pin on net 'L_DSIA_D2_N' (connected: 1/2)
2026-08-15 21:48:43.459 DEBUG  Queuing item for routing: Pin on net 'HDMI_L_D1_N' (connected: 1/2)
2026-08-15 21:48:43.460 DEBUG  Queuing item for routing: Pin on net 'HDMI_L_D1_P' (connected: 1/2)
2026-08-15 21:48:43.460 DEBUG  Queuing item for routing: Pin on net 'L_DSIA_D3_P' (connected: 1/2)
2026-08-15 21:48:43.460 DEBUG  Queuing item for routing: Pin on net 'L_DSIA_D3_N' (connected: 1/2)
2026-08-15 21:48:43.460 DEBUG  Queuing item for routing: Pin on net 'HDMI_L_D0_N' (connected: 1/2)
2026-08-15 21:48:43.460 DEBUG  Queuing item for routing: Pin on net 'HDMI_L_D0_P' (connected: 1/2)
2026-08-15 21:48:43.460 DEBUG  Queuing item for routing: Pin on net 'HDMI_L_CLK_N' (connected: 1/2)
2026-08-15 21:48:43.460 DEBUG  Queuing item for routing: Pin on net 'HDMI_L_CLK_P' (connected: 1/2)
2026-08-15 21:48:43.460 DEBUG  Queuing item for routing: Pin on net 'L_DSIB_D0_N' (connected: 1/2)
2026-08-15 21:48:43.460 DEBUG  Queuing item for routing: Pin on net 'L_DSIB_D1_N' (connected: 1/2)
2026-08-15 21:48:43.461 DEBUG  Queuing item for routing: Pin on net 'L_DSIB_CLK_N' (connected: 1/2)
2026-08-15 21:48:43.461 DEBUG  Queuing item for routing: Pin on net 'L_DSIB_D2_N' (connected: 1/2)
2026-08-15 21:48:43.461 DEBUG  Queuing item for routing: Pin on net 'L_DSIB_D3_N' (connected: 1/2)
2026-08-15 21:48:43.461 DEBUG  Queuing item for routing: Pin on net 'L_DSIB_D0_P' (connected: 1/2)
2026-08-15 21:48:43.461 DEBUG  Queuing item for routing: Pin on net 'L_DSIB_D1_P' (connected: 1/2)
2026-08-15 21:48:43.461 DEBUG  Queuing item for routing: Pin on net 'L_DSIB_CLK_P' (connected: 1/2)
2026-08-15 21:48:43.461 DEBUG  Queuing item for routing: Pin on net 'L_DSIB_D2_P' (connected: 1/2)
2026-08-15 21:48:43.461 DEBUG  Queuing item for routing: Pin on net 'L_DSIB_D3_P' (connected: 1/2)
2026-08-15 21:48:43.461 DEBUG  Queuing item for routing: Pin on net 'L_DSIB_D0_N' (connected: 1/2)
2026-08-15 21:48:43.461 DEBUG  Queuing item for routing: Pin on net 'L_DSIB_D3_N' (connected: 1/2)
2026-08-15 21:48:43.462 DEBUG  Queuing item for routing: Pin on net 'L_DSIB_D0_P' (connected: 1/2)
2026-08-15 21:48:43.462 DEBUG  Queuing item for routing: Pin on net 'L_DSIB_D3_P' (connected: 1/2)
2026-08-15 21:48:43.462 DEBUG  Queuing item for routing: Pin on net 'L_DSIB_D1_N' (connected: 1/2)
2026-08-15 21:48:43.462 DEBUG  Queuing item for routing: Pin on net 'L_DSIB_CLK_N' (connected: 1/2)
2026-08-15 21:48:43.462 DEBUG  Queuing item for routing: Pin on net 'L_DSIB_D1_P' (connected: 1/2)
2026-08-15 21:48:43.462 DEBUG  Queuing item for routing: Pin on net 'L_DSIB_CLK_P' (connected: 1/2)
2026-08-15 21:48:43.462 DEBUG  Queuing item for routing: Pin on net 'L_DSIA_D2_P' (connected: 1/2)
2026-08-15 21:48:43.462 DEBUG  Queuing item for routing: Pin on net 'L_DSIB_D2_N' (connected: 1/2)
2026-08-15 21:48:43.462 DEBUG  Queuing item for routing: Pin on net 'L_DSIA_D2_N' (connected: 1/2)
2026-08-15 21:48:43.462 DEBUG  Queuing item for routing: Pin on net 'L_DSIB_D2_P' (connected: 1/2)
2026-08-15 21:48:43.463 DEBUG  Queuing item for routing: Pin on net 'L_DSIA_CLK_P' (connected: 1/2)
2026-08-15 21:48:43.463 DEBUG  Queuing item for routing: Pin on net 'L_DSIA_D1_P' (connected: 1/2)
2026-08-15 21:48:43.463 DEBUG  Queuing item for routing: Pin on net 'L_DSIA_CLK_N' (connected: 1/2)
2026-08-15 21:48:43.463 DEBUG  Queuing item for routing: Pin on net 'L_DSIA_D1_N' (connected: 1/2)
2026-08-15 21:48:43.463 DEBUG  Queuing item for routing: Pin on net 'L_DSIA_D3_P' (connected: 1/2)
2026-08-15 21:48:43.463 DEBUG  Queuing item for routing: Pin on net 'L_DSIA_D0_P' (connected: 1/2)
2026-08-15 21:48:43.463 DEBUG  Queuing item for routing: Pin on net 'L_DSIA_D3_N' (connected: 1/2)
2026-08-15 21:48:43.463 DEBUG  Queuing item for routing: Pin on net 'L_DSIA_D0_N' (connected: 1/2)
2026-08-15 21:48:43.463 DEBUG  Queuing item for routing: Pin on net 'USB_C_TX1_P' (connected: 1/3)
2026-08-15 21:48:43.464 DEBUG  Queuing item for routing: Pin on net 'USB_C_TX1_N' (connected: 1/3)
2026-08-15 21:48:43.464 DEBUG  Queuing item for routing: Pin on net 'USB_C_RX1_P' (connected: 1/3)
2026-08-15 21:48:43.464 DEBUG  Queuing item for routing: Pin on net 'USB_C_RX1_N' (connected: 1/3)
2026-08-15 21:48:43.464 DEBUG  Queuing item for routing: Pin on net 'USB_C_TX2_P' (connected: 1/3)
2026-08-15 21:48:43.464 DEBUG  Queuing item for routing: Pin on net 'USB_C_TX2_N' (connected: 1/3)
2026-08-15 21:48:43.464 DEBUG  Queuing item for routing: Pin on net 'USB_C_RX2_P' (connected: 1/3)
2026-08-15 21:48:43.464 DEBUG  Queuing item for routing: Pin on net 'USB_C_RX2_N' (connected: 1/3)
2026-08-15 21:48:43.465 DEBUG  Queuing item for routing: Pin on net 'USB3_RX_N' (connected: 1/2)
2026-08-15 21:48:43.465 DEBUG  Queuing item for routing: Pin on net 'USB3_RX_P' (connected: 1/2)
2026-08-15 21:48:43.465 DEBUG  Queuing item for routing: Pin on net 'USB3_TX_N' (connected: 1/2)
2026-08-15 21:48:43.465 DEBUG  Queuing item for routing: Pin on net 'USB3_TX_P' (connected: 1/2)
2026-08-15 21:48:47.144 DEBUG  [B114FC\AEB687] Pass #1: 96 incompletes across 177 items to route
2026-08-15 21:48:47.145 DEBUG  [B114FC\AEB687]   Net 'USB3_TX_P' has 1 incomplete(s)
2026-08-15 21:48:47.145 DEBUG  [B114FC\AEB687]   Net 'USB3_TX_N' has 1 incomplete(s)
2026-08-15 21:48:47.145 DEBUG  [B114FC\AEB687]   Net 'USB3_RX_P' has 1 incomplete(s)
2026-08-15 21:48:47.145 DEBUG  [B114FC\AEB687]   Net 'USB3_RX_N' has 1 incomplete(s)
2026-08-15 21:48:47.145 DEBUG  [B114FC\AEB687]   Net 'USB_C_RX2_N' has 2 incomplete(s)
2026-08-15 21:48:47.145 DEBUG  [B114FC\AEB687]   Net 'USB_C_RX2_P' has 2 incomplete(s)
2026-08-15 21:48:47.145 DEBUG  [B114FC\AEB687]   Net 'USB_C_TX2_N' has 2 incomplete(s)
2026-08-15 21:48:47.145 DEBUG  [B114FC\AEB687]   Net 'USB_C_TX2_P' has 2 incomplete(s)
2026-08-15 21:48:47.145 DEBUG  [B114FC\AEB687]   Net 'USB_C_RX1_N' has 2 incomplete(s)
2026-08-15 21:48:47.145 DEBUG  [B114FC\AEB687]   Net 'USB_C_RX1_P' has 2 incomplete(s)
2026-08-15 21:48:47.145 DEBUG  [B114FC\AEB687]   Net 'USB_C_TX1_N' has 2 incomplete(s)
2026-08-15 21:48:47.145 DEBUG  [B114FC\AEB687]   Net 'USB_C_TX1_P' has 2 incomplete(s)
2026-08-15 21:48:47.145 DEBUG  [B114FC\AEB687]   Net 'L_DSIA_D0_N' has 1 incomplete(s)
2026-08-15 21:48:47.145 DEBUG  [B114FC\AEB687]   Net 'L_DSIA_D3_N' has 1 incomplete(s)
2026-08-15 21:48:47.145 DEBUG  [B114FC\AEB687]   Net 'L_DSIA_D0_P' has 1 incomplete(s)
2026-08-15 21:48:47.145 DEBUG  [B114FC\AEB687]   Net 'L_DSIA_D3_P' has 1 incomplete(s)
2026-08-15 21:48:47.145 DEBUG  [B114FC\AEB687]   Net 'L_DSIA_D1_N' has 1 incomplete(s)
2026-08-15 21:48:47.145 DEBUG  [B114FC\AEB687]   Net 'L_DSIA_CLK_N' has 1 incomplete(s)
2026-08-15 21:48:47.145 DEBUG  [B114FC\AEB687]   Net 'L_DSIA_D1_P' has 1 incomplete(s)
2026-08-15 21:48:47.145 DEBUG  [B114FC\AEB687]   Net 'L_DSIA_CLK_P' has 1 incomplete(s)
2026-08-15 21:48:47.145 DEBUG  [B114FC\AEB687]   Net 'L_DSIB_D2_P' has 1 incomplete(s)
2026-08-15 21:48:47.145 DEBUG  [B114FC\AEB687]   Net 'L_DSIA_D2_N' has 1 incomplete(s)
2026-08-15 21:48:47.145 DEBUG  [B114FC\AEB687]   Net 'L_DSIB_D2_N' has 1 incomplete(s)
2026-08-15 21:48:47.145 DEBUG  [B114FC\AEB687]   Net 'L_DSIA_D2_P' has 1 incomplete(s)
2026-08-15 21:48:47.145 DEBUG  [B114FC\AEB687]   Net 'L_DSIB_CLK_P' has 1 incomplete(s)
2026-08-15 21:48:47.145 DEBUG  [B114FC\AEB687]   Net 'L_DSIB_D1_P' has 1 incomplete(s)
2026-08-15 21:48:47.145 DEBUG  [B114FC\AEB687]   Net 'L_DSIB_CLK_N' has 1 incomplete(s)
2026-08-15 21:48:47.145 DEBUG  [B114FC\AEB687]   Net 'L_DSIB_D1_N' has 1 incomplete(s)
2026-08-15 21:48:47.145 DEBUG  [B114FC\AEB687]   Net 'L_DSIB_D3_P' has 1 incomplete(s)
2026-08-15 21:48:47.145 DEBUG  [B114FC\AEB687]   Net 'L_DSIB_D0_P' has 1 incomplete(s)
2026-08-15 21:48:47.145 DEBUG  [B114FC\AEB687]   Net 'L_DSIB_D3_N' has 1 incomplete(s)
2026-08-15 21:48:47.145 DEBUG  [B114FC\AEB687]   Net 'L_DSIB_D0_N' has 1 incomplete(s)
2026-08-15 21:48:47.146 DEBUG  [B114FC\AEB687]   Net 'HDMI_L_CLK_P' has 1 incomplete(s)
2026-08-15 21:48:47.146 DEBUG  [B114FC\AEB687]   Net 'HDMI_L_CLK_N' has 1 incomplete(s)
2026-08-15 21:48:47.146 DEBUG  [B114FC\AEB687]   Net 'HDMI_L_D0_P' has 1 incomplete(s)
2026-08-15 21:48:47.146 DEBUG  [B114FC\AEB687]   Net 'HDMI_L_D0_N' has 1 incomplete(s)
2026-08-15 21:48:47.146 DEBUG  [B114FC\AEB687]   Net 'HDMI_L_D1_P' has 1 incomplete(s)
2026-08-15 21:48:47.146 DEBUG  [B114FC\AEB687]   Net 'HDMI_L_D1_N' has 1 incomplete(s)
2026-08-15 21:48:47.146 DEBUG  [B114FC\AEB687]   Net 'HDMI_L_D2_P' has 1 incomplete(s)
2026-08-15 21:48:47.146 DEBUG  [B114FC\AEB687]   Net 'HDMI_L_D2_N' has 1 incomplete(s)
2026-08-15 21:48:47.146 DEBUG  [B114FC\AEB687]   Net 'USB2_SERVICE_DP' has 3 incomplete(s)
2026-08-15 21:48:47.146 DEBUG  [B114FC\AEB687]   Net 'USB2_SERVICE_DM' has 3 incomplete(s)
2026-08-15 21:48:47.146 DEBUG  [B114FC\AEB687]   Net 'PCIE_RX_USB3_P' has 1 incomplete(s)
2026-08-15 21:48:47.146 DEBUG  [B114FC\AEB687]   Net 'PCIE_RX_P' has 1 incomplete(s)
2026-08-15 21:48:47.146 DEBUG  [B114FC\AEB687]   Net 'USB2_HOST_DP' has 3 incomplete(s)
2026-08-15 21:48:47.146 DEBUG  [B114FC\AEB687]   Net 'USB2_HOST_DM' has 3 incomplete(s)
2026-08-15 21:48:47.146 DEBUG  [B114FC\AEB687]   Net 'R_DSIB_D3_P' has 1 incomplete(s)
2026-08-15 21:48:47.146 DEBUG  [B114FC\AEB687]   Net 'R_DSIB_D2_P' has 1 incomplete(s)
2026-08-15 21:48:47.146 DEBUG  [B114FC\AEB687]   Net 'R_DSIB_CLK_P' has 1 incomplete(s)
2026-08-15 21:48:47.146 DEBUG  [B114FC\AEB687]   Net 'R_DSIB_D1_P' has 1 incomplete(s)
2026-08-15 21:48:47.146 DEBUG  [B114FC\AEB687]   Net 'R_DSIB_D0_P' has 1 incomplete(s)
2026-08-15 21:48:47.146 DEBUG  [B114FC\AEB687]   Net 'R_DSIB_D3_N' has 1 incomplete(s)
2026-08-15 21:48:47.146 DEBUG  [B114FC\AEB687]   Net 'R_DSIB_D2_N' has 1 incomplete(s)
2026-08-15 21:48:47.146 DEBUG  [B114FC\AEB687]   Net 'R_DSIB_CLK_N' has 1 incomplete(s)
2026-08-15 21:48:47.146 DEBUG  [B114FC\AEB687]   Net 'R_DSIB_D1_N' has 1 incomplete(s)
2026-08-15 21:48:47.146 DEBUG  [B114FC\AEB687]   Net 'R_DSIB_D0_N' has 1 incomplete(s)
2026-08-15 21:48:47.146 DEBUG  [B114FC\AEB687]   Net 'HDMI_R_CLK_P' has 1 incomplete(s)
2026-08-15 21:48:47.146 DEBUG  [B114FC\AEB687]   Net 'HDMI_R_CLK_N' has 1 incomplete(s)
2026-08-15 21:48:47.146 DEBUG  [B114FC\AEB687]   Net 'HDMI_R_D0_P' has 1 incomplete(s)
2026-08-15 21:48:47.146 DEBUG  [B114FC\AEB687]   Net 'HDMI_R_D0_N' has 1 incomplete(s)
2026-08-15 21:48:47.146 DEBUG  [B114FC\AEB687]   Net 'R_DSIA_D3_N' has 1 incomplete(s)
2026-08-15 21:48:47.146 DEBUG  [B114FC\AEB687]   Net 'R_DSIA_D3_P' has 1 incomplete(s)
2026-08-15 21:48:47.146 DEBUG  [B114FC\AEB687]   Net 'HDMI_R_D1_P' has 1 incomplete(s)
2026-08-15 21:48:47.146 DEBUG  [B114FC\AEB687]   Net 'HDMI_R_D1_N' has 1 incomplete(s)
2026-08-15 21:48:47.146 DEBUG  [B114FC\AEB687]   Net 'R_DSIA_D2_N' has 1 incomplete(s)
2026-08-15 21:48:47.146 DEBUG  [B114FC\AEB687]   Net 'R_DSIA_D2_P' has 1 incomplete(s)
2026-08-15 21:48:47.146 DEBUG  [B114FC\AEB687]   Net 'HDMI_R_D2_P' has 1 incomplete(s)
2026-08-15 21:48:47.146 DEBUG  [B114FC\AEB687]   Net 'HDMI_R_D2_N' has 1 incomplete(s)
2026-08-15 21:48:47.146 DEBUG  [B114FC\AEB687]   Net 'R_DSIA_CLK_N' has 1 incomplete(s)
2026-08-15 21:48:47.146 DEBUG  [B114FC\AEB687]   Net 'R_DSIA_CLK_P' has 1 incomplete(s)
2026-08-15 21:48:47.146 DEBUG  [B114FC\AEB687]   Net 'R_DSIA_D1_N' has 1 incomplete(s)
2026-08-15 21:48:47.147 DEBUG  [B114FC\AEB687]   Net 'R_DSIA_D1_P' has 1 incomplete(s)
2026-08-15 21:48:47.147 DEBUG  [B114FC\AEB687]   Net 'R_DSIA_D0_N' has 1 incomplete(s)
2026-08-15 21:48:47.147 DEBUG  [B114FC\AEB687]   Net 'R_DSIA_D0_P' has 1 incomplete(s)
2026-08-15 21:48:47.147 DEBUG  [B114FC\AEB687]   Net 'PCIE_RX_USB3_N' has 1 incomplete(s)
2026-08-15 21:48:47.147 DEBUG  [B114FC\AEB687]   Net 'PCIE_RX_N' has 1 incomplete(s)
2026-08-15 21:48:47.147 DEBUG  [B114FC\AEB687]   Net 'PCIE_CLK_P' has 1 incomplete(s)
2026-08-15 21:48:47.147 DEBUG  [B114FC\AEB687]   Net 'PCIE_CLK_N' has 1 incomplete(s)
2026-08-15 21:48:47.147 DEBUG  [B114FC\AEB687]   Net 'PCIE_TX_P' has 1 incomplete(s)
2026-08-15 21:48:47.147 DEBUG  [B114FC\AEB687]   Net 'PCIE_TX_N' has 1 incomplete(s)
2026-08-15 21:48:47.237 WARN   Wiring.write_wire_scope: net not found
2026-08-15 21:48:47.239 WARN   Wiring.write_wire_scope: net not found
2026-08-15 21:48:47.239 WARN   Wiring.write_wire_scope: net not found
2026-08-15 21:48:47.239 WARN   Wiring.write_wire_scope: net not found
2026-08-15 21:48:47.240 WARN   Wiring.write_wire_scope: net not found
2026-08-15 21:48:47.240 WARN   Wiring.write_wire_scope: net not found
2026-08-15 21:48:47.240 WARN   Wiring.write_wire_scope: net not found
2026-08-15 21:48:47.240 WARN   Wiring.write_wire_scope: net not found
2026-08-15 21:48:47.240 WARN   Wiring.write_wire_scope: net not found
2026-08-15 21:48:47.241 WARN   Wiring.write_wire_scope: net not found
2026-08-15 21:48:47.241 WARN   Wiring.write_wire_scope: net not found
2026-08-15 21:48:47.241 WARN   Wiring.write_wire_scope: net not found
2026-08-15 21:48:47.241 WARN   Wiring.write_wire_scope: net not found
2026-08-15 21:48:47.241 WARN   Wiring.write_wire_scope: net not found
2026-08-15 21:48:47.242 WARN   Wiring.write_wire_scope: net not found
2026-08-15 21:48:47.242 WARN   Wiring.write_wire_scope: net not found
2026-08-15 21:48:47.242 WARN   Wiring.write_wire_scope: net not found
2026-08-15 21:48:47.242 WARN   Wiring.write_wire_scope: net not found
2026-08-15 21:48:47.243 WARN   Wiring.write_wire_scope: net not found
2026-08-15 21:48:47.243 WARN   Wiring.write_wire_scope: net not found
2026-08-15 21:48:47.243 WARN   Wiring.write_wire_scope: net not found
2026-08-15 21:48:47.243 WARN   Wiring.write_wire_scope: net not found
2026-08-15 21:48:47.244 WARN   Wiring.write_wire_scope: net not found
2026-08-15 21:48:47.244 WARN   Wiring.write_wire_scope: net not found
2026-08-15 21:48:47.244 WARN   Wiring.write_wire_scope: net not found
2026-08-15 21:48:47.244 WARN   Wiring.write_wire_scope: net not found
2026-08-15 21:48:47.245 WARN   Wiring.write_wire_scope: net not found
2026-08-15 21:48:47.245 WARN   Wiring.write_wire_scope: net not found
2026-08-15 21:48:47.245 WARN   Wiring.write_wire_scope: net not found
2026-08-15 21:48:47.245 WARN   Wiring.write_wire_scope: net not found
2026-08-15 21:48:47.245 WARN   Wiring.write_wire_scope: net not found
2026-08-15 21:48:47.246 WARN   Wiring.write_wire_scope: net not found
2026-08-15 21:48:47.246 WARN   Wiring.write_wire_scope: net not found
2026-08-15 21:48:47.246 WARN   Wiring.write_wire_scope: net not found
2026-08-15 21:48:47.247 WARN   Wiring.write_wire_scope: net not found
2026-08-15 21:48:47.247 WARN   Wiring.write_wire_scope: net not found
2026-08-15 21:48:47.247 WARN   Wiring.write_wire_scope: net not found
2026-08-15 21:48:47.247 WARN   Wiring.write_wire_scope: net not found
2026-08-15 21:48:47.247 WARN   Wiring.write_wire_scope: net not found
2026-08-15 21:48:47.247 WARN   Wiring.write_wire_scope: net not found
2026-08-15 21:48:47.247 WARN   Wiring.write_wire_scope: net not found
2026-08-15 21:48:47.247 WARN   Wiring.write_wire_scope: net not found
2026-08-15 21:48:47.249 WARN   Wiring.write_wire_scope: net not found
2026-08-15 21:48:47.249 WARN   Wiring.write_wire_scope: net not found
2026-08-15 21:48:47.249 WARN   Wiring.write_wire_scope: net not found
2026-08-15 21:48:47.249 WARN   Wiring.write_wire_scope: net not found
2026-08-15 21:48:47.249 WARN   Wiring.write_wire_scope: net not found
2026-08-15 21:48:47.249 WARN   Wiring.write_wire_scope: net not found
2026-08-15 21:48:47.249 WARN   Wiring.write_wire_scope: net not found
2026-08-15 21:48:47.249 WARN   Wiring.write_wire_scope: net not found
2026-08-15 21:48:47.251 WARN   Wiring.write_wire_scope: net not found
2026-08-15 21:48:47.251 WARN   Wiring.write_wire_scope: net not found
2026-08-15 21:48:47.251 WARN   Wiring.write_wire_scope: net not found
2026-08-15 21:48:47.251 WARN   Wiring.write_wire_scope: net not found
2026-08-15 21:48:47.251 WARN   Wiring.write_wire_scope: net not found
2026-08-15 21:48:47.252 WARN   Wiring.write_wire_scope: net not found
2026-08-15 21:48:47.252 WARN   Wiring.write_wire_scope: net not found
2026-08-15 21:48:47.252 WARN   Wiring.write_wire_scope: net not found
2026-08-15 21:48:47.257 DEBUG  FloatLine: one or both endpoints are null (degenerate line segment)
2026-08-15 21:48:49.462 DEBUG  InsertFoundConnectionAlgo: insert trace failed for net #1 at corner 29/29 on layer 3, trace width: 1250, from corner: 3, ok_point: (2297259,-1056546), target: (2106000,-1162000)
2026-08-15 21:48:49.503 DEBUG  [B114FC\AEB687] Autorouter Failed to route connection between polylinetrace, polylinetrace, polylinetrace, polylinetrace, polylinetrace, polylinetrace, polylinetrace, polylinetrace, polylinetrace, polylinetrace, polylinetrace, polylinetrace, polylinetrace, polylinetrace and via, via, polylinetrace, polylinetrace, polylinetrace, polylinetrace, polylinetrace, polylinetrace, polylinetrace, polylinetrace, polylinetrace, polylinetrace, polylinetrace, polylinetrace, polylinetrace, polylinetrace, polylinetrace, polylinetrace, polylinetrace, polylinetrace, polylinetrace, polylinetrace, polylinetrace, polylinetrace, polylinetrace, polylinetrace, polylinetrace, conductionarea, conductionarea, because the new connection could not be inserted.
2026-08-15 21:48:53.364 WARN   Wiring.write_wire_scope: net not found
2026-08-15 21:48:53.366 WARN   Wiring.write_wire_scope: net not found
2026-08-15 21:48:53.366 WARN   Wiring.write_wire_scope: net not found
2026-08-15 21:48:53.366 WARN   Wiring.write_wire_scope: net not found
2026-08-15 21:48:53.367 WARN   Wiring.write_wire_scope: net not found
2026-08-15 21:48:53.367 WARN   Wiring.write_wire_scope: net not found
2026-08-15 21:48:53.367 WARN   Wiring.write_wire_scope: net not found
2026-08-15 21:48:53.367 WARN   Wiring.write_wire_scope: net not found
2026-08-15 21:48:53.367 WARN   Wiring.write_wire_scope: net not found
2026-08-15 21:48:53.368 WARN   Wiring.write_wire_scope: net not found
2026-08-15 21:48:53.368 WARN   Wiring.write_wire_scope: net not found
2026-08-15 21:48:53.368 WARN   Wiring.write_wire_scope: net not found
2026-08-15 21:48:53.368 WARN   Wiring.write_wire_scope: net not found
2026-08-15 21:48:53.368 WARN   Wiring.write_wire_scope: net not found
2026-08-15 21:48:53.369 WARN   Wiring.write_wire_scope: net not found
2026-08-15 21:48:53.369 WARN   Wiring.write_wire_scope: net not found
2026-08-15 21:48:53.369 WARN   Wiring.write_wire_scope: net not found
2026-08-15 21:48:53.369 WARN   Wiring.write_wire_scope: net not found
2026-08-15 21:48:53.370 WARN   Wiring.write_wire_scope: net not found
2026-08-15 21:48:53.370 WARN   Wiring.write_wire_scope: net not found
2026-08-15 21:48:53.370 WARN   Wiring.write_wire_scope: net not found
2026-08-15 21:48:53.370 WARN   Wiring.write_wire_scope: net not found
2026-08-15 21:48:53.370 WARN   Wiring.write_wire_scope: net not found
2026-08-15 21:48:53.371 WARN   Wiring.write_wire_scope: net not found
2026-08-15 21:48:53.371 WARN   Wiring.write_wire_scope: net not found
2026-08-15 21:48:53.371 WARN   Wiring.write_wire_scope: net not found
2026-08-15 21:48:53.371 WARN   Wiring.write_wire_scope: net not found
2026-08-15 21:48:53.371 WARN   Wiring.write_wire_scope: net not found
2026-08-15 21:48:53.372 WARN   Wiring.write_wire_scope: net not found
2026-08-15 21:48:53.372 WARN   Wiring.write_wire_scope: net not found
2026-08-15 21:48:53.372 WARN   Wiring.write_wire_scope: net not found
2026-08-15 21:48:53.372 WARN   Wiring.write_wire_scope: net not found
2026-08-15 21:48:53.372 WARN   Wiring.write_wire_scope: net not found
2026-08-15 21:48:53.373 WARN   Wiring.write_wire_scope: net not found
2026-08-15 21:48:53.373 WARN   Wiring.write_wire_scope: net not found
2026-08-15 21:48:53.373 WARN   Wiring.write_wire_scope: net not found
2026-08-15 21:48:53.373 WARN   Wiring.write_wire_scope: net not found
2026-08-15 21:48:53.374 WARN   Wiring.write_wire_scope: net not found
2026-08-15 21:48:53.374 WARN   Wiring.write_wire_scope: net not found
2026-08-15 21:48:53.374 WARN   Wiring.write_wire_scope: net not found
2026-08-15 21:48:53.374 WARN   Wiring.write_wire_scope: net not found
2026-08-15 21:48:53.375 WARN   Wiring.write_wire_scope: net not found
2026-08-15 21:48:53.375 WARN   Wiring.write_wire_scope: net not found
2026-08-15 21:48:53.375 WARN   Wiring.write_wire_scope: net not found
2026-08-15 21:48:53.375 WARN   Wiring.write_wire_scope: net not found
2026-08-15 21:48:53.375 WARN   Wiring.write_wire_scope: net not found
2026-08-15 21:48:53.375 WARN   Wiring.write_wire_scope: net not found
2026-08-15 21:48:53.376 WARN   Wiring.write_wire_scope: net not found
2026-08-15 21:48:53.376 WARN   Wiring.write_wire_scope: net not found
2026-08-15 21:48:53.376 WARN   Wiring.write_wire_scope: net not found
2026-08-15 21:48:53.376 WARN   Wiring.write_wire_scope: net not found
2026-08-15 21:48:53.376 WARN   Wiring.write_wire_scope: net not found
2026-08-15 21:48:53.377 WARN   Wiring.write_wire_scope: net not found
2026-08-15 21:48:53.377 WARN   Wiring.write_wire_scope: net not found
2026-08-15 21:48:53.377 WARN   Wiring.write_wire_scope: net not found
2026-08-15 21:48:53.377 WARN   Wiring.write_wire_scope: net not found
2026-08-15 21:48:53.378 WARN   Wiring.write_wire_scope: net not found
2026-08-15 21:48:53.378 WARN   Wiring.write_wire_scope: net not found
2026-08-15 21:48:57.370 WARN   Wiring.write_wire_scope: net not found
2026-08-15 21:48:57.370 WARN   Wiring.write_wire_scope: net not found
2026-08-15 21:48:57.371 WARN   Wiring.write_wire_scope: net not found
2026-08-15 21:48:57.371 WARN   Wiring.write_wire_scope: net not found
2026-08-15 21:48:57.371 WARN   Wiring.write_wire_scope: net not found
2026-08-15 21:48:57.371 WARN   Wiring.write_wire_scope: net not found
2026-08-15 21:48:57.371 WARN   Wiring.write_wire_scope: net not found
2026-08-15 21:48:57.372 WARN   Wiring.write_wire_scope: net not found
2026-08-15 21:48:57.372 WARN   Wiring.write_wire_scope: net not found
2026-08-15 21:48:57.372 WARN   Wiring.write_wire_scope: net not found
2026-08-15 21:48:57.372 WARN   Wiring.write_wire_scope: net not found
2026-08-15 21:48:57.372 WARN   Wiring.write_wire_scope: net not found
2026-08-15 21:48:57.372 WARN   Wiring.write_wire_scope: net not found
2026-08-15 21:48:57.373 WARN   Wiring.write_wire_scope: net not found
2026-08-15 21:48:57.373 WARN   Wiring.write_wire_scope: net not found
2026-08-15 21:48:57.373 WARN   Wiring.write_wire_scope: net not found
2026-08-15 21:48:57.373 WARN   Wiring.write_wire_scope: net not found
2026-08-15 21:48:57.374 WARN   Wiring.write_wire_scope: net not found
2026-08-15 21:48:57.374 WARN   Wiring.write_wire_scope: net not found
2026-08-15 21:48:57.374 WARN   Wiring.write_wire_scope: net not found
2026-08-15 21:48:57.374 WARN   Wiring.write_wire_scope: net not found
2026-08-15 21:48:57.374 WARN   Wiring.write_wire_scope: net not found
2026-08-15 21:48:57.375 WARN   Wiring.write_wire_scope: net not found
2026-08-15 21:48:57.375 WARN   Wiring.write_wire_scope: net not found
2026-08-15 21:48:57.375 WARN   Wiring.write_wire_scope: net not found
2026-08-15 21:48:57.375 WARN   Wiring.write_wire_scope: net not found
2026-08-15 21:48:57.375 WARN   Wiring.write_wire_scope: net not found
2026-08-15 21:48:57.375 WARN   Wiring.write_wire_scope: net not found
2026-08-15 21:48:57.376 WARN   Wiring.write_wire_scope: net not found
2026-08-15 21:48:57.376 WARN   Wiring.write_wire_scope: net not found
2026-08-15 21:48:57.376 WARN   Wiring.write_wire_scope: net not found
2026-08-15 21:48:57.376 WARN   Wiring.write_wire_scope: net not found
2026-08-15 21:48:57.376 WARN   Wiring.write_wire_scope: net not found
2026-08-15 21:48:57.377 WARN   Wiring.write_wire_scope: net not found
2026-08-15 21:48:57.377 WARN   Wiring.write_wire_scope: net not found
2026-08-15 21:48:57.377 WARN   Wiring.write_wire_scope: net not found
2026-08-15 21:48:57.377 WARN   Wiring.write_wire_scope: net not found
2026-08-15 21:48:57.377 WARN   Wiring.write_wire_scope: net not found
2026-08-15 21:48:57.377 WARN   Wiring.write_wire_scope: net not found
2026-08-15 21:48:57.378 WARN   Wiring.write_wire_scope: net not found
2026-08-15 21:48:57.378 WARN   Wiring.write_wire_scope: net not found
2026-08-15 21:48:57.378 WARN   Wiring.write_wire_scope: net not found
2026-08-15 21:48:57.378 WARN   Wiring.write_wire_scope: net not found
2026-08-15 21:48:57.378 WARN   Wiring.write_wire_scope: net not found
2026-08-15 21:48:57.379 WARN   Wiring.write_wire_scope: net not found
2026-08-15 21:48:57.379 WARN   Wiring.write_wire_scope: net not found
2026-08-15 21:48:57.379 WARN   Wiring.write_wire_scope: net not found
2026-08-15 21:48:57.379 WARN   Wiring.write_wire_scope: net not found
2026-08-15 21:48:57.379 WARN   Wiring.write_wire_scope: net not found
2026-08-15 21:48:57.379 WARN   Wiring.write_wire_scope: net not found
2026-08-15 21:48:57.380 WARN   Wiring.write_wire_scope: net not found
2026-08-15 21:48:57.380 WARN   Wiring.write_wire_scope: net not found
2026-08-15 21:48:57.380 WARN   Wiring.write_wire_scope: net not found
2026-08-15 21:48:57.380 WARN   Wiring.write_wire_scope: net not found
2026-08-15 21:48:57.380 WARN   Wiring.write_wire_scope: net not found
2026-08-15 21:48:57.380 WARN   Wiring.write_wire_scope: net not found
2026-08-15 21:48:57.381 WARN   Wiring.write_wire_scope: net not found
2026-08-15 21:48:57.381 WARN   Wiring.write_wire_scope: net not found
2026-08-15 21:49:01.414 WARN   Wiring.write_wire_scope: net not found
2026-08-15 21:49:01.415 WARN   Wiring.write_wire_scope: net not found
2026-08-15 21:49:01.416 WARN   Wiring.write_wire_scope: net not found
2026-08-15 21:49:01.416 WARN   Wiring.write_wire_scope: net not found
2026-08-15 21:49:01.416 WARN   Wiring.write_wire_scope: net not found
2026-08-15 21:49:01.416 WARN   Wiring.write_wire_scope: net not found
2026-08-15 21:49:01.417 WARN   Wiring.write_wire_scope: net not found
2026-08-15 21:49:01.417 WARN   Wiring.write_wire_scope: net not found
2026-08-15 21:49:01.417 WARN   Wiring.write_wire_scope: net not found
2026-08-15 21:49:01.417 WARN   Wiring.write_wire_scope: net not found
2026-08-15 21:49:01.417 WARN   Wiring.write_wire_scope: net not found
2026-08-15 21:49:01.418 WARN   Wiring.write_wire_scope: net not found
2026-08-15 21:49:01.418 WARN   Wiring.write_wire_scope: net not found
2026-08-15 21:49:01.418 WARN   Wiring.write_wire_scope: net not found
2026-08-15 21:49:01.418 WARN   Wiring.write_wire_scope: net not found
2026-08-15 21:49:01.418 WARN   Wiring.write_wire_scope: net not found
2026-08-15 21:49:01.419 WARN   Wiring.write_wire_scope: net not found
2026-08-15 21:49:01.419 WARN   Wiring.write_wire_scope: net not found
2026-08-15 21:49:01.419 WARN   Wiring.write_wire_scope: net not found
2026-08-15 21:49:01.419 WARN   Wiring.write_wire_scope: net not found
2026-08-15 21:49:01.419 WARN   Wiring.write_wire_scope: net not found
2026-08-15 21:49:01.419 WARN   Wiring.write_wire_scope: net not found
2026-08-15 21:49:01.420 WARN   Wiring.write_wire_scope: net not found
2026-08-15 21:49:01.420 WARN   Wiring.write_wire_scope: net not found
2026-08-15 21:49:01.420 WARN   Wiring.write_wire_scope: net not found
2026-08-15 21:49:01.420 WARN   Wiring.write_wire_scope: net not found
2026-08-15 21:49:01.420 WARN   Wiring.write_wire_scope: net not found
2026-08-15 21:49:01.421 WARN   Wiring.write_wire_scope: net not found
2026-08-15 21:49:01.421 WARN   Wiring.write_wire_scope: net not found
2026-08-15 21:49:01.421 WARN   Wiring.write_wire_scope: net not found
2026-08-15 21:49:01.421 WARN   Wiring.write_wire_scope: net not found
2026-08-15 21:49:01.421 WARN   Wiring.write_wire_scope: net not found
2026-08-15 21:49:01.422 WARN   Wiring.write_wire_scope: net not found
2026-08-15 21:49:01.422 WARN   Wiring.write_wire_scope: net not found
2026-08-15 21:49:01.422 WARN   Wiring.write_wire_scope: net not found
2026-08-15 21:49:01.422 WARN   Wiring.write_wire_scope: net not found
2026-08-15 21:49:01.422 WARN   Wiring.write_wire_scope: net not found
2026-08-15 21:49:01.423 WARN   Wiring.write_wire_scope: net not found
2026-08-15 21:49:01.423 WARN   Wiring.write_wire_scope: net not found
2026-08-15 21:49:01.423 WARN   Wiring.write_wire_scope: net not found
2026-08-15 21:49:01.423 WARN   Wiring.write_wire_scope: net not found
2026-08-15 21:49:01.423 WARN   Wiring.write_wire_scope: net not found
2026-08-15 21:49:01.423 WARN   Wiring.write_wire_scope: net not found
2026-08-15 21:49:01.424 WARN   Wiring.write_wire_scope: net not found
2026-08-15 21:49:01.424 WARN   Wiring.write_wire_scope: net not found
2026-08-15 21:49:01.424 WARN   Wiring.write_wire_scope: net not found
2026-08-15 21:49:01.424 WARN   Wiring.write_wire_scope: net not found
2026-08-15 21:49:01.424 WARN   Wiring.write_wire_scope: net not found
2026-08-15 21:49:01.424 WARN   Wiring.write_wire_scope: net not found
2026-08-15 21:49:01.425 WARN   Wiring.write_wire_scope: net not found
2026-08-15 21:49:01.425 WARN   Wiring.write_wire_scope: net not found
2026-08-15 21:49:01.425 WARN   Wiring.write_wire_scope: net not found
2026-08-15 21:49:01.425 WARN   Wiring.write_wire_scope: net not found
2026-08-15 21:49:01.425 WARN   Wiring.write_wire_scope: net not found
2026-08-15 21:49:01.425 WARN   Wiring.write_wire_scope: net not found
2026-08-15 21:49:01.426 WARN   Wiring.write_wire_scope: net not found
2026-08-15 21:49:01.426 WARN   Wiring.write_wire_scope: net not found
2026-08-15 21:49:01.426 WARN   Wiring.write_wire_scope: net not found
2026-08-15 21:49:01.478 DEBUG  [B114FC\AEB687] Autorouter Failed to route connection between pin #21 of component #82 and pin #189 of component #223, because no connection was found between their nets.
2026-08-15 21:49:05.249 WARN   Wiring.write_wire_scope: net not found
2026-08-15 21:49:05.250 WARN   Wiring.write_wire_scope: net not found
2026-08-15 21:49:05.250 WARN   Wiring.write_wire_scope: net not found
2026-08-15 21:49:05.250 WARN   Wiring.write_wire_scope: net not found
2026-08-15 21:49:05.250 WARN   Wiring.write_wire_scope: net not found
2026-08-15 21:49:05.250 WARN   Wiring.write_wire_scope: net not found
2026-08-15 21:49:05.250 WARN   Wiring.write_wire_scope: net not found
2026-08-15 21:49:05.251 WARN   Wiring.write_wire_scope: net not found
2026-08-15 21:49:05.251 WARN   Wiring.write_wire_scope: net not found
2026-08-15 21:49:05.251 WARN   Wiring.write_wire_scope: net not found
2026-08-15 21:49:05.251 WARN   Wiring.write_wire_scope: net not found
2026-08-15 21:49:05.251 WARN   Wiring.write_wire_scope: net not found
2026-08-15 21:49:05.252 WARN   Wiring.write_wire_scope: net not found
2026-08-15 21:49:05.252 WARN   Wiring.write_wire_scope: net not found
2026-08-15 21:49:05.252 WARN   Wiring.write_wire_scope: net not found
2026-08-15 21:49:05.252 WARN   Wiring.write_wire_scope: net not found
2026-08-15 21:49:05.252 WARN   Wiring.write_wire_scope: net not found
2026-08-15 21:49:05.253 WARN   Wiring.write_wire_scope: net not found
2026-08-15 21:49:05.253 WARN   Wiring.write_wire_scope: net not found
2026-08-15 21:49:05.253 WARN   Wiring.write_wire_scope: net not found
2026-08-15 21:49:05.253 WARN   Wiring.write_wire_scope: net not found
2026-08-15 21:49:05.253 WARN   Wiring.write_wire_scope: net not found
2026-08-15 21:49:05.253 WARN   Wiring.write_wire_scope: net not found
2026-08-15 21:49:05.255 WARN   Wiring.write_wire_scope: net not found
2026-08-15 21:49:05.255 WARN   Wiring.write_wire_scope: net not found
2026-08-15 21:49:05.255 WARN   Wiring.write_wire_scope: net not found
2026-08-15 21:49:05.255 WARN   Wiring.write_wire_scope: net not found
2026-08-15 21:49:05.255 WARN   Wiring.write_wire_scope: net not found
2026-08-15 21:49:05.256 WARN   Wiring.write_wire_scope: net not found
2026-08-15 21:49:05.256 WARN   Wiring.write_wire_scope: net not found
2026-08-15 21:49:05.256 WARN   Wiring.write_wire_scope: net not found
2026-08-15 21:49:05.256 WARN   Wiring.write_wire_scope: net not found
2026-08-15 21:49:05.256 WARN   Wiring.write_wire_scope: net not found
2026-08-15 21:49:05.257 WARN   Wiring.write_wire_scope: net not found
2026-08-15 21:49:05.257 WARN   Wiring.write_wire_scope: net not found
2026-08-15 21:49:05.257 WARN   Wiring.write_wire_scope: net not found
2026-08-15 21:49:05.257 WARN   Wiring.write_wire_scope: net not found
2026-08-15 21:49:05.257 WARN   Wiring.write_wire_scope: net not found
2026-08-15 21:49:05.257 WARN   Wiring.write_wire_scope: net not found
2026-08-15 21:49:05.258 WARN   Wiring.write_wire_scope: net not found
2026-08-15 21:49:05.258 WARN   Wiring.write_wire_scope: net not found
2026-08-15 21:49:05.258 WARN   Wiring.write_wire_scope: net not found
2026-08-15 21:49:05.258 WARN   Wiring.write_wire_scope: net not found
2026-08-15 21:49:05.258 WARN   Wiring.write_wire_scope: net not found
2026-08-15 21:49:05.259 WARN   Wiring.write_wire_scope: net not found
2026-08-15 21:49:05.259 WARN   Wiring.write_wire_scope: net not found
2026-08-15 21:49:05.260 WARN   Wiring.write_wire_scope: net not found
2026-08-15 21:49:05.260 WARN   Wiring.write_wire_scope: net not found
2026-08-15 21:49:05.260 WARN   Wiring.write_wire_scope: net not found
2026-08-15 21:49:05.260 WARN   Wiring.write_wire_scope: net not found
2026-08-15 21:49:05.260 WARN   Wiring.write_wire_scope: net not found
2026-08-15 21:49:05.261 WARN   Wiring.write_wire_scope: net not found
2026-08-15 21:49:05.261 WARN   Wiring.write_wire_scope: net not found
2026-08-15 21:49:05.261 WARN   Wiring.write_wire_scope: net not found
2026-08-15 21:49:05.261 WARN   Wiring.write_wire_scope: net not found
2026-08-15 21:49:05.261 WARN   Wiring.write_wire_scope: net not found
2026-08-15 21:49:05.262 WARN   Wiring.write_wire_scope: net not found
2026-08-15 21:49:05.262 WARN   Wiring.write_wire_scope: net not found
2026-08-15 21:49:09.265 WARN   Wiring.write_wire_scope: net not found
2026-08-15 21:49:09.265 WARN   Wiring.write_wire_scope: net not found
2026-08-15 21:49:09.265 WARN   Wiring.write_wire_scope: net not found
2026-08-15 21:49:09.266 WARN   Wiring.write_wire_scope: net not found
2026-08-15 21:49:09.266 WARN   Wiring.write_wire_scope: net not found
2026-08-15 21:49:09.269 WARN   Wiring.write_wire_scope: net not found
2026-08-15 21:49:09.269 WARN   Wiring.write_wire_scope: net not found
2026-08-15 21:49:09.269 WARN   Wiring.write_wire_scope: net not found
2026-08-15 21:49:09.269 WARN   Wiring.write_wire_scope: net not found
2026-08-15 21:49:09.270 WARN   Wiring.write_wire_scope: net not found
2026-08-15 21:49:09.270 WARN   Wiring.write_wire_scope: net not found
2026-08-15 21:49:09.270 WARN   Wiring.write_wire_scope: net not found
2026-08-15 21:49:09.270 WARN   Wiring.write_wire_scope: net not found
2026-08-15 21:49:09.270 WARN   Wiring.write_wire_scope: net not found
2026-08-15 21:49:09.270 WARN   Wiring.write_wire_scope: net not found
2026-08-15 21:49:09.271 WARN   Wiring.write_wire_scope: net not found
2026-08-15 21:49:09.271 WARN   Wiring.write_wire_scope: net not found
2026-08-15 21:49:09.271 WARN   Wiring.write_wire_scope: net not found
2026-08-15 21:49:09.272 WARN   Wiring.write_wire_scope: net not found
2026-08-15 21:49:09.272 WARN   Wiring.write_wire_scope: net not found
2026-08-15 21:49:09.272 WARN   Wiring.write_wire_scope: net not found
2026-08-15 21:49:09.272 WARN   Wiring.write_wire_scope: net not found
2026-08-15 21:49:09.272 WARN   Wiring.write_wire_scope: net not found
2026-08-15 21:49:09.273 WARN   Wiring.write_wire_scope: net not found
2026-08-15 21:49:09.273 WARN   Wiring.write_wire_scope: net not found
2026-08-15 21:49:09.273 WARN   Wiring.write_wire_scope: net not found
2026-08-15 21:49:09.273 WARN   Wiring.write_wire_scope: net not found
2026-08-15 21:49:09.273 WARN   Wiring.write_wire_scope: net not found
2026-08-15 21:49:09.274 WARN   Wiring.write_wire_scope: net not found
2026-08-15 21:49:09.274 WARN   Wiring.write_wire_scope: net not found
2026-08-15 21:49:09.274 WARN   Wiring.write_wire_scope: net not found
2026-08-15 21:49:09.274 WARN   Wiring.write_wire_scope: net not found
2026-08-15 21:49:09.274 WARN   Wiring.write_wire_scope: net not found
2026-08-15 21:49:09.274 WARN   Wiring.write_wire_scope: net not found
2026-08-15 21:49:09.275 WARN   Wiring.write_wire_scope: net not found
2026-08-15 21:49:09.275 WARN   Wiring.write_wire_scope: net not found
2026-08-15 21:49:09.275 WARN   Wiring.write_wire_scope: net not found
2026-08-15 21:49:09.275 WARN   Wiring.write_wire_scope: net not found
2026-08-15 21:49:09.275 WARN   Wiring.write_wire_scope: net not found
2026-08-15 21:49:09.276 WARN   Wiring.write_wire_scope: net not found
2026-08-15 21:49:09.276 WARN   Wiring.write_wire_scope: net not found
2026-08-15 21:49:09.276 WARN   Wiring.write_wire_scope: net not found
2026-08-15 21:49:09.276 WARN   Wiring.write_wire_scope: net not found
2026-08-15 21:49:09.276 WARN   Wiring.write_wire_scope: net not found
2026-08-15 21:49:09.276 WARN   Wiring.write_wire_scope: net not found
2026-08-15 21:49:09.277 WARN   Wiring.write_wire_scope: net not found
2026-08-15 21:49:09.277 WARN   Wiring.write_wire_scope: net not found
2026-08-15 21:49:09.277 WARN   Wiring.write_wire_scope: net not found
2026-08-15 21:49:09.277 WARN   Wiring.write_wire_scope: net not found
2026-08-15 21:49:09.277 WARN   Wiring.write_wire_scope: net not found
2026-08-15 21:49:09.277 WARN   Wiring.write_wire_scope: net not found
2026-08-15 21:49:09.278 WARN   Wiring.write_wire_scope: net not found
2026-08-15 21:49:09.278 WARN   Wiring.write_wire_scope: net not found
2026-08-15 21:49:09.278 WARN   Wiring.write_wire_scope: net not found
2026-08-15 21:49:09.278 WARN   Wiring.write_wire_scope: net not found
2026-08-15 21:49:09.278 WARN   Wiring.write_wire_scope: net not found
2026-08-15 21:49:09.279 WARN   Wiring.write_wire_scope: net not found
2026-08-15 21:49:09.279 WARN   Wiring.write_wire_scope: net not found
2026-08-15 21:49:09.314 DEBUG  [B114FC\AEB687] Autorouter Failed to route connection between pin #25 of component #82 and pin #183 of component #223, because no connection was found between their nets.
2026-08-15 21:49:13.089 WARN   Wiring.write_wire_scope: net not found
2026-08-15 21:49:13.090 WARN   Wiring.write_wire_scope: net not found
2026-08-15 21:49:13.090 WARN   Wiring.write_wire_scope: net not found
2026-08-15 21:49:13.090 WARN   Wiring.write_wire_scope: net not found
2026-08-15 21:49:13.091 WARN   Wiring.write_wire_scope: net not found
2026-08-15 21:49:13.091 WARN   Wiring.write_wire_scope: net not found
2026-08-15 21:49:13.091 WARN   Wiring.write_wire_scope: net not found
2026-08-15 21:49:13.091 WARN   Wiring.write_wire_scope: net not found
2026-08-15 21:49:13.092 WARN   Wiring.write_wire_scope: net not found
2026-08-15 21:49:13.092 WARN   Wiring.write_wire_scope: net not found
2026-08-15 21:49:13.092 WARN   Wiring.write_wire_scope: net not found
2026-08-15 21:49:13.092 WARN   Wiring.write_wire_scope: net not found
2026-08-15 21:49:13.092 WARN   Wiring.write_wire_scope: net not found
2026-08-15 21:49:13.093 WARN   Wiring.write_wire_scope: net not found
2026-08-15 21:49:13.093 WARN   Wiring.write_wire_scope: net not found
2026-08-15 21:49:13.093 WARN   Wiring.write_wire_scope: net not found
2026-08-15 21:49:13.093 WARN   Wiring.write_wire_scope: net not found
2026-08-15 21:49:13.093 WARN   Wiring.write_wire_scope: net not found
2026-08-15 21:49:13.094 WARN   Wiring.write_wire_scope: net not found
2026-08-15 21:49:13.094 WARN   Wiring.write_wire_scope: net not found
2026-08-15 21:49:13.095 WARN   Wiring.write_wire_scope: net not found
2026-08-15 21:49:13.095 WARN   Wiring.write_wire_scope: net not found
2026-08-15 21:49:13.095 WARN   Wiring.write_wire_scope: net not found
2026-08-15 21:49:13.095 WARN   Wiring.write_wire_scope: net not found
2026-08-15 21:49:13.095 WARN   Wiring.write_wire_scope: net not found
2026-08-15 21:49:13.096 WARN   Wiring.write_wire_scope: net not found
2026-08-15 21:49:13.096 WARN   Wiring.write_wire_scope: net not found
2026-08-15 21:49:13.096 WARN   Wiring.write_wire_scope: net not found
2026-08-15 21:49:13.096 WARN   Wiring.write_wire_scope: net not found
2026-08-15 21:49:13.097 WARN   Wiring.write_wire_scope: net not found
2026-08-15 21:49:13.097 WARN   Wiring.write_wire_scope: net not found
2026-08-15 21:49:13.097 WARN   Wiring.write_wire_scope: net not found
2026-08-15 21:49:13.097 WARN   Wiring.write_wire_scope: net not found
2026-08-15 21:49:13.097 WARN   Wiring.write_wire_scope: net not found
2026-08-15 21:49:13.098 WARN   Wiring.write_wire_scope: net not found
2026-08-15 21:49:13.098 WARN   Wiring.write_wire_scope: net not found
2026-08-15 21:49:13.098 WARN   Wiring.write_wire_scope: net not found
2026-08-15 21:49:13.098 WARN   Wiring.write_wire_scope: net not found
2026-08-15 21:49:13.098 WARN   Wiring.write_wire_scope: net not found
2026-08-15 21:49:13.098 WARN   Wiring.write_wire_scope: net not found
2026-08-15 21:49:13.099 WARN   Wiring.write_wire_scope: net not found
2026-08-15 21:49:13.099 WARN   Wiring.write_wire_scope: net not found
2026-08-15 21:49:13.099 WARN   Wiring.write_wire_scope: net not found
2026-08-15 21:49:13.099 WARN   Wiring.write_wire_scope: net not found
2026-08-15 21:49:13.099 WARN   Wiring.write_wire_scope: net not found
2026-08-15 21:49:13.099 WARN   Wiring.write_wire_scope: net not found
2026-08-15 21:49:13.100 WARN   Wiring.write_wire_scope: net not found
2026-08-15 21:49:13.100 WARN   Wiring.write_wire_scope: net not found
2026-08-15 21:49:13.100 WARN   Wiring.write_wire_scope: net not found
2026-08-15 21:49:13.100 WARN   Wiring.write_wire_scope: net not found
2026-08-15 21:49:13.100 WARN   Wiring.write_wire_scope: net not found
2026-08-15 21:49:13.100 WARN   Wiring.write_wire_scope: net not found
2026-08-15 21:49:13.101 WARN   Wiring.write_wire_scope: net not found
2026-08-15 21:49:13.101 WARN   Wiring.write_wire_scope: net not found
2026-08-15 21:49:13.101 WARN   Wiring.write_wire_scope: net not found
2026-08-15 21:49:13.101 WARN   Wiring.write_wire_scope: net not found
2026-08-15 21:49:13.101 WARN   Wiring.write_wire_scope: net not found
2026-08-15 21:49:13.101 WARN   Wiring.write_wire_scope: net not found
2026-08-15 21:49:17.056 WARN   Wiring.write_wire_scope: net not found
2026-08-15 21:49:17.056 WARN   Wiring.write_wire_scope: net not found
2026-08-15 21:49:17.057 WARN   Wiring.write_wire_scope: net not found
2026-08-15 21:49:17.057 WARN   Wiring.write_wire_scope: net not found
2026-08-15 21:49:17.057 WARN   Wiring.write_wire_scope: net not found
2026-08-15 21:49:17.057 WARN   Wiring.write_wire_scope: net not found
2026-08-15 21:49:17.057 WARN   Wiring.write_wire_scope: net not found
2026-08-15 21:49:17.058 WARN   Wiring.write_wire_scope: net not found
2026-08-15 21:49:17.058 WARN   Wiring.write_wire_scope: net not found
2026-08-15 21:49:17.058 WARN   Wiring.write_wire_scope: net not found
2026-08-15 21:49:17.058 WARN   Wiring.write_wire_scope: net not found
2026-08-15 21:49:17.058 WARN   Wiring.write_wire_scope: net not found
2026-08-15 21:49:17.058 WARN   Wiring.write_wire_scope: net not found
2026-08-15 21:49:17.059 WARN   Wiring.write_wire_scope: net not found
2026-08-15 21:49:17.059 WARN   Wiring.write_wire_scope: net not found
2026-08-15 21:49:17.059 WARN   Wiring.write_wire_scope: net not found
2026-08-15 21:49:17.059 WARN   Wiring.write_wire_scope: net not found
2026-08-15 21:49:17.059 WARN   Wiring.write_wire_scope: net not found
2026-08-15 21:49:17.060 WARN   Wiring.write_wire_scope: net not found
2026-08-15 21:49:17.060 WARN   Wiring.write_wire_scope: net not found
2026-08-15 21:49:17.060 WARN   Wiring.write_wire_scope: net not found
2026-08-15 21:49:17.060 WARN   Wiring.write_wire_scope: net not found
2026-08-15 21:49:17.060 WARN   Wiring.write_wire_scope: net not found
2026-08-15 21:49:17.060 WARN   Wiring.write_wire_scope: net not found
2026-08-15 21:49:17.060 WARN   Wiring.write_wire_scope: net not found
2026-08-15 21:49:17.060 WARN   Wiring.write_wire_scope: net not found
2026-08-15 21:49:17.061 WARN   Wiring.write_wire_scope: net not found
2026-08-15 21:49:17.061 WARN   Wiring.write_wire_scope: net not found
2026-08-15 21:49:17.061 WARN   Wiring.write_wire_scope: net not found
2026-08-15 21:49:17.061 WARN   Wiring.write_wire_scope: net not found
2026-08-15 21:49:17.061 WARN   Wiring.write_wire_scope: net not found
2026-08-15 21:49:17.061 WARN   Wiring.write_wire_scope: net not found
2026-08-15 21:49:17.061 WARN   Wiring.write_wire_scope: net not found
2026-08-15 21:49:17.062 WARN   Wiring.write_wire_scope: net not found
2026-08-15 21:49:17.062 WARN   Wiring.write_wire_scope: net not found
2026-08-15 21:49:17.062 WARN   Wiring.write_wire_scope: net not found
2026-08-15 21:49:17.062 WARN   Wiring.write_wire_scope: net not found
2026-08-15 21:49:17.062 WARN   Wiring.write_wire_scope: net not found
2026-08-15 21:49:17.062 WARN   Wiring.write_wire_scope: net not found
2026-08-15 21:49:17.062 WARN   Wiring.write_wire_scope: net not found
2026-08-15 21:49:17.062 WARN   Wiring.write_wire_scope: net not found
2026-08-15 21:49:17.063 WARN   Wiring.write_wire_scope: net not found
2026-08-15 21:49:17.063 WARN   Wiring.write_wire_scope: net not found
2026-08-15 21:49:17.063 WARN   Wiring.write_wire_scope: net not found
2026-08-15 21:49:17.063 WARN   Wiring.write_wire_scope: net not found
2026-08-15 21:49:17.063 WARN   Wiring.write_wire_scope: net not found
2026-08-15 21:49:17.063 WARN   Wiring.write_wire_scope: net not found
2026-08-15 21:49:17.064 WARN   Wiring.write_wire_scope: net not found
2026-08-15 21:49:17.064 WARN   Wiring.write_wire_scope: net not found
2026-08-15 21:49:17.064 WARN   Wiring.write_wire_scope: net not found
2026-08-15 21:49:17.064 WARN   Wiring.write_wire_scope: net not found
2026-08-15 21:49:17.064 WARN   Wiring.write_wire_scope: net not found
2026-08-15 21:49:17.064 WARN   Wiring.write_wire_scope: net not found
2026-08-15 21:49:17.064 WARN   Wiring.write_wire_scope: net not found
2026-08-15 21:49:17.064 WARN   Wiring.write_wire_scope: net not found
2026-08-15 21:49:17.065 WARN   Wiring.write_wire_scope: net not found
2026-08-15 21:49:17.065 WARN   Wiring.write_wire_scope: net not found
2026-08-15 21:49:17.065 WARN   Wiring.write_wire_scope: net not found
2026-08-15 21:49:17.105 DEBUG  [B114FC\AEB687] Autorouter Failed to route connection between pin #33 of component #82 and pin #177 of component #223, because no connection was found between their nets.
2026-08-15 21:49:20.818 WARN   Wiring.write_wire_scope: net not found
2026-08-15 21:49:20.830 WARN   Wiring.write_wire_scope: net not found
2026-08-15 21:49:20.831 WARN   Wiring.write_wire_scope: net not found
2026-08-15 21:49:20.831 WARN   Wiring.write_wire_scope: net not found
2026-08-15 21:49:20.831 WARN   Wiring.write_wire_scope: net not found
2026-08-15 21:49:20.832 WARN   Wiring.write_wire_scope: net not found
2026-08-15 21:49:20.832 WARN   Wiring.write_wire_scope: net not found
2026-08-15 21:49:20.832 WARN   Wiring.write_wire_scope: net not found
2026-08-15 21:49:20.833 WARN   Wiring.write_wire_scope: net not found
2026-08-15 21:49:20.833 WARN   Wiring.write_wire_scope: net not found
2026-08-15 21:49:20.833 WARN   Wiring.write_wire_scope: net not found
2026-08-15 21:49:20.834 WARN   Wiring.write_wire_scope: net not found
2026-08-15 21:49:20.834 WARN   Wiring.write_wire_scope: net not found
2026-08-15 21:49:20.835 WARN   Wiring.write_wire_scope: net not found
2026-08-15 21:49:20.835 WARN   Wiring.write_wire_scope: net not found
2026-08-15 21:49:20.835 WARN   Wiring.write_wire_scope: net not found
2026-08-15 21:49:20.836 WARN   Wiring.write_wire_scope: net not found
2026-08-15 21:49:20.836 WARN   Wiring.write_wire_scope: net not found
2026-08-15 21:49:20.836 WARN   Wiring.write_wire_scope: net not found
2026-08-15 21:49:20.836 WARN   Wiring.write_wire_scope: net not found
2026-08-15 21:49:20.837 WARN   Wiring.write_wire_scope: net not found
2026-08-15 21:49:20.837 WARN   Wiring.write_wire_scope: net not found
2026-08-15 21:49:20.837 WARN   Wiring.write_wire_scope: net not found
2026-08-15 21:49:20.837 WARN   Wiring.write_wire_scope: net not found
2026-08-15 21:49:20.837 WARN   Wiring.write_wire_scope: net not found
2026-08-15 21:49:20.837 WARN   Wiring.write_wire_scope: net not found
2026-08-15 21:49:20.838 WARN   Wiring.write_wire_scope: net not found
2026-08-15 21:49:20.838 WARN   Wiring.write_wire_scope: net not found
2026-08-15 21:49:20.838 WARN   Wiring.write_wire_scope: net not found
2026-08-15 21:49:20.838 WARN   Wiring.write_wire_scope: net not found
2026-08-15 21:49:20.838 WARN   Wiring.write_wire_scope: net not found
2026-08-15 21:49:20.839 WARN   Wiring.write_wire_scope: net not found
2026-08-15 21:49:20.839 WARN   Wiring.write_wire_scope: net not found
2026-08-15 21:49:20.839 WARN   Wiring.write_wire_scope: net not found
2026-08-15 21:49:20.839 WARN   Wiring.write_wire_scope: net not found
2026-08-15 21:49:20.839 WARN   Wiring.write_wire_scope: net not found
2026-08-15 21:49:20.839 WARN   Wiring.write_wire_scope: net not found
2026-08-15 21:49:20.840 WARN   Wiring.write_wire_scope: net not found
2026-08-15 21:49:20.840 WARN   Wiring.write_wire_scope: net not found
2026-08-15 21:49:20.840 WARN   Wiring.write_wire_scope: net not found
2026-08-15 21:49:20.840 WARN   Wiring.write_wire_scope: net not found
2026-08-15 21:49:20.840 WARN   Wiring.write_wire_scope: net not found
2026-08-15 21:49:20.840 WARN   Wiring.write_wire_scope: net not found
2026-08-15 21:49:20.841 WARN   Wiring.write_wire_scope: net not found
2026-08-15 21:49:20.841 WARN   Wiring.write_wire_scope: net not found
2026-08-15 21:49:20.841 WARN   Wiring.write_wire_scope: net not found
2026-08-15 21:49:20.841 WARN   Wiring.write_wire_scope: net not found
2026-08-15 21:49:20.841 WARN   Wiring.write_wire_scope: net not found
2026-08-15 21:49:20.841 WARN   Wiring.write_wire_scope: net not found
2026-08-15 21:49:20.842 WARN   Wiring.write_wire_scope: net not found
2026-08-15 21:49:20.842 WARN   Wiring.write_wire_scope: net not found
2026-08-15 21:49:20.842 WARN   Wiring.write_wire_scope: net not found
2026-08-15 21:49:20.842 WARN   Wiring.write_wire_scope: net not found
2026-08-15 21:49:20.842 WARN   Wiring.write_wire_scope: net not found
2026-08-15 21:49:20.842 WARN   Wiring.write_wire_scope: net not found
2026-08-15 21:49:20.843 WARN   Wiring.write_wire_scope: net not found
2026-08-15 21:49:20.843 WARN   Wiring.write_wire_scope: net not found
2026-08-15 21:49:20.843 WARN   Wiring.write_wire_scope: net not found
2026-08-15 21:49:24.490 WARN   Wiring.write_wire_scope: net not found
2026-08-15 21:49:24.495 WARN   Wiring.write_wire_scope: net not found
2026-08-15 21:49:24.496 WARN   Wiring.write_wire_scope: net not found
2026-08-15 21:49:24.496 WARN   Wiring.write_wire_scope: net not found
2026-08-15 21:49:24.496 WARN   Wiring.write_wire_scope: net not found
2026-08-15 21:49:24.496 WARN   Wiring.write_wire_scope: net not found
2026-08-15 21:49:24.496 WARN   Wiring.write_wire_scope: net not found
2026-08-15 21:49:24.497 WARN   Wiring.write_wire_scope: net not found
2026-08-15 21:49:24.504 WARN   Wiring.write_wire_scope: net not found
2026-08-15 21:49:24.504 WARN   Wiring.write_wire_scope: net not found
2026-08-15 21:49:24.504 WARN   Wiring.write_wire_scope: net not found
2026-08-15 21:49:24.504 WARN   Wiring.write_wire_scope: net not found
2026-08-15 21:49:24.504 WARN   Wiring.write_wire_scope: net not found
2026-08-15 21:49:24.504 WARN   Wiring.write_wire_scope: net not found
2026-08-15 21:49:24.505 WARN   Wiring.write_wire_scope: net not found
2026-08-15 21:49:24.505 WARN   Wiring.write_wire_scope: net not found
2026-08-15 21:49:24.505 WARN   Wiring.write_wire_scope: net not found
2026-08-15 21:49:24.505 WARN   Wiring.write_wire_scope: net not found
2026-08-15 21:49:24.505 WARN   Wiring.write_wire_scope: net not found
2026-08-15 21:49:24.505 WARN   Wiring.write_wire_scope: net not found
2026-08-15 21:49:24.505 WARN   Wiring.write_wire_scope: net not found
2026-08-15 21:49:24.506 WARN   Wiring.write_wire_scope: net not found
2026-08-15 21:49:24.506 WARN   Wiring.write_wire_scope: net not found
2026-08-15 21:49:24.506 WARN   Wiring.write_wire_scope: net not found
2026-08-15 21:49:24.506 WARN   Wiring.write_wire_scope: net not found
2026-08-15 21:49:24.506 WARN   Wiring.write_wire_scope: net not found
2026-08-15 21:49:24.506 WARN   Wiring.write_wire_scope: net not found
2026-08-15 21:49:24.506 WARN   Wiring.write_wire_scope: net not found
2026-08-15 21:49:24.507 WARN   Wiring.write_wire_scope: net not found
2026-08-15 21:49:24.507 WARN   Wiring.write_wire_scope: net not found
2026-08-15 21:49:24.507 WARN   Wiring.write_wire_scope: net not found
2026-08-15 21:49:24.507 WARN   Wiring.write_wire_scope: net not found
2026-08-15 21:49:24.507 WARN   Wiring.write_wire_scope: net not found
2026-08-15 21:49:24.507 WARN   Wiring.write_wire_scope: net not found
2026-08-15 21:49:24.507 WARN   Wiring.write_wire_scope: net not found
2026-08-15 21:49:24.508 WARN   Wiring.write_wire_scope: net not found
2026-08-15 21:49:24.508 WARN   Wiring.write_wire_scope: net not found
2026-08-15 21:49:24.508 WARN   Wiring.write_wire_scope: net not found
2026-08-15 21:49:24.508 WARN   Wiring.write_wire_scope: net not found
2026-08-15 21:49:24.508 WARN   Wiring.write_wire_scope: net not found
2026-08-15 21:49:24.508 WARN   Wiring.write_wire_scope: net not found
2026-08-15 21:49:24.509 WARN   Wiring.write_wire_scope: net not found
2026-08-15 21:49:24.509 WARN   Wiring.write_wire_scope: net not found
2026-08-15 21:49:24.509 WARN   Wiring.write_wire_scope: net not found
2026-08-15 21:49:24.509 WARN   Wiring.write_wire_scope: net not found
2026-08-15 21:49:24.509 WARN   Wiring.write_wire_scope: net not found
2026-08-15 21:49:24.509 WARN   Wiring.write_wire_scope: net not found
2026-08-15 21:49:24.509 WARN   Wiring.write_wire_scope: net not found
2026-08-15 21:49:24.510 WARN   Wiring.write_wire_scope: net not found
2026-08-15 21:49:24.510 WARN   Wiring.write_wire_scope: net not found
2026-08-15 21:49:24.510 WARN   Wiring.write_wire_scope: net not found
2026-08-15 21:49:24.510 WARN   Wiring.write_wire_scope: net not found
2026-08-15 21:49:24.510 WARN   Wiring.write_wire_scope: net not found
2026-08-15 21:49:24.510 WARN   Wiring.write_wire_scope: net not found
2026-08-15 21:49:24.510 WARN   Wiring.write_wire_scope: net not found
2026-08-15 21:49:24.511 WARN   Wiring.write_wire_scope: net not found
2026-08-15 21:49:24.511 WARN   Wiring.write_wire_scope: net not found
2026-08-15 21:49:24.511 WARN   Wiring.write_wire_scope: net not found
2026-08-15 21:49:24.554 DEBUG  [B114FC\AEB687] Autorouter Failed to route connection between pin #41 of component #82 and pin #171 of component #223, because no connection was found between their nets.
2026-08-15 21:49:28.456 WARN   Wiring.write_wire_scope: net not found
2026-08-15 21:49:28.456 WARN   Wiring.write_wire_scope: net not found
2026-08-15 21:49:28.456 WARN   Wiring.write_wire_scope: net not found
2026-08-15 21:49:28.457 WARN   Wiring.write_wire_scope: net not found
2026-08-15 21:49:28.457 WARN   Wiring.write_wire_scope: net not found
2026-08-15 21:49:28.457 WARN   Wiring.write_wire_scope: net not found
2026-08-15 21:49:28.457 WARN   Wiring.write_wire_scope: net not found
2026-08-15 21:49:28.457 WARN   Wiring.write_wire_scope: net not found
2026-08-15 21:49:28.457 WARN   Wiring.write_wire_scope: net not found
2026-08-15 21:49:28.458 WARN   Wiring.write_wire_scope: net not found
2026-08-15 21:49:28.458 WARN   Wiring.write_wire_scope: net not found
2026-08-15 21:49:28.458 WARN   Wiring.write_wire_scope: net not found
2026-08-15 21:49:28.458 WARN   Wiring.write_wire_scope: net not found
2026-08-15 21:49:28.458 WARN   Wiring.write_wire_scope: net not found
2026-08-15 21:49:28.458 WARN   Wiring.write_wire_scope: net not found
2026-08-15 21:49:28.459 WARN   Wiring.write_wire_scope: net not found
2026-08-15 21:49:28.459 WARN   Wiring.write_wire_scope: net not found
2026-08-15 21:49:28.459 WARN   Wiring.write_wire_scope: net not found
2026-08-15 21:49:28.459 WARN   Wiring.write_wire_scope: net not found
2026-08-15 21:49:28.459 WARN   Wiring.write_wire_scope: net not found
2026-08-15 21:49:28.459 WARN   Wiring.write_wire_scope: net not found
2026-08-15 21:49:28.460 WARN   Wiring.write_wire_scope: net not found
2026-08-15 21:49:28.460 WARN   Wiring.write_wire_scope: net not found
2026-08-15 21:49:28.460 WARN   Wiring.write_wire_scope: net not found
2026-08-15 21:49:28.460 WARN   Wiring.write_wire_scope: net not found
2026-08-15 21:49:28.460 WARN   Wiring.write_wire_scope: net not found
2026-08-15 21:49:28.460 WARN   Wiring.write_wire_scope: net not found
2026-08-15 21:49:28.461 WARN   Wiring.write_wire_scope: net not found
2026-08-15 21:49:28.461 WARN   Wiring.write_wire_scope: net not found
2026-08-15 21:49:28.461 WARN   Wiring.write_wire_scope: net not found
2026-08-15 21:49:28.461 WARN   Wiring.write_wire_scope: net not found
2026-08-15 21:49:28.461 WARN   Wiring.write_wire_scope: net not found
2026-08-15 21:49:28.461 WARN   Wiring.write_wire_scope: net not found
2026-08-15 21:49:28.462 WARN   Wiring.write_wire_scope: net not found
2026-08-15 21:49:28.462 WARN   Wiring.write_wire_scope: net not found
2026-08-15 21:49:28.462 WARN   Wiring.write_wire_scope: net not found
2026-08-15 21:49:28.462 WARN   Wiring.write_wire_scope: net not found
2026-08-15 21:49:28.462 WARN   Wiring.write_wire_scope: net not found
2026-08-15 21:49:28.462 WARN   Wiring.write_wire_scope: net not found
2026-08-15 21:49:28.463 WARN   Wiring.write_wire_scope: net not found
2026-08-15 21:49:28.463 WARN   Wiring.write_wire_scope: net not found
2026-08-15 21:49:28.463 WARN   Wiring.write_wire_scope: net not found
2026-08-15 21:49:28.463 WARN   Wiring.write_wire_scope: net not found
2026-08-15 21:49:28.463 WARN   Wiring.write_wire_scope: net not found
2026-08-15 21:49:28.463 WARN   Wiring.write_wire_scope: net not found
2026-08-15 21:49:28.464 WARN   Wiring.write_wire_scope: net not found
2026-08-15 21:49:28.464 WARN   Wiring.write_wire_scope: net not found
2026-08-15 21:49:28.464 WARN   Wiring.write_wire_scope: net not found
2026-08-15 21:49:28.464 WARN   Wiring.write_wire_scope: net not found
2026-08-15 21:49:28.464 WARN   Wiring.write_wire_scope: net not found
2026-08-15 21:49:28.465 WARN   Wiring.write_wire_scope: net not found
2026-08-15 21:49:28.465 WARN   Wiring.write_wire_scope: net not found
2026-08-15 21:49:28.465 WARN   Wiring.write_wire_scope: net not found
2026-08-15 21:49:28.465 WARN   Wiring.write_wire_scope: net not found
2026-08-15 21:49:28.465 WARN   Wiring.write_wire_scope: net not found
2026-08-15 21:49:28.465 WARN   Wiring.write_wire_scope: net not found
2026-08-15 21:49:28.466 WARN   Wiring.write_wire_scope: net not found
2026-08-15 21:49:28.466 WARN   Wiring.write_wire_scope: net not found
2026-08-15 21:49:32.349 WARN   Wiring.write_wire_scope: net not found
2026-08-15 21:49:32.350 WARN   Wiring.write_wire_scope: net not found
2026-08-15 21:49:32.350 WARN   Wiring.write_wire_scope: net not found
2026-08-15 21:49:32.350 WARN   Wiring.write_wire_scope: net not found
2026-08-15 21:49:32.350 WARN   Wiring.write_wire_scope: net not found
2026-08-15 21:49:32.350 WARN   Wiring.write_wire_scope: net not found
2026-08-15 21:49:32.351 WARN   Wiring.write_wire_scope: net not found
2026-08-15 21:49:32.351 WARN   Wiring.write_wire_scope: net not found
2026-08-15 21:49:32.351 WARN   Wiring.write_wire_scope: net not found
2026-08-15 21:49:32.351 WARN   Wiring.write_wire_scope: net not found
2026-08-15 21:49:32.351 WARN   Wiring.write_wire_scope: net not found
2026-08-15 21:49:32.351 WARN   Wiring.write_wire_scope: net not found
2026-08-15 21:49:32.352 WARN   Wiring.write_wire_scope: net not found
2026-08-15 21:49:32.352 WARN   Wiring.write_wire_scope: net not found
2026-08-15 21:49:32.352 WARN   Wiring.write_wire_scope: net not found
2026-08-15 21:49:32.352 WARN   Wiring.write_wire_scope: net not found
2026-08-15 21:49:32.352 WARN   Wiring.write_wire_scope: net not found
2026-08-15 21:49:32.352 WARN   Wiring.write_wire_scope: net not found
2026-08-15 21:49:32.353 WARN   Wiring.write_wire_scope: net not found
2026-08-15 21:49:32.353 WARN   Wiring.write_wire_scope: net not found
2026-08-15 21:49:32.353 WARN   Wiring.write_wire_scope: net not found
2026-08-15 21:49:32.353 WARN   Wiring.write_wire_scope: net not found
2026-08-15 21:49:32.353 WARN   Wiring.write_wire_scope: net not found
2026-08-15 21:49:32.353 WARN   Wiring.write_wire_scope: net not found
2026-08-15 21:49:32.354 WARN   Wiring.write_wire_scope: net not found
2026-08-15 21:49:32.354 WARN   Wiring.write_wire_scope: net not found
2026-08-15 21:49:32.354 WARN   Wiring.write_wire_scope: net not found
2026-08-15 21:49:32.354 WARN   Wiring.write_wire_scope: net not found
2026-08-15 21:49:32.354 WARN   Wiring.write_wire_scope: net not found
2026-08-15 21:49:32.354 WARN   Wiring.write_wire_scope: net not found
2026-08-15 21:49:32.354 WARN   Wiring.write_wire_scope: net not found
2026-08-15 21:49:32.355 WARN   Wiring.write_wire_scope: net not found
2026-08-15 21:49:32.355 WARN   Wiring.write_wire_scope: net not found
2026-08-15 21:49:32.355 WARN   Wiring.write_wire_scope: net not found
2026-08-15 21:49:32.355 WARN   Wiring.write_wire_scope: net not found
2026-08-15 21:49:32.356 WARN   Wiring.write_wire_scope: net not found
2026-08-15 21:49:32.356 WARN   Wiring.write_wire_scope: net not found
2026-08-15 21:49:32.356 WARN   Wiring.write_wire_scope: net not found
2026-08-15 21:49:32.356 WARN   Wiring.write_wire_scope: net not found
2026-08-15 21:49:32.356 WARN   Wiring.write_wire_scope: net not found
2026-08-15 21:49:32.356 WARN   Wiring.write_wire_scope: net not found
2026-08-15 21:49:32.357 WARN   Wiring.write_wire_scope: net not found
2026-08-15 21:49:32.357 WARN   Wiring.write_wire_scope: net not found
2026-08-15 21:49:32.357 WARN   Wiring.write_wire_scope: net not found
2026-08-15 21:49:32.357 WARN   Wiring.write_wire_scope: net not found
2026-08-15 21:49:32.357 WARN   Wiring.write_wire_scope: net not found
2026-08-15 21:49:32.357 WARN   Wiring.write_wire_scope: net not found
2026-08-15 21:49:32.358 WARN   Wiring.write_wire_scope: net not found
2026-08-15 21:49:32.358 WARN   Wiring.write_wire_scope: net not found
2026-08-15 21:49:32.358 WARN   Wiring.write_wire_scope: net not found
2026-08-15 21:49:32.358 WARN   Wiring.write_wire_scope: net not found
2026-08-15 21:49:32.358 WARN   Wiring.write_wire_scope: net not found
2026-08-15 21:49:32.358 WARN   Wiring.write_wire_scope: net not found
2026-08-15 21:49:32.359 WARN   Wiring.write_wire_scope: net not found
2026-08-15 21:49:32.359 WARN   Wiring.write_wire_scope: net not found
2026-08-15 21:49:32.359 WARN   Wiring.write_wire_scope: net not found
2026-08-15 21:49:32.359 WARN   Wiring.write_wire_scope: net not found
2026-08-15 21:49:32.359 WARN   Wiring.write_wire_scope: net not found
2026-08-15 21:49:32.392 DEBUG  [B114FC\AEB687] Autorouter Failed to route connection between pin #21 of component #173 and pin #165 of component #223, because no connection was found between their nets.
