2026-08-15 21:48:33.553 INFO   Freerouting v2.3.0 (build-date: 2026-08-07)
2026-08-15 21:48:35.081 INFO   [B114FC\AEB687] Loading board file 'pcb-hmd-carrier-board2-high-speed-only.dsn'...
2026-08-15 21:48:35.237 WARN   Wiring: via net '+3V3' not found at '+3V3'
2026-08-15 21:48:35.238 WARN   Wiring: via net '+3V3' not found at '+3V3'
2026-08-15 21:48:35.240 WARN   Wiring: via net 'LED_BLUE_GPIO16_N' not found at 'LED_BLUE_GPIO16_N'
2026-08-15 21:48:35.241 WARN   Wiring: via net 'LED_BLUE_GPIO16_N' not found at 'LED_BLUE_GPIO16_N'
2026-08-15 21:48:35.243 WARN   Wiring: via net 'nPI_LED_PWR' not found at 'nPI_LED_PWR'
2026-08-15 21:48:35.244 WARN   Wiring: via net 'nPI_LED_PWR' not found at 'nPI_LED_PWR'
2026-08-15 21:48:35.245 WARN   Wiring: via net 'VOL_DOWN_GPIO17_N' not found at 'VOL_DOWN_GPIO17_N'
2026-08-15 21:48:35.246 WARN   Wiring: via net 'VOL_DOWN_GPIO17_N' not found at 'VOL_DOWN_GPIO17_N'
2026-08-15 21:48:35.247 WARN   Wiring: via net 'LED_GREEN_GPIO13_N' not found at 'LED_GREEN_GPIO13_N'
2026-08-15 21:48:35.247 WARN   Wiring: via net 'LED_GREEN_GPIO13_N' not found at 'LED_GREEN_GPIO13_N'
2026-08-15 21:48:35.248 WARN   Wiring: via net 'VOL_UP_GPIO24_N' not found at 'VOL_UP_GPIO24_N'
2026-08-15 21:48:35.248 WARN   Wiring: via net 'VOL_UP_GPIO24_N' not found at 'VOL_UP_GPIO24_N'
2026-08-15 21:48:35.249 WARN   Wiring: via net 'PWR_KEY_GPIO26_N' not found at 'PWR_KEY_GPIO26_N'
2026-08-15 21:48:35.249 WARN   Wiring: via net 'PWR_KEY_GPIO26_N' not found at 'PWR_KEY_GPIO26_N'
2026-08-15 21:48:35.257 WARN   DSN file 'pcb-hmd-carrier-board2-high-speed-only.dsn' was loaded with 14 warning(s).
2026-08-15 21:48:35.314 INFO   [B114FC\AEB687] Job 'B114FC\AEB687' started at 2026-08-15T19:48:35.313446Z.
2026-08-15 21:48:35.533 WARN   Wiring.write_wire_scope: net not found
2026-08-15 21:48:35.534 WARN   Wiring.write_wire_scope: net not found
2026-08-15 21:48:35.535 WARN   Wiring.write_wire_scope: net not found
2026-08-15 21:48:35.535 WARN   Wiring.write_wire_scope: net not found
2026-08-15 21:48:35.535 WARN   Wiring.write_wire_scope: net not found
2026-08-15 21:48:35.535 WARN   Wiring.write_wire_scope: net not found
2026-08-15 21:48:35.536 WARN   Wiring.write_wire_scope: net not found
2026-08-15 21:48:35.536 WARN   Wiring.write_wire_scope: net not found
2026-08-15 21:48:35.536 WARN   Wiring.write_wire_scope: net not found
2026-08-15 21:48:35.536 WARN   Wiring.write_wire_scope: net not found
2026-08-15 21:48:35.537 WARN   Wiring.write_wire_scope: net not found
2026-08-15 21:48:35.537 WARN   Wiring.write_wire_scope: net not found
2026-08-15 21:48:35.537 WARN   Wiring.write_wire_scope: net not found
2026-08-15 21:48:35.537 WARN   Wiring.write_wire_scope: net not found
2026-08-15 21:48:35.537 WARN   Wiring.write_wire_scope: net not found
2026-08-15 21:48:35.538 WARN   Wiring.write_wire_scope: net not found
2026-08-15 21:48:35.538 WARN   Wiring.write_wire_scope: net not found
2026-08-15 21:48:35.538 INFO   [B114FC\AEB687] Auto-routing stage started on board '64e52a78f59f59de2dcdc410e3288282' for 96 unrouted items.
2026-08-15 21:48:35.538 WARN   Wiring.write_wire_scope: net not found
2026-08-15 21:48:35.539 WARN   Wiring.write_wire_scope: net not found
2026-08-15 21:48:35.540 WARN   Wiring.write_wire_scope: net not found
2026-08-15 21:48:35.540 WARN   Wiring.write_wire_scope: net not found
2026-08-15 21:48:35.540 WARN   Wiring.write_wire_scope: net not found
2026-08-15 21:48:35.541 WARN   Wiring.write_wire_scope: net not found
2026-08-15 21:48:35.541 WARN   Wiring.write_wire_scope: net not found
2026-08-15 21:48:35.541 WARN   Wiring.write_wire_scope: net not found
2026-08-15 21:48:35.541 WARN   Wiring.write_wire_scope: net not found
2026-08-15 21:48:35.542 WARN   Wiring.write_wire_scope: net not found
2026-08-15 21:48:35.542 WARN   Wiring.write_wire_scope: net not found
2026-08-15 21:48:35.542 WARN   Wiring.write_wire_scope: net not found
2026-08-15 21:48:35.542 WARN   Wiring.write_wire_scope: net not found
2026-08-15 21:48:35.542 WARN   Wiring.write_wire_scope: net not found
2026-08-15 21:48:35.543 WARN   Wiring.write_wire_scope: net not found
2026-08-15 21:48:35.543 WARN   Wiring.write_wire_scope: net not found
2026-08-15 21:48:35.543 WARN   Wiring.write_wire_scope: net not found
2026-08-15 21:48:35.544 WARN   Wiring.write_wire_scope: net not found
2026-08-15 21:48:35.544 WARN   Wiring.write_wire_scope: net not found
2026-08-15 21:48:35.544 WARN   Wiring.write_wire_scope: net not found
2026-08-15 21:48:35.544 WARN   Wiring.write_wire_scope: net not found
2026-08-15 21:48:35.544 WARN   Wiring.write_wire_scope: net not found
2026-08-15 21:48:35.545 WARN   Wiring.write_wire_scope: net not found
2026-08-15 21:48:35.545 WARN   Wiring.write_wire_scope: net not found
2026-08-15 21:48:35.545 WARN   Wiring.write_wire_scope: net not found
2026-08-15 21:48:35.545 WARN   Wiring.write_wire_scope: net not found
2026-08-15 21:48:35.545 WARN   Wiring.write_wire_scope: net not found
2026-08-15 21:48:35.546 WARN   Wiring.write_wire_scope: net not found
2026-08-15 21:48:35.546 WARN   Wiring.write_wire_scope: net not found
2026-08-15 21:48:35.546 WARN   Wiring.write_wire_scope: net not found
2026-08-15 21:48:35.546 WARN   Wiring.write_wire_scope: net not found
2026-08-15 21:48:35.547 WARN   Wiring.write_wire_scope: net not found
2026-08-15 21:48:35.547 WARN   Wiring.write_wire_scope: net not found
2026-08-15 21:48:35.547 WARN   Wiring.write_wire_scope: net not found
2026-08-15 21:48:35.547 WARN   Wiring.write_wire_scope: net not found
2026-08-15 21:48:35.547 WARN   Wiring.write_wire_scope: net not found
2026-08-15 21:48:35.548 WARN   Wiring.write_wire_scope: net not found
2026-08-15 21:48:35.548 WARN   Wiring.write_wire_scope: net not found
2026-08-15 21:48:35.548 WARN   Wiring.write_wire_scope: net not found
2026-08-15 21:48:35.548 WARN   Wiring.write_wire_scope: net not found
2026-08-15 21:48:35.549 WARN   Wiring.write_wire_scope: net not found
2026-08-15 21:48:47.237 WARN   Wiring.write_wire_scope: net not found
2026-08-15 21:48:47.239 WARN   Wiring.write_wire_scope: net not found
2026-08-15 21:48:47.239 WARN   Wiring.write_wire_scope: net not found
2026-08-15 21:48:47.239 WARN   Wiring.write_wire_scope: net not found
2026-08-15 21:48:47.240 WARN   Wiring.write_wire_scope: net not found
2026-08-15 21:48:47.240 WARN   Wiring.write_wire_scope: net not found
2026-08-15 21:48:47.240 WARN   Wiring.write_wire_scope: net not found
2026-08-15 21:48:47.240 WARN   Wiring.write_wire_scope: net not found
2026-08-15 21:48:47.240 WARN   Wiring.write_wire_scope: net not found
2026-08-15 21:48:47.241 WARN   Wiring.write_wire_scope: net not found
2026-08-15 21:48:47.241 WARN   Wiring.write_wire_scope: net not found
2026-08-15 21:48:47.241 WARN   Wiring.write_wire_scope: net not found
2026-08-15 21:48:47.241 WARN   Wiring.write_wire_scope: net not found
2026-08-15 21:48:47.241 WARN   Wiring.write_wire_scope: net not found
2026-08-15 21:48:47.242 WARN   Wiring.write_wire_scope: net not found
2026-08-15 21:48:47.242 WARN   Wiring.write_wire_scope: net not found
2026-08-15 21:48:47.242 WARN   Wiring.write_wire_scope: net not found
2026-08-15 21:48:47.242 WARN   Wiring.write_wire_scope: net not found
2026-08-15 21:48:47.243 WARN   Wiring.write_wire_scope: net not found
2026-08-15 21:48:47.243 WARN   Wiring.write_wire_scope: net not found
2026-08-15 21:48:47.243 WARN   Wiring.write_wire_scope: net not found
2026-08-15 21:48:47.243 WARN   Wiring.write_wire_scope: net not found
2026-08-15 21:48:47.244 WARN   Wiring.write_wire_scope: net not found
2026-08-15 21:48:47.244 WARN   Wiring.write_wire_scope: net not found
2026-08-15 21:48:47.244 WARN   Wiring.write_wire_scope: net not found
2026-08-15 21:48:47.244 WARN   Wiring.write_wire_scope: net not found
2026-08-15 21:48:47.245 WARN   Wiring.write_wire_scope: net not found
2026-08-15 21:48:47.245 WARN   Wiring.write_wire_scope: net not found
2026-08-15 21:48:47.245 WARN   Wiring.write_wire_scope: net not found
2026-08-15 21:48:47.245 WARN   Wiring.write_wire_scope: net not found
2026-08-15 21:48:47.245 WARN   Wiring.write_wire_scope: net not found
2026-08-15 21:48:47.246 WARN   Wiring.write_wire_scope: net not found
2026-08-15 21:48:47.246 WARN   Wiring.write_wire_scope: net not found
2026-08-15 21:48:47.246 WARN   Wiring.write_wire_scope: net not found
2026-08-15 21:48:47.247 WARN   Wiring.write_wire_scope: net not found
2026-08-15 21:48:47.247 WARN   Wiring.write_wire_scope: net not found
2026-08-15 21:48:47.247 WARN   Wiring.write_wire_scope: net not found
2026-08-15 21:48:47.247 WARN   Wiring.write_wire_scope: net not found
2026-08-15 21:48:47.247 WARN   Wiring.write_wire_scope: net not found
2026-08-15 21:48:47.247 WARN   Wiring.write_wire_scope: net not found
2026-08-15 21:48:47.247 WARN   Wiring.write_wire_scope: net not found
2026-08-15 21:48:47.247 WARN   Wiring.write_wire_scope: net not found
2026-08-15 21:48:47.249 WARN   Wiring.write_wire_scope: net not found
2026-08-15 21:48:47.249 WARN   Wiring.write_wire_scope: net not found
2026-08-15 21:48:47.249 WARN   Wiring.write_wire_scope: net not found
2026-08-15 21:48:47.249 WARN   Wiring.write_wire_scope: net not found
2026-08-15 21:48:47.249 WARN   Wiring.write_wire_scope: net not found
2026-08-15 21:48:47.249 WARN   Wiring.write_wire_scope: net not found
2026-08-15 21:48:47.249 WARN   Wiring.write_wire_scope: net not found
2026-08-15 21:48:47.249 WARN   Wiring.write_wire_scope: net not found
2026-08-15 21:48:47.251 WARN   Wiring.write_wire_scope: net not found
2026-08-15 21:48:47.251 WARN   Wiring.write_wire_scope: net not found
2026-08-15 21:48:47.251 WARN   Wiring.write_wire_scope: net not found
2026-08-15 21:48:47.251 WARN   Wiring.write_wire_scope: net not found
2026-08-15 21:48:47.251 WARN   Wiring.write_wire_scope: net not found
2026-08-15 21:48:47.252 WARN   Wiring.write_wire_scope: net not found
2026-08-15 21:48:47.252 WARN   Wiring.write_wire_scope: net not found
2026-08-15 21:48:47.252 WARN   Wiring.write_wire_scope: net not found
2026-08-15 21:48:53.364 WARN   Wiring.write_wire_scope: net not found
2026-08-15 21:48:53.366 WARN   Wiring.write_wire_scope: net not found
2026-08-15 21:48:53.366 WARN   Wiring.write_wire_scope: net not found
2026-08-15 21:48:53.366 WARN   Wiring.write_wire_scope: net not found
2026-08-15 21:48:53.367 WARN   Wiring.write_wire_scope: net not found
2026-08-15 21:48:53.367 WARN   Wiring.write_wire_scope: net not found
2026-08-15 21:48:53.367 WARN   Wiring.write_wire_scope: net not found
2026-08-15 21:48:53.367 WARN   Wiring.write_wire_scope: net not found
2026-08-15 21:48:53.367 WARN   Wiring.write_wire_scope: net not found
2026-08-15 21:48:53.368 WARN   Wiring.write_wire_scope: net not found
2026-08-15 21:48:53.368 WARN   Wiring.write_wire_scope: net not found
2026-08-15 21:48:53.368 WARN   Wiring.write_wire_scope: net not found
2026-08-15 21:48:53.368 WARN   Wiring.write_wire_scope: net not found
2026-08-15 21:48:53.368 WARN   Wiring.write_wire_scope: net not found
2026-08-15 21:48:53.369 WARN   Wiring.write_wire_scope: net not found
2026-08-15 21:48:53.369 WARN   Wiring.write_wire_scope: net not found
2026-08-15 21:48:53.369 WARN   Wiring.write_wire_scope: net not found
2026-08-15 21:48:53.369 WARN   Wiring.write_wire_scope: net not found
2026-08-15 21:48:53.370 WARN   Wiring.write_wire_scope: net not found
2026-08-15 21:48:53.370 WARN   Wiring.write_wire_scope: net not found
2026-08-15 21:48:53.370 WARN   Wiring.write_wire_scope: net not found
2026-08-15 21:48:53.370 WARN   Wiring.write_wire_scope: net not found
2026-08-15 21:48:53.370 WARN   Wiring.write_wire_scope: net not found
2026-08-15 21:48:53.371 WARN   Wiring.write_wire_scope: net not found
2026-08-15 21:48:53.371 WARN   Wiring.write_wire_scope: net not found
2026-08-15 21:48:53.371 WARN   Wiring.write_wire_scope: net not found
2026-08-15 21:48:53.371 WARN   Wiring.write_wire_scope: net not found
2026-08-15 21:48:53.371 WARN   Wiring.write_wire_scope: net not found
2026-08-15 21:48:53.372 WARN   Wiring.write_wire_scope: net not found
2026-08-15 21:48:53.372 WARN   Wiring.write_wire_scope: net not found
2026-08-15 21:48:53.372 WARN   Wiring.write_wire_scope: net not found
2026-08-15 21:48:53.372 WARN   Wiring.write_wire_scope: net not found
2026-08-15 21:48:53.372 WARN   Wiring.write_wire_scope: net not found
2026-08-15 21:48:53.373 WARN   Wiring.write_wire_scope: net not found
2026-08-15 21:48:53.373 WARN   Wiring.write_wire_scope: net not found
2026-08-15 21:48:53.373 WARN   Wiring.write_wire_scope: net not found
2026-08-15 21:48:53.373 WARN   Wiring.write_wire_scope: net not found
2026-08-15 21:48:53.374 WARN   Wiring.write_wire_scope: net not found
2026-08-15 21:48:53.374 WARN   Wiring.write_wire_scope: net not found
2026-08-15 21:48:53.374 WARN   Wiring.write_wire_scope: net not found
2026-08-15 21:48:53.374 WARN   Wiring.write_wire_scope: net not found
2026-08-15 21:48:53.375 WARN   Wiring.write_wire_scope: net not found
2026-08-15 21:48:53.375 WARN   Wiring.write_wire_scope: net not found
2026-08-15 21:48:53.375 WARN   Wiring.write_wire_scope: net not found
2026-08-15 21:48:53.375 WARN   Wiring.write_wire_scope: net not found
2026-08-15 21:48:53.375 WARN   Wiring.write_wire_scope: net not found
2026-08-15 21:48:53.375 WARN   Wiring.write_wire_scope: net not found
2026-08-15 21:48:53.376 WARN   Wiring.write_wire_scope: net not found
2026-08-15 21:48:53.376 WARN   Wiring.write_wire_scope: net not found
2026-08-15 21:48:53.376 WARN   Wiring.write_wire_scope: net not found
2026-08-15 21:48:53.376 WARN   Wiring.write_wire_scope: net not found
2026-08-15 21:48:53.376 WARN   Wiring.write_wire_scope: net not found
2026-08-15 21:48:53.377 WARN   Wiring.write_wire_scope: net not found
2026-08-15 21:48:53.377 WARN   Wiring.write_wire_scope: net not found
2026-08-15 21:48:53.377 WARN   Wiring.write_wire_scope: net not found
2026-08-15 21:48:53.377 WARN   Wiring.write_wire_scope: net not found
2026-08-15 21:48:53.378 WARN   Wiring.write_wire_scope: net not found
2026-08-15 21:48:53.378 WARN   Wiring.write_wire_scope: net not found
2026-08-15 21:48:57.370 WARN   Wiring.write_wire_scope: net not found
2026-08-15 21:48:57.370 WARN   Wiring.write_wire_scope: net not found
2026-08-15 21:48:57.371 WARN   Wiring.write_wire_scope: net not found
2026-08-15 21:48:57.371 WARN   Wiring.write_wire_scope: net not found
2026-08-15 21:48:57.371 WARN   Wiring.write_wire_scope: net not found
2026-08-15 21:48:57.371 WARN   Wiring.write_wire_scope: net not found
2026-08-15 21:48:57.371 WARN   Wiring.write_wire_scope: net not found
2026-08-15 21:48:57.372 WARN   Wiring.write_wire_scope: net not found
2026-08-15 21:48:57.372 WARN   Wiring.write_wire_scope: net not found
2026-08-15 21:48:57.372 WARN   Wiring.write_wire_scope: net not found
2026-08-15 21:48:57.372 WARN   Wiring.write_wire_scope: net not found
2026-08-15 21:48:57.372 WARN   Wiring.write_wire_scope: net not found
2026-08-15 21:48:57.372 WARN   Wiring.write_wire_scope: net not found
2026-08-15 21:48:57.373 WARN   Wiring.write_wire_scope: net not found
2026-08-15 21:48:57.373 WARN   Wiring.write_wire_scope: net not found
2026-08-15 21:48:57.373 WARN   Wiring.write_wire_scope: net not found
2026-08-15 21:48:57.373 WARN   Wiring.write_wire_scope: net not found
2026-08-15 21:48:57.374 WARN   Wiring.write_wire_scope: net not found
2026-08-15 21:48:57.374 WARN   Wiring.write_wire_scope: net not found
2026-08-15 21:48:57.374 WARN   Wiring.write_wire_scope: net not found
2026-08-15 21:48:57.374 WARN   Wiring.write_wire_scope: net not found
2026-08-15 21:48:57.374 WARN   Wiring.write_wire_scope: net not found
2026-08-15 21:48:57.375 WARN   Wiring.write_wire_scope: net not found
2026-08-15 21:48:57.375 WARN   Wiring.write_wire_scope: net not found
2026-08-15 21:48:57.375 WARN   Wiring.write_wire_scope: net not found
2026-08-15 21:48:57.375 WARN   Wiring.write_wire_scope: net not found
2026-08-15 21:48:57.375 WARN   Wiring.write_wire_scope: net not found
2026-08-15 21:48:57.375 WARN   Wiring.write_wire_scope: net not found
2026-08-15 21:48:57.376 WARN   Wiring.write_wire_scope: net not found
2026-08-15 21:48:57.376 WARN   Wiring.write_wire_scope: net not found
2026-08-15 21:48:57.376 WARN   Wiring.write_wire_scope: net not found
2026-08-15 21:48:57.376 WARN   Wiring.write_wire_scope: net not found
2026-08-15 21:48:57.376 WARN   Wiring.write_wire_scope: net not found
2026-08-15 21:48:57.377 WARN   Wiring.write_wire_scope: net not found
2026-08-15 21:48:57.377 WARN   Wiring.write_wire_scope: net not found
2026-08-15 21:48:57.377 WARN   Wiring.write_wire_scope: net not found
2026-08-15 21:48:57.377 WARN   Wiring.write_wire_scope: net not found
2026-08-15 21:48:57.377 WARN   Wiring.write_wire_scope: net not found
2026-08-15 21:48:57.377 WARN   Wiring.write_wire_scope: net not found
2026-08-15 21:48:57.378 WARN   Wiring.write_wire_scope: net not found
2026-08-15 21:48:57.378 WARN   Wiring.write_wire_scope: net not found
2026-08-15 21:48:57.378 WARN   Wiring.write_wire_scope: net not found
2026-08-15 21:48:57.378 WARN   Wiring.write_wire_scope: net not found
2026-08-15 21:48:57.378 WARN   Wiring.write_wire_scope: net not found
2026-08-15 21:48:57.379 WARN   Wiring.write_wire_scope: net not found
2026-08-15 21:48:57.379 WARN   Wiring.write_wire_scope: net not found
2026-08-15 21:48:57.379 WARN   Wiring.write_wire_scope: net not found
2026-08-15 21:48:57.379 WARN   Wiring.write_wire_scope: net not found
2026-08-15 21:48:57.379 WARN   Wiring.write_wire_scope: net not found
2026-08-15 21:48:57.379 WARN   Wiring.write_wire_scope: net not found
2026-08-15 21:48:57.380 WARN   Wiring.write_wire_scope: net not found
2026-08-15 21:48:57.380 WARN   Wiring.write_wire_scope: net not found
2026-08-15 21:48:57.380 WARN   Wiring.write_wire_scope: net not found
2026-08-15 21:48:57.380 WARN   Wiring.write_wire_scope: net not found
2026-08-15 21:48:57.380 WARN   Wiring.write_wire_scope: net not found
2026-08-15 21:48:57.380 WARN   Wiring.write_wire_scope: net not found
2026-08-15 21:48:57.381 WARN   Wiring.write_wire_scope: net not found
2026-08-15 21:48:57.381 WARN   Wiring.write_wire_scope: net not found
2026-08-15 21:49:01.414 WARN   Wiring.write_wire_scope: net not found
2026-08-15 21:49:01.415 WARN   Wiring.write_wire_scope: net not found
2026-08-15 21:49:01.416 WARN   Wiring.write_wire_scope: net not found
2026-08-15 21:49:01.416 WARN   Wiring.write_wire_scope: net not found
2026-08-15 21:49:01.416 WARN   Wiring.write_wire_scope: net not found
2026-08-15 21:49:01.416 WARN   Wiring.write_wire_scope: net not found
2026-08-15 21:49:01.417 WARN   Wiring.write_wire_scope: net not found
2026-08-15 21:49:01.417 WARN   Wiring.write_wire_scope: net not found
2026-08-15 21:49:01.417 WARN   Wiring.write_wire_scope: net not found
2026-08-15 21:49:01.417 WARN   Wiring.write_wire_scope: net not found
2026-08-15 21:49:01.417 WARN   Wiring.write_wire_scope: net not found
2026-08-15 21:49:01.418 WARN   Wiring.write_wire_scope: net not found
2026-08-15 21:49:01.418 WARN   Wiring.write_wire_scope: net not found
2026-08-15 21:49:01.418 WARN   Wiring.write_wire_scope: net not found
2026-08-15 21:49:01.418 WARN   Wiring.write_wire_scope: net not found
2026-08-15 21:49:01.418 WARN   Wiring.write_wire_scope: net not found
2026-08-15 21:49:01.419 WARN   Wiring.write_wire_scope: net not found
2026-08-15 21:49:01.419 WARN   Wiring.write_wire_scope: net not found
2026-08-15 21:49:01.419 WARN   Wiring.write_wire_scope: net not found
2026-08-15 21:49:01.419 WARN   Wiring.write_wire_scope: net not found
2026-08-15 21:49:01.419 WARN   Wiring.write_wire_scope: net not found
2026-08-15 21:49:01.419 WARN   Wiring.write_wire_scope: net not found
2026-08-15 21:49:01.420 WARN   Wiring.write_wire_scope: net not found
2026-08-15 21:49:01.420 WARN   Wiring.write_wire_scope: net not found
2026-08-15 21:49:01.420 WARN   Wiring.write_wire_scope: net not found
2026-08-15 21:49:01.420 WARN   Wiring.write_wire_scope: net not found
2026-08-15 21:49:01.420 WARN   Wiring.write_wire_scope: net not found
2026-08-15 21:49:01.421 WARN   Wiring.write_wire_scope: net not found
2026-08-15 21:49:01.421 WARN   Wiring.write_wire_scope: net not found
2026-08-15 21:49:01.421 WARN   Wiring.write_wire_scope: net not found
2026-08-15 21:49:01.421 WARN   Wiring.write_wire_scope: net not found
2026-08-15 21:49:01.421 WARN   Wiring.write_wire_scope: net not found
2026-08-15 21:49:01.422 WARN   Wiring.write_wire_scope: net not found
2026-08-15 21:49:01.422 WARN   Wiring.write_wire_scope: net not found
2026-08-15 21:49:01.422 WARN   Wiring.write_wire_scope: net not found
2026-08-15 21:49:01.422 WARN   Wiring.write_wire_scope: net not found
2026-08-15 21:49:01.422 WARN   Wiring.write_wire_scope: net not found
2026-08-15 21:49:01.423 WARN   Wiring.write_wire_scope: net not found
2026-08-15 21:49:01.423 WARN   Wiring.write_wire_scope: net not found
2026-08-15 21:49:01.423 WARN   Wiring.write_wire_scope: net not found
2026-08-15 21:49:01.423 WARN   Wiring.write_wire_scope: net not found
2026-08-15 21:49:01.423 WARN   Wiring.write_wire_scope: net not found
2026-08-15 21:49:01.423 WARN   Wiring.write_wire_scope: net not found
2026-08-15 21:49:01.424 WARN   Wiring.write_wire_scope: net not found
2026-08-15 21:49:01.424 WARN   Wiring.write_wire_scope: net not found
2026-08-15 21:49:01.424 WARN   Wiring.write_wire_scope: net not found
2026-08-15 21:49:01.424 WARN   Wiring.write_wire_scope: net not found
2026-08-15 21:49:01.424 WARN   Wiring.write_wire_scope: net not found
2026-08-15 21:49:01.424 WARN   Wiring.write_wire_scope: net not found
2026-08-15 21:49:01.425 WARN   Wiring.write_wire_scope: net not found
2026-08-15 21:49:01.425 WARN   Wiring.write_wire_scope: net not found
2026-08-15 21:49:01.425 WARN   Wiring.write_wire_scope: net not found
2026-08-15 21:49:01.425 WARN   Wiring.write_wire_scope: net not found
2026-08-15 21:49:01.425 WARN   Wiring.write_wire_scope: net not found
2026-08-15 21:49:01.425 WARN   Wiring.write_wire_scope: net not found
2026-08-15 21:49:01.426 WARN   Wiring.write_wire_scope: net not found
2026-08-15 21:49:01.426 WARN   Wiring.write_wire_scope: net not found
2026-08-15 21:49:01.426 WARN   Wiring.write_wire_scope: net not found
2026-08-15 21:49:05.249 WARN   Wiring.write_wire_scope: net not found
2026-08-15 21:49:05.250 WARN   Wiring.write_wire_scope: net not found
2026-08-15 21:49:05.250 WARN   Wiring.write_wire_scope: net not found
2026-08-15 21:49:05.250 WARN   Wiring.write_wire_scope: net not found
2026-08-15 21:49:05.250 WARN   Wiring.write_wire_scope: net not found
2026-08-15 21:49:05.250 WARN   Wiring.write_wire_scope: net not found
2026-08-15 21:49:05.250 WARN   Wiring.write_wire_scope: net not found
2026-08-15 21:49:05.251 WARN   Wiring.write_wire_scope: net not found
2026-08-15 21:49:05.251 WARN   Wiring.write_wire_scope: net not found
2026-08-15 21:49:05.251 WARN   Wiring.write_wire_scope: net not found
2026-08-15 21:49:05.251 WARN   Wiring.write_wire_scope: net not found
2026-08-15 21:49:05.251 WARN   Wiring.write_wire_scope: net not found
2026-08-15 21:49:05.252 WARN   Wiring.write_wire_scope: net not found
2026-08-15 21:49:05.252 WARN   Wiring.write_wire_scope: net not found
2026-08-15 21:49:05.252 WARN   Wiring.write_wire_scope: net not found
2026-08-15 21:49:05.252 WARN   Wiring.write_wire_scope: net not found
2026-08-15 21:49:05.252 WARN   Wiring.write_wire_scope: net not found
2026-08-15 21:49:05.253 WARN   Wiring.write_wire_scope: net not found
2026-08-15 21:49:05.253 WARN   Wiring.write_wire_scope: net not found
2026-08-15 21:49:05.253 WARN   Wiring.write_wire_scope: net not found
2026-08-15 21:49:05.253 WARN   Wiring.write_wire_scope: net not found
2026-08-15 21:49:05.253 WARN   Wiring.write_wire_scope: net not found
2026-08-15 21:49:05.253 WARN   Wiring.write_wire_scope: net not found
2026-08-15 21:49:05.255 WARN   Wiring.write_wire_scope: net not found
2026-08-15 21:49:05.255 WARN   Wiring.write_wire_scope: net not found
2026-08-15 21:49:05.255 WARN   Wiring.write_wire_scope: net not found
2026-08-15 21:49:05.255 WARN   Wiring.write_wire_scope: net not found
2026-08-15 21:49:05.255 WARN   Wiring.write_wire_scope: net not found
2026-08-15 21:49:05.256 WARN   Wiring.write_wire_scope: net not found
2026-08-15 21:49:05.256 WARN   Wiring.write_wire_scope: net not found
2026-08-15 21:49:05.256 WARN   Wiring.write_wire_scope: net not found
2026-08-15 21:49:05.256 WARN   Wiring.write_wire_scope: net not found
2026-08-15 21:49:05.256 WARN   Wiring.write_wire_scope: net not found
2026-08-15 21:49:05.257 WARN   Wiring.write_wire_scope: net not found
2026-08-15 21:49:05.257 WARN   Wiring.write_wire_scope: net not found
2026-08-15 21:49:05.257 WARN   Wiring.write_wire_scope: net not found
2026-08-15 21:49:05.257 WARN   Wiring.write_wire_scope: net not found
2026-08-15 21:49:05.257 WARN   Wiring.write_wire_scope: net not found
2026-08-15 21:49:05.257 WARN   Wiring.write_wire_scope: net not found
2026-08-15 21:49:05.258 WARN   Wiring.write_wire_scope: net not found
2026-08-15 21:49:05.258 WARN   Wiring.write_wire_scope: net not found
2026-08-15 21:49:05.258 WARN   Wiring.write_wire_scope: net not found
2026-08-15 21:49:05.258 WARN   Wiring.write_wire_scope: net not found
2026-08-15 21:49:05.258 WARN   Wiring.write_wire_scope: net not found
2026-08-15 21:49:05.259 WARN   Wiring.write_wire_scope: net not found
2026-08-15 21:49:05.259 WARN   Wiring.write_wire_scope: net not found
2026-08-15 21:49:05.260 WARN   Wiring.write_wire_scope: net not found
2026-08-15 21:49:05.260 WARN   Wiring.write_wire_scope: net not found
2026-08-15 21:49:05.260 WARN   Wiring.write_wire_scope: net not found
2026-08-15 21:49:05.260 WARN   Wiring.write_wire_scope: net not found
2026-08-15 21:49:05.260 WARN   Wiring.write_wire_scope: net not found
2026-08-15 21:49:05.261 WARN   Wiring.write_wire_scope: net not found
2026-08-15 21:49:05.261 WARN   Wiring.write_wire_scope: net not found
2026-08-15 21:49:05.261 WARN   Wiring.write_wire_scope: net not found
2026-08-15 21:49:05.261 WARN   Wiring.write_wire_scope: net not found
2026-08-15 21:49:05.261 WARN   Wiring.write_wire_scope: net not found
2026-08-15 21:49:05.262 WARN   Wiring.write_wire_scope: net not found
2026-08-15 21:49:05.262 WARN   Wiring.write_wire_scope: net not found
2026-08-15 21:49:09.265 WARN   Wiring.write_wire_scope: net not found
2026-08-15 21:49:09.265 WARN   Wiring.write_wire_scope: net not found
2026-08-15 21:49:09.265 WARN   Wiring.write_wire_scope: net not found
2026-08-15 21:49:09.266 WARN   Wiring.write_wire_scope: net not found
2026-08-15 21:49:09.266 WARN   Wiring.write_wire_scope: net not found
2026-08-15 21:49:09.269 WARN   Wiring.write_wire_scope: net not found
2026-08-15 21:49:09.269 WARN   Wiring.write_wire_scope: net not found
2026-08-15 21:49:09.269 WARN   Wiring.write_wire_scope: net not found
2026-08-15 21:49:09.269 WARN   Wiring.write_wire_scope: net not found
2026-08-15 21:49:09.270 WARN   Wiring.write_wire_scope: net not found
2026-08-15 21:49:09.270 WARN   Wiring.write_wire_scope: net not found
2026-08-15 21:49:09.270 WARN   Wiring.write_wire_scope: net not found
2026-08-15 21:49:09.270 WARN   Wiring.write_wire_scope: net not found
2026-08-15 21:49:09.270 WARN   Wiring.write_wire_scope: net not found
2026-08-15 21:49:09.270 WARN   Wiring.write_wire_scope: net not found
2026-08-15 21:49:09.271 WARN   Wiring.write_wire_scope: net not found
2026-08-15 21:49:09.271 WARN   Wiring.write_wire_scope: net not found
2026-08-15 21:49:09.271 WARN   Wiring.write_wire_scope: net not found
2026-08-15 21:49:09.272 WARN   Wiring.write_wire_scope: net not found
2026-08-15 21:49:09.272 WARN   Wiring.write_wire_scope: net not found
2026-08-15 21:49:09.272 WARN   Wiring.write_wire_scope: net not found
2026-08-15 21:49:09.272 WARN   Wiring.write_wire_scope: net not found
2026-08-15 21:49:09.272 WARN   Wiring.write_wire_scope: net not found
2026-08-15 21:49:09.273 WARN   Wiring.write_wire_scope: net not found
2026-08-15 21:49:09.273 WARN   Wiring.write_wire_scope: net not found
2026-08-15 21:49:09.273 WARN   Wiring.write_wire_scope: net not found
2026-08-15 21:49:09.273 WARN   Wiring.write_wire_scope: net not found
2026-08-15 21:49:09.273 WARN   Wiring.write_wire_scope: net not found
2026-08-15 21:49:09.274 WARN   Wiring.write_wire_scope: net not found
2026-08-15 21:49:09.274 WARN   Wiring.write_wire_scope: net not found
2026-08-15 21:49:09.274 WARN   Wiring.write_wire_scope: net not found
2026-08-15 21:49:09.274 WARN   Wiring.write_wire_scope: net not found
2026-08-15 21:49:09.274 WARN   Wiring.write_wire_scope: net not found
2026-08-15 21:49:09.274 WARN   Wiring.write_wire_scope: net not found
2026-08-15 21:49:09.275 WARN   Wiring.write_wire_scope: net not found
2026-08-15 21:49:09.275 WARN   Wiring.write_wire_scope: net not found
2026-08-15 21:49:09.275 WARN   Wiring.write_wire_scope: net not found
2026-08-15 21:49:09.275 WARN   Wiring.write_wire_scope: net not found
2026-08-15 21:49:09.275 WARN   Wiring.write_wire_scope: net not found
2026-08-15 21:49:09.276 WARN   Wiring.write_wire_scope: net not found
2026-08-15 21:49:09.276 WARN   Wiring.write_wire_scope: net not found
2026-08-15 21:49:09.276 WARN   Wiring.write_wire_scope: net not found
2026-08-15 21:49:09.276 WARN   Wiring.write_wire_scope: net not found
2026-08-15 21:49:09.276 WARN   Wiring.write_wire_scope: net not found
2026-08-15 21:49:09.276 WARN   Wiring.write_wire_scope: net not found
2026-08-15 21:49:09.277 WARN   Wiring.write_wire_scope: net not found
2026-08-15 21:49:09.277 WARN   Wiring.write_wire_scope: net not found
2026-08-15 21:49:09.277 WARN   Wiring.write_wire_scope: net not found
2026-08-15 21:49:09.277 WARN   Wiring.write_wire_scope: net not found
2026-08-15 21:49:09.277 WARN   Wiring.write_wire_scope: net not found
2026-08-15 21:49:09.277 WARN   Wiring.write_wire_scope: net not found
2026-08-15 21:49:09.278 WARN   Wiring.write_wire_scope: net not found
2026-08-15 21:49:09.278 WARN   Wiring.write_wire_scope: net not found
2026-08-15 21:49:09.278 WARN   Wiring.write_wire_scope: net not found
2026-08-15 21:49:09.278 WARN   Wiring.write_wire_scope: net not found
2026-08-15 21:49:09.278 WARN   Wiring.write_wire_scope: net not found
2026-08-15 21:49:09.279 WARN   Wiring.write_wire_scope: net not found
2026-08-15 21:49:09.279 WARN   Wiring.write_wire_scope: net not found
2026-08-15 21:49:13.089 WARN   Wiring.write_wire_scope: net not found
2026-08-15 21:49:13.090 WARN   Wiring.write_wire_scope: net not found
2026-08-15 21:49:13.090 WARN   Wiring.write_wire_scope: net not found
2026-08-15 21:49:13.090 WARN   Wiring.write_wire_scope: net not found
2026-08-15 21:49:13.091 WARN   Wiring.write_wire_scope: net not found
2026-08-15 21:49:13.091 WARN   Wiring.write_wire_scope: net not found
2026-08-15 21:49:13.091 WARN   Wiring.write_wire_scope: net not found
2026-08-15 21:49:13.091 WARN   Wiring.write_wire_scope: net not found
2026-08-15 21:49:13.092 WARN   Wiring.write_wire_scope: net not found
2026-08-15 21:49:13.092 WARN   Wiring.write_wire_scope: net not found
2026-08-15 21:49:13.092 WARN   Wiring.write_wire_scope: net not found
2026-08-15 21:49:13.092 WARN   Wiring.write_wire_scope: net not found
2026-08-15 21:49:13.092 WARN   Wiring.write_wire_scope: net not found
2026-08-15 21:49:13.093 WARN   Wiring.write_wire_scope: net not found
2026-08-15 21:49:13.093 WARN   Wiring.write_wire_scope: net not found
2026-08-15 21:49:13.093 WARN   Wiring.write_wire_scope: net not found
2026-08-15 21:49:13.093 WARN   Wiring.write_wire_scope: net not found
2026-08-15 21:49:13.093 WARN   Wiring.write_wire_scope: net not found
2026-08-15 21:49:13.094 WARN   Wiring.write_wire_scope: net not found
2026-08-15 21:49:13.094 WARN   Wiring.write_wire_scope: net not found
2026-08-15 21:49:13.095 WARN   Wiring.write_wire_scope: net not found
2026-08-15 21:49:13.095 WARN   Wiring.write_wire_scope: net not found
2026-08-15 21:49:13.095 WARN   Wiring.write_wire_scope: net not found
2026-08-15 21:49:13.095 WARN   Wiring.write_wire_scope: net not found
2026-08-15 21:49:13.095 WARN   Wiring.write_wire_scope: net not found
2026-08-15 21:49:13.096 WARN   Wiring.write_wire_scope: net not found
2026-08-15 21:49:13.096 WARN   Wiring.write_wire_scope: net not found
2026-08-15 21:49:13.096 WARN   Wiring.write_wire_scope: net not found
2026-08-15 21:49:13.096 WARN   Wiring.write_wire_scope: net not found
2026-08-15 21:49:13.097 WARN   Wiring.write_wire_scope: net not found
2026-08-15 21:49:13.097 WARN   Wiring.write_wire_scope: net not found
2026-08-15 21:49:13.097 WARN   Wiring.write_wire_scope: net not found
2026-08-15 21:49:13.097 WARN   Wiring.write_wire_scope: net not found
2026-08-15 21:49:13.097 WARN   Wiring.write_wire_scope: net not found
2026-08-15 21:49:13.098 WARN   Wiring.write_wire_scope: net not found
2026-08-15 21:49:13.098 WARN   Wiring.write_wire_scope: net not found
2026-08-15 21:49:13.098 WARN   Wiring.write_wire_scope: net not found
2026-08-15 21:49:13.098 WARN   Wiring.write_wire_scope: net not found
2026-08-15 21:49:13.098 WARN   Wiring.write_wire_scope: net not found
2026-08-15 21:49:13.098 WARN   Wiring.write_wire_scope: net not found
2026-08-15 21:49:13.099 WARN   Wiring.write_wire_scope: net not found
2026-08-15 21:49:13.099 WARN   Wiring.write_wire_scope: net not found
2026-08-15 21:49:13.099 WARN   Wiring.write_wire_scope: net not found
2026-08-15 21:49:13.099 WARN   Wiring.write_wire_scope: net not found
2026-08-15 21:49:13.099 WARN   Wiring.write_wire_scope: net not found
2026-08-15 21:49:13.099 WARN   Wiring.write_wire_scope: net not found
2026-08-15 21:49:13.100 WARN   Wiring.write_wire_scope: net not found
2026-08-15 21:49:13.100 WARN   Wiring.write_wire_scope: net not found
2026-08-15 21:49:13.100 WARN   Wiring.write_wire_scope: net not found
2026-08-15 21:49:13.100 WARN   Wiring.write_wire_scope: net not found
2026-08-15 21:49:13.100 WARN   Wiring.write_wire_scope: net not found
2026-08-15 21:49:13.100 WARN   Wiring.write_wire_scope: net not found
2026-08-15 21:49:13.101 WARN   Wiring.write_wire_scope: net not found
2026-08-15 21:49:13.101 WARN   Wiring.write_wire_scope: net not found
2026-08-15 21:49:13.101 WARN   Wiring.write_wire_scope: net not found
2026-08-15 21:49:13.101 WARN   Wiring.write_wire_scope: net not found
2026-08-15 21:49:13.101 WARN   Wiring.write_wire_scope: net not found
2026-08-15 21:49:13.101 WARN   Wiring.write_wire_scope: net not found
2026-08-15 21:49:17.056 WARN   Wiring.write_wire_scope: net not found
2026-08-15 21:49:17.056 WARN   Wiring.write_wire_scope: net not found
2026-08-15 21:49:17.057 WARN   Wiring.write_wire_scope: net not found
2026-08-15 21:49:17.057 WARN   Wiring.write_wire_scope: net not found
2026-08-15 21:49:17.057 WARN   Wiring.write_wire_scope: net not found
2026-08-15 21:49:17.057 WARN   Wiring.write_wire_scope: net not found
2026-08-15 21:49:17.057 WARN   Wiring.write_wire_scope: net not found
2026-08-15 21:49:17.058 WARN   Wiring.write_wire_scope: net not found
2026-08-15 21:49:17.058 WARN   Wiring.write_wire_scope: net not found
2026-08-15 21:49:17.058 WARN   Wiring.write_wire_scope: net not found
2026-08-15 21:49:17.058 WARN   Wiring.write_wire_scope: net not found
2026-08-15 21:49:17.058 WARN   Wiring.write_wire_scope: net not found
2026-08-15 21:49:17.058 WARN   Wiring.write_wire_scope: net not found
2026-08-15 21:49:17.059 WARN   Wiring.write_wire_scope: net not found
2026-08-15 21:49:17.059 WARN   Wiring.write_wire_scope: net not found
2026-08-15 21:49:17.059 WARN   Wiring.write_wire_scope: net not found
2026-08-15 21:49:17.059 WARN   Wiring.write_wire_scope: net not found
2026-08-15 21:49:17.059 WARN   Wiring.write_wire_scope: net not found
2026-08-15 21:49:17.060 WARN   Wiring.write_wire_scope: net not found
2026-08-15 21:49:17.060 WARN   Wiring.write_wire_scope: net not found
2026-08-15 21:49:17.060 WARN   Wiring.write_wire_scope: net not found
2026-08-15 21:49:17.060 WARN   Wiring.write_wire_scope: net not found
2026-08-15 21:49:17.060 WARN   Wiring.write_wire_scope: net not found
2026-08-15 21:49:17.060 WARN   Wiring.write_wire_scope: net not found
2026-08-15 21:49:17.060 WARN   Wiring.write_wire_scope: net not found
2026-08-15 21:49:17.060 WARN   Wiring.write_wire_scope: net not found
2026-08-15 21:49:17.061 WARN   Wiring.write_wire_scope: net not found
2026-08-15 21:49:17.061 WARN   Wiring.write_wire_scope: net not found
2026-08-15 21:49:17.061 WARN   Wiring.write_wire_scope: net not found
2026-08-15 21:49:17.061 WARN   Wiring.write_wire_scope: net not found
2026-08-15 21:49:17.061 WARN   Wiring.write_wire_scope: net not found
2026-08-15 21:49:17.061 WARN   Wiring.write_wire_scope: net not found
2026-08-15 21:49:17.061 WARN   Wiring.write_wire_scope: net not found
2026-08-15 21:49:17.062 WARN   Wiring.write_wire_scope: net not found
2026-08-15 21:49:17.062 WARN   Wiring.write_wire_scope: net not found
2026-08-15 21:49:17.062 WARN   Wiring.write_wire_scope: net not found
2026-08-15 21:49:17.062 WARN   Wiring.write_wire_scope: net not found
2026-08-15 21:49:17.062 WARN   Wiring.write_wire_scope: net not found
2026-08-15 21:49:17.062 WARN   Wiring.write_wire_scope: net not found
2026-08-15 21:49:17.062 WARN   Wiring.write_wire_scope: net not found
2026-08-15 21:49:17.062 WARN   Wiring.write_wire_scope: net not found
2026-08-15 21:49:17.063 WARN   Wiring.write_wire_scope: net not found
2026-08-15 21:49:17.063 WARN   Wiring.write_wire_scope: net not found
2026-08-15 21:49:17.063 WARN   Wiring.write_wire_scope: net not found
2026-08-15 21:49:17.063 WARN   Wiring.write_wire_scope: net not found
2026-08-15 21:49:17.063 WARN   Wiring.write_wire_scope: net not found
2026-08-15 21:49:17.063 WARN   Wiring.write_wire_scope: net not found
2026-08-15 21:49:17.064 WARN   Wiring.write_wire_scope: net not found
2026-08-15 21:49:17.064 WARN   Wiring.write_wire_scope: net not found
2026-08-15 21:49:17.064 WARN   Wiring.write_wire_scope: net not found
2026-08-15 21:49:17.064 WARN   Wiring.write_wire_scope: net not found
2026-08-15 21:49:17.064 WARN   Wiring.write_wire_scope: net not found
2026-08-15 21:49:17.064 WARN   Wiring.write_wire_scope: net not found
2026-08-15 21:49:17.064 WARN   Wiring.write_wire_scope: net not found
2026-08-15 21:49:17.064 WARN   Wiring.write_wire_scope: net not found
2026-08-15 21:49:17.065 WARN   Wiring.write_wire_scope: net not found
2026-08-15 21:49:17.065 WARN   Wiring.write_wire_scope: net not found
2026-08-15 21:49:17.065 WARN   Wiring.write_wire_scope: net not found
2026-08-15 21:49:20.818 WARN   Wiring.write_wire_scope: net not found
2026-08-15 21:49:20.830 WARN   Wiring.write_wire_scope: net not found
2026-08-15 21:49:20.831 WARN   Wiring.write_wire_scope: net not found
2026-08-15 21:49:20.831 WARN   Wiring.write_wire_scope: net not found
2026-08-15 21:49:20.831 WARN   Wiring.write_wire_scope: net not found
2026-08-15 21:49:20.832 WARN   Wiring.write_wire_scope: net not found
2026-08-15 21:49:20.832 WARN   Wiring.write_wire_scope: net not found
2026-08-15 21:49:20.832 WARN   Wiring.write_wire_scope: net not found
2026-08-15 21:49:20.833 WARN   Wiring.write_wire_scope: net not found
2026-08-15 21:49:20.833 WARN   Wiring.write_wire_scope: net not found
2026-08-15 21:49:20.833 WARN   Wiring.write_wire_scope: net not found
2026-08-15 21:49:20.834 WARN   Wiring.write_wire_scope: net not found
2026-08-15 21:49:20.834 WARN   Wiring.write_wire_scope: net not found
2026-08-15 21:49:20.835 WARN   Wiring.write_wire_scope: net not found
2026-08-15 21:49:20.835 WARN   Wiring.write_wire_scope: net not found
2026-08-15 21:49:20.835 WARN   Wiring.write_wire_scope: net not found
2026-08-15 21:49:20.836 WARN   Wiring.write_wire_scope: net not found
2026-08-15 21:49:20.836 WARN   Wiring.write_wire_scope: net not found
2026-08-15 21:49:20.836 WARN   Wiring.write_wire_scope: net not found
2026-08-15 21:49:20.836 WARN   Wiring.write_wire_scope: net not found
2026-08-15 21:49:20.837 WARN   Wiring.write_wire_scope: net not found
2026-08-15 21:49:20.837 WARN   Wiring.write_wire_scope: net not found
2026-08-15 21:49:20.837 WARN   Wiring.write_wire_scope: net not found
2026-08-15 21:49:20.837 WARN   Wiring.write_wire_scope: net not found
2026-08-15 21:49:20.837 WARN   Wiring.write_wire_scope: net not found
2026-08-15 21:49:20.837 WARN   Wiring.write_wire_scope: net not found
2026-08-15 21:49:20.838 WARN   Wiring.write_wire_scope: net not found
2026-08-15 21:49:20.838 WARN   Wiring.write_wire_scope: net not found
2026-08-15 21:49:20.838 WARN   Wiring.write_wire_scope: net not found
2026-08-15 21:49:20.838 WARN   Wiring.write_wire_scope: net not found
2026-08-15 21:49:20.838 WARN   Wiring.write_wire_scope: net not found
2026-08-15 21:49:20.839 WARN   Wiring.write_wire_scope: net not found
2026-08-15 21:49:20.839 WARN   Wiring.write_wire_scope: net not found
2026-08-15 21:49:20.839 WARN   Wiring.write_wire_scope: net not found
2026-08-15 21:49:20.839 WARN   Wiring.write_wire_scope: net not found
2026-08-15 21:49:20.839 WARN   Wiring.write_wire_scope: net not found
2026-08-15 21:49:20.839 WARN   Wiring.write_wire_scope: net not found
2026-08-15 21:49:20.840 WARN   Wiring.write_wire_scope: net not found
2026-08-15 21:49:20.840 WARN   Wiring.write_wire_scope: net not found
2026-08-15 21:49:20.840 WARN   Wiring.write_wire_scope: net not found
2026-08-15 21:49:20.840 WARN   Wiring.write_wire_scope: net not found
2026-08-15 21:49:20.840 WARN   Wiring.write_wire_scope: net not found
2026-08-15 21:49:20.840 WARN   Wiring.write_wire_scope: net not found
2026-08-15 21:49:20.841 WARN   Wiring.write_wire_scope: net not found
2026-08-15 21:49:20.841 WARN   Wiring.write_wire_scope: net not found
2026-08-15 21:49:20.841 WARN   Wiring.write_wire_scope: net not found
2026-08-15 21:49:20.841 WARN   Wiring.write_wire_scope: net not found
2026-08-15 21:49:20.841 WARN   Wiring.write_wire_scope: net not found
2026-08-15 21:49:20.841 WARN   Wiring.write_wire_scope: net not found
2026-08-15 21:49:20.842 WARN   Wiring.write_wire_scope: net not found
2026-08-15 21:49:20.842 WARN   Wiring.write_wire_scope: net not found
2026-08-15 21:49:20.842 WARN   Wiring.write_wire_scope: net not found
2026-08-15 21:49:20.842 WARN   Wiring.write_wire_scope: net not found
2026-08-15 21:49:20.842 WARN   Wiring.write_wire_scope: net not found
2026-08-15 21:49:20.842 WARN   Wiring.write_wire_scope: net not found
2026-08-15 21:49:20.843 WARN   Wiring.write_wire_scope: net not found
2026-08-15 21:49:20.843 WARN   Wiring.write_wire_scope: net not found
2026-08-15 21:49:20.843 WARN   Wiring.write_wire_scope: net not found
2026-08-15 21:49:24.490 WARN   Wiring.write_wire_scope: net not found
2026-08-15 21:49:24.495 WARN   Wiring.write_wire_scope: net not found
2026-08-15 21:49:24.496 WARN   Wiring.write_wire_scope: net not found
2026-08-15 21:49:24.496 WARN   Wiring.write_wire_scope: net not found
2026-08-15 21:49:24.496 WARN   Wiring.write_wire_scope: net not found
2026-08-15 21:49:24.496 WARN   Wiring.write_wire_scope: net not found
2026-08-15 21:49:24.496 WARN   Wiring.write_wire_scope: net not found
2026-08-15 21:49:24.497 WARN   Wiring.write_wire_scope: net not found
2026-08-15 21:49:24.504 WARN   Wiring.write_wire_scope: net not found
2026-08-15 21:49:24.504 WARN   Wiring.write_wire_scope: net not found
2026-08-15 21:49:24.504 WARN   Wiring.write_wire_scope: net not found
2026-08-15 21:49:24.504 WARN   Wiring.write_wire_scope: net not found
2026-08-15 21:49:24.504 WARN   Wiring.write_wire_scope: net not found
2026-08-15 21:49:24.504 WARN   Wiring.write_wire_scope: net not found
2026-08-15 21:49:24.505 WARN   Wiring.write_wire_scope: net not found
2026-08-15 21:49:24.505 WARN   Wiring.write_wire_scope: net not found
2026-08-15 21:49:24.505 WARN   Wiring.write_wire_scope: net not found
2026-08-15 21:49:24.505 WARN   Wiring.write_wire_scope: net not found
2026-08-15 21:49:24.505 WARN   Wiring.write_wire_scope: net not found
2026-08-15 21:49:24.505 WARN   Wiring.write_wire_scope: net not found
2026-08-15 21:49:24.505 WARN   Wiring.write_wire_scope: net not found
2026-08-15 21:49:24.506 WARN   Wiring.write_wire_scope: net not found
2026-08-15 21:49:24.506 WARN   Wiring.write_wire_scope: net not found
2026-08-15 21:49:24.506 WARN   Wiring.write_wire_scope: net not found
2026-08-15 21:49:24.506 WARN   Wiring.write_wire_scope: net not found
2026-08-15 21:49:24.506 WARN   Wiring.write_wire_scope: net not found
2026-08-15 21:49:24.506 WARN   Wiring.write_wire_scope: net not found
2026-08-15 21:49:24.506 WARN   Wiring.write_wire_scope: net not found
2026-08-15 21:49:24.507 WARN   Wiring.write_wire_scope: net not found
2026-08-15 21:49:24.507 WARN   Wiring.write_wire_scope: net not found
2026-08-15 21:49:24.507 WARN   Wiring.write_wire_scope: net not found
2026-08-15 21:49:24.507 WARN   Wiring.write_wire_scope: net not found
2026-08-15 21:49:24.507 WARN   Wiring.write_wire_scope: net not found
2026-08-15 21:49:24.507 WARN   Wiring.write_wire_scope: net not found
2026-08-15 21:49:24.507 WARN   Wiring.write_wire_scope: net not found
2026-08-15 21:49:24.508 WARN   Wiring.write_wire_scope: net not found
2026-08-15 21:49:24.508 WARN   Wiring.write_wire_scope: net not found
2026-08-15 21:49:24.508 WARN   Wiring.write_wire_scope: net not found
2026-08-15 21:49:24.508 WARN   Wiring.write_wire_scope: net not found
2026-08-15 21:49:24.508 WARN   Wiring.write_wire_scope: net not found
2026-08-15 21:49:24.508 WARN   Wiring.write_wire_scope: net not found
2026-08-15 21:49:24.509 WARN   Wiring.write_wire_scope: net not found
2026-08-15 21:49:24.509 WARN   Wiring.write_wire_scope: net not found
2026-08-15 21:49:24.509 WARN   Wiring.write_wire_scope: net not found
2026-08-15 21:49:24.509 WARN   Wiring.write_wire_scope: net not found
2026-08-15 21:49:24.509 WARN   Wiring.write_wire_scope: net not found
2026-08-15 21:49:24.509 WARN   Wiring.write_wire_scope: net not found
2026-08-15 21:49:24.509 WARN   Wiring.write_wire_scope: net not found
2026-08-15 21:49:24.510 WARN   Wiring.write_wire_scope: net not found
2026-08-15 21:49:24.510 WARN   Wiring.write_wire_scope: net not found
2026-08-15 21:49:24.510 WARN   Wiring.write_wire_scope: net not found
2026-08-15 21:49:24.510 WARN   Wiring.write_wire_scope: net not found
2026-08-15 21:49:24.510 WARN   Wiring.write_wire_scope: net not found
2026-08-15 21:49:24.510 WARN   Wiring.write_wire_scope: net not found
2026-08-15 21:49:24.510 WARN   Wiring.write_wire_scope: net not found
2026-08-15 21:49:24.511 WARN   Wiring.write_wire_scope: net not found
2026-08-15 21:49:24.511 WARN   Wiring.write_wire_scope: net not found
2026-08-15 21:49:24.511 WARN   Wiring.write_wire_scope: net not found
2026-08-15 21:49:28.456 WARN   Wiring.write_wire_scope: net not found
2026-08-15 21:49:28.456 WARN   Wiring.write_wire_scope: net not found
2026-08-15 21:49:28.456 WARN   Wiring.write_wire_scope: net not found
2026-08-15 21:49:28.457 WARN   Wiring.write_wire_scope: net not found
2026-08-15 21:49:28.457 WARN   Wiring.write_wire_scope: net not found
2026-08-15 21:49:28.457 WARN   Wiring.write_wire_scope: net not found
2026-08-15 21:49:28.457 WARN   Wiring.write_wire_scope: net not found
2026-08-15 21:49:28.457 WARN   Wiring.write_wire_scope: net not found
2026-08-15 21:49:28.457 WARN   Wiring.write_wire_scope: net not found
2026-08-15 21:49:28.458 WARN   Wiring.write_wire_scope: net not found
2026-08-15 21:49:28.458 WARN   Wiring.write_wire_scope: net not found
2026-08-15 21:49:28.458 WARN   Wiring.write_wire_scope: net not found
2026-08-15 21:49:28.458 WARN   Wiring.write_wire_scope: net not found
2026-08-15 21:49:28.458 WARN   Wiring.write_wire_scope: net not found
2026-08-15 21:49:28.458 WARN   Wiring.write_wire_scope: net not found
2026-08-15 21:49:28.459 WARN   Wiring.write_wire_scope: net not found
2026-08-15 21:49:28.459 WARN   Wiring.write_wire_scope: net not found
2026-08-15 21:49:28.459 WARN   Wiring.write_wire_scope: net not found
2026-08-15 21:49:28.459 WARN   Wiring.write_wire_scope: net not found
2026-08-15 21:49:28.459 WARN   Wiring.write_wire_scope: net not found
2026-08-15 21:49:28.459 WARN   Wiring.write_wire_scope: net not found
2026-08-15 21:49:28.460 WARN   Wiring.write_wire_scope: net not found
2026-08-15 21:49:28.460 WARN   Wiring.write_wire_scope: net not found
2026-08-15 21:49:28.460 WARN   Wiring.write_wire_scope: net not found
2026-08-15 21:49:28.460 WARN   Wiring.write_wire_scope: net not found
2026-08-15 21:49:28.460 WARN   Wiring.write_wire_scope: net not found
2026-08-15 21:49:28.460 WARN   Wiring.write_wire_scope: net not found
2026-08-15 21:49:28.461 WARN   Wiring.write_wire_scope: net not found
2026-08-15 21:49:28.461 WARN   Wiring.write_wire_scope: net not found
2026-08-15 21:49:28.461 WARN   Wiring.write_wire_scope: net not found
2026-08-15 21:49:28.461 WARN   Wiring.write_wire_scope: net not found
2026-08-15 21:49:28.461 WARN   Wiring.write_wire_scope: net not found
2026-08-15 21:49:28.461 WARN   Wiring.write_wire_scope: net not found
2026-08-15 21:49:28.462 WARN   Wiring.write_wire_scope: net not found
2026-08-15 21:49:28.462 WARN   Wiring.write_wire_scope: net not found
2026-08-15 21:49:28.462 WARN   Wiring.write_wire_scope: net not found
2026-08-15 21:49:28.462 WARN   Wiring.write_wire_scope: net not found
2026-08-15 21:49:28.462 WARN   Wiring.write_wire_scope: net not found
2026-08-15 21:49:28.462 WARN   Wiring.write_wire_scope: net not found
2026-08-15 21:49:28.463 WARN   Wiring.write_wire_scope: net not found
2026-08-15 21:49:28.463 WARN   Wiring.write_wire_scope: net not found
2026-08-15 21:49:28.463 WARN   Wiring.write_wire_scope: net not found
2026-08-15 21:49:28.463 WARN   Wiring.write_wire_scope: net not found
2026-08-15 21:49:28.463 WARN   Wiring.write_wire_scope: net not found
2026-08-15 21:49:28.463 WARN   Wiring.write_wire_scope: net not found
2026-08-15 21:49:28.464 WARN   Wiring.write_wire_scope: net not found
2026-08-15 21:49:28.464 WARN   Wiring.write_wire_scope: net not found
2026-08-15 21:49:28.464 WARN   Wiring.write_wire_scope: net not found
2026-08-15 21:49:28.464 WARN   Wiring.write_wire_scope: net not found
2026-08-15 21:49:28.464 WARN   Wiring.write_wire_scope: net not found
2026-08-15 21:49:28.465 WARN   Wiring.write_wire_scope: net not found
2026-08-15 21:49:28.465 WARN   Wiring.write_wire_scope: net not found
2026-08-15 21:49:28.465 WARN   Wiring.write_wire_scope: net not found
2026-08-15 21:49:28.465 WARN   Wiring.write_wire_scope: net not found
2026-08-15 21:49:28.465 WARN   Wiring.write_wire_scope: net not found
2026-08-15 21:49:28.465 WARN   Wiring.write_wire_scope: net not found
2026-08-15 21:49:28.466 WARN   Wiring.write_wire_scope: net not found
2026-08-15 21:49:28.466 WARN   Wiring.write_wire_scope: net not found
2026-08-15 21:49:32.349 WARN   Wiring.write_wire_scope: net not found
2026-08-15 21:49:32.350 WARN   Wiring.write_wire_scope: net not found
2026-08-15 21:49:32.350 WARN   Wiring.write_wire_scope: net not found
2026-08-15 21:49:32.350 WARN   Wiring.write_wire_scope: net not found
2026-08-15 21:49:32.350 WARN   Wiring.write_wire_scope: net not found
2026-08-15 21:49:32.350 WARN   Wiring.write_wire_scope: net not found
2026-08-15 21:49:32.351 WARN   Wiring.write_wire_scope: net not found
2026-08-15 21:49:32.351 WARN   Wiring.write_wire_scope: net not found
2026-08-15 21:49:32.351 WARN   Wiring.write_wire_scope: net not found
2026-08-15 21:49:32.351 WARN   Wiring.write_wire_scope: net not found
2026-08-15 21:49:32.351 WARN   Wiring.write_wire_scope: net not found
2026-08-15 21:49:32.351 WARN   Wiring.write_wire_scope: net not found
2026-08-15 21:49:32.352 WARN   Wiring.write_wire_scope: net not found
2026-08-15 21:49:32.352 WARN   Wiring.write_wire_scope: net not found
2026-08-15 21:49:32.352 WARN   Wiring.write_wire_scope: net not found
2026-08-15 21:49:32.352 WARN   Wiring.write_wire_scope: net not found
2026-08-15 21:49:32.352 WARN   Wiring.write_wire_scope: net not found
2026-08-15 21:49:32.352 WARN   Wiring.write_wire_scope: net not found
2026-08-15 21:49:32.353 WARN   Wiring.write_wire_scope: net not found
2026-08-15 21:49:32.353 WARN   Wiring.write_wire_scope: net not found
2026-08-15 21:49:32.353 WARN   Wiring.write_wire_scope: net not found
2026-08-15 21:49:32.353 WARN   Wiring.write_wire_scope: net not found
2026-08-15 21:49:32.353 WARN   Wiring.write_wire_scope: net not found
2026-08-15 21:49:32.353 WARN   Wiring.write_wire_scope: net not found
2026-08-15 21:49:32.354 WARN   Wiring.write_wire_scope: net not found
2026-08-15 21:49:32.354 WARN   Wiring.write_wire_scope: net not found
2026-08-15 21:49:32.354 WARN   Wiring.write_wire_scope: net not found
2026-08-15 21:49:32.354 WARN   Wiring.write_wire_scope: net not found
2026-08-15 21:49:32.354 WARN   Wiring.write_wire_scope: net not found
2026-08-15 21:49:32.354 WARN   Wiring.write_wire_scope: net not found
2026-08-15 21:49:32.354 WARN   Wiring.write_wire_scope: net not found
2026-08-15 21:49:32.355 WARN   Wiring.write_wire_scope: net not found
2026-08-15 21:49:32.355 WARN   Wiring.write_wire_scope: net not found
2026-08-15 21:49:32.355 WARN   Wiring.write_wire_scope: net not found
2026-08-15 21:49:32.355 WARN   Wiring.write_wire_scope: net not found
2026-08-15 21:49:32.356 WARN   Wiring.write_wire_scope: net not found
2026-08-15 21:49:32.356 WARN   Wiring.write_wire_scope: net not found
2026-08-15 21:49:32.356 WARN   Wiring.write_wire_scope: net not found
2026-08-15 21:49:32.356 WARN   Wiring.write_wire_scope: net not found
2026-08-15 21:49:32.356 WARN   Wiring.write_wire_scope: net not found
2026-08-15 21:49:32.356 WARN   Wiring.write_wire_scope: net not found
2026-08-15 21:49:32.357 WARN   Wiring.write_wire_scope: net not found
2026-08-15 21:49:32.357 WARN   Wiring.write_wire_scope: net not found
2026-08-15 21:49:32.357 WARN   Wiring.write_wire_scope: net not found
2026-08-15 21:49:32.357 WARN   Wiring.write_wire_scope: net not found
2026-08-15 21:49:32.357 WARN   Wiring.write_wire_scope: net not found
2026-08-15 21:49:32.357 WARN   Wiring.write_wire_scope: net not found
2026-08-15 21:49:32.358 WARN   Wiring.write_wire_scope: net not found
2026-08-15 21:49:32.358 WARN   Wiring.write_wire_scope: net not found
2026-08-15 21:49:32.358 WARN   Wiring.write_wire_scope: net not found
2026-08-15 21:49:32.358 WARN   Wiring.write_wire_scope: net not found
2026-08-15 21:49:32.358 WARN   Wiring.write_wire_scope: net not found
2026-08-15 21:49:32.358 WARN   Wiring.write_wire_scope: net not found
2026-08-15 21:49:32.359 WARN   Wiring.write_wire_scope: net not found
2026-08-15 21:49:32.359 WARN   Wiring.write_wire_scope: net not found
2026-08-15 21:49:32.359 WARN   Wiring.write_wire_scope: net not found
2026-08-15 21:49:32.359 WARN   Wiring.write_wire_scope: net not found
2026-08-15 21:49:32.359 WARN   Wiring.write_wire_scope: net not found
