2026-08-15 22:09:17.460 INFO   Freerouting v2.3.0 (build-date: 2026-08-07)
2026-08-15 22:09:17.472 DEBUG  [startup] user-data path : C:\Users\jfran\Documents\GitHub\H.265-SVRT\design\electrical\pcb-hmd-carrier-board\output\production-audit\freerouting-run-microsd  (source: CLI argument --user_data_path)
2026-08-15 22:09:17.473 DEBUG  [startup] log file       : C:\Users\jfran\Documents\GitHub\H.265-SVRT\design\electrical\pcb-hmd-carrier-board\output\production-audit\freerouting-run-microsd\freerouting.log
2026-08-15 22:09:17.474 DEBUG  No freerouting.json found at 'C:\Users\jfran\Documents\GitHub\H.265-SVRT\design\electrical\pcb-hmd-carrier-board\output\production-audit\freerouting-run-microsd\freerouting.json' — will create one with default settings.
2026-08-15 22:09:17.538 DEBUG  Default settings saved to 'C:\Users\jfran\Documents\GitHub\H.265-SVRT\design\electrical\pcb-hmd-carrier-board\output\production-audit\freerouting-run-microsd\freerouting.json'.
2026-08-15 22:09:17.539 DEBUG  Version: 2.3.0,2026-08-07
2026-08-15 22:09:17.539 DEBUG  Command line arguments: '-de C:\Users\jfran\Documents\GitHub\H.265-SVRT\design\electrical\pcb-hmd-carrier-board\output\production-audit\pcb-hmd-carrier-board2-microsd-only.dsn -do C:\Users\jfran\Documents\GitHub\H.265-SVRT\design\electrical\pcb-hmd-carrier-board\output\production-audit\pcb-hmd-carrier-board2-microsd-only.ses -mp 2 -mt 0 --router.fanout.enabled=true --router.optimizer.enabled=true --router.layers.routable=true,false,true,true,false,true --router.layers.preferred_direction_horizontal=true,false,false,true,false,true --api_server.enabled=false --gui.enabled=false --logging.console.level=INFO --user_data_path=C:\Users\jfran\Documents\GitHub\H.265-SVRT\design\electrical\pcb-hmd-carrier-board\output\production-audit\freerouting-run-microsd -l en'
2026-08-15 22:09:17.539 DEBUG  Architecture: Windows 11,amd64,10.0
2026-08-15 22:09:17.539 DEBUG  Java: 25.0.4,Eclipse Adoptium
2026-08-15 22:09:17.539 DEBUG  System Language: fr,fr_FR
2026-08-15 22:09:17.540 DEBUG  Hardware: 12 CPU cores,4044 MB RAM
2026-08-15 22:09:17.540 DEBUG  UTC Time: 2026-08-15T20:09:17.539628Z
2026-08-15 22:09:17.542 DEBUG  GUI Language: en
2026-08-15 22:09:17.542 DEBUG  Host: N/A
2026-08-15 22:09:18.595 DEBUG  Loaded router settings from: C:\Users\jfran\Documents\GitHub\H.265-SVRT\design\electrical\pcb-hmd-carrier-board\output\production-audit\freerouting-run-microsd\freerouting.json
2026-08-15 22:09:18.596 DEBUG  Applied CLI router setting: router.max_passes = 2
2026-08-15 22:09:18.596 DEBUG  Applied CLI router setting: router.max_threads = 0
2026-08-15 22:09:18.596 DEBUG  Applied CLI router setting: router.fanout.enabled = true
2026-08-15 22:09:18.596 DEBUG  Applied CLI router setting: router.optimizer.enabled = true
2026-08-15 22:09:18.596 DEBUG  Applied CLI router setting: router.layers.routable = true,false,true,true,false,true
2026-08-15 22:09:18.596 DEBUG  Applied CLI router setting: router.layers.preferred_direction_horizontal = true,false,false,true,false,true
2026-08-15 22:09:18.596 DEBUG  Applied CLI router setting: router.enabled = true (implicit from -de/-do batch mode)
2026-08-15 22:09:18.597 DEBUG  No router settings found in environment variables
2026-08-15 22:09:18.661 DEBUG  Set DEFAULT clearance (all layers): 1500 (0.0375 mm) from DSN value 150.0
2026-08-15 22:09:18.666 DEBUG  Set clearance (all layers): smd_smd = 375 (0.009375 mm), classes [2,2]
2026-08-15 22:09:18.667 DEBUG  Set default trace width (all layers): DSN=150.0 → board=1500 (0.0375 mm)
2026-08-15 22:09:18.742 DEBUG  Loaded router settings from DSN file: pcb-hmd-carrier-board2-microsd-only.dsn (6 layers)
2026-08-15 22:09:18.753 DEBUG  Set DEFAULT clearance (all layers): 1500 (0.0375 mm) from DSN value 150.0
2026-08-15 22:09:18.753 DEBUG  Set clearance (all layers): smd_smd = 375 (0.009375 mm), classes [2,2]
2026-08-15 22:09:18.753 DEBUG  Set default trace width (all layers): DSN=150.0 → board=1500 (0.0375 mm)
2026-08-15 22:09:18.778 DEBUG  Loaded router settings from DSN file: pcb-hmd-carrier-board2-microsd-only.dsn (6 layers)
2026-08-15 22:09:18.780 DEBUG  Merging settings from 5 sources:
2026-08-15 22:09:18.780 DEBUG    - Default Settings (priority 0): base settings
2026-08-15 22:09:18.782 DEBUG    - freerouting.json (priority 10): 0 fields changed
2026-08-15 22:09:18.782 DEBUG    - DSN file: pcb-hmd-carrier-board2-microsd-only.dsn (priority 20): 8 fields changed
2026-08-15 22:09:18.782 DEBUG    - Environment Variables (priority 55): 0 fields changed
2026-08-15 22:09:18.782 DEBUG    - CLI Arguments (priority 60): 8 fields changed
2026-08-15 22:09:18.782 DEBUG  Settings merged successfully from 5 source(s)
2026-08-15 22:09:18.886 DEBUG  No new version available. Current version is up to date: v2.3.0
2026-08-15 22:09:18.997 INFO   [94F642\C65437] Loading board file 'pcb-hmd-carrier-board2-microsd-only.dsn'...
2026-08-15 22:09:19.005 DEBUG  Set DEFAULT clearance (all layers): 1500 (0.0375 mm) from DSN value 150.0
2026-08-15 22:09:19.005 DEBUG  Set clearance (all layers): smd_smd = 375 (0.009375 mm), classes [2,2]
2026-08-15 22:09:19.006 DEBUG  Set default trace width (all layers): DSN=150.0 → board=1500 (0.0375 mm)
2026-08-15 22:09:19.120 INFO   Layer 'GND1' has been automatically configured as a dedicated power plane because it contains a large conduction area covering >50% of the board.
2026-08-15 22:09:19.122 INFO   Layer 'GND2' has been automatically configured as a dedicated power plane because it contains a large conduction area covering >50% of the board.
2026-08-15 22:09:19.123 DEBUG  applyBoardSpecificOptimizations changed parameters:
  Layer 0: bendCost: null -> 0.0; preferredDirectionTraceCost: 1.0 -> 2.2; undesiredDirectionTraceCost: 1.0 -> 5.1000000000000005;
  Layer 1: bendCost: null -> 0.0; undesiredDirectionTraceCost: 1.0 -> 1.3;
  Layer 2: bendCost: null -> 0.0; undesiredDirectionTraceCost: 1.0 -> 3.9000000000000004;
  Layer 3: bendCost: null -> 0.0; undesiredDirectionTraceCost: 1.0 -> 1.3;
  Layer 4: bendCost: null -> 0.0; undesiredDirectionTraceCost: 1.0 -> 3.9000000000000004;
  Layer 5: bendCost: null -> 0.0; preferredDirectionTraceCost: 1.0 -> 2.2; undesiredDirectionTraceCost: 1.0 -> 2.5;
2026-08-15 22:09:19.136 DEBUG  Applied copper-to-edge clearance override: 500.0 um (5000 board units).
2026-08-15 22:09:19.143 DEBUG  Set DEFAULT clearance (all layers): 1500 (0.0375 mm) from DSN value 150.0
2026-08-15 22:09:19.143 DEBUG  Set clearance (all layers): smd_smd = 375 (0.009375 mm), classes [2,2]
2026-08-15 22:09:19.143 DEBUG  Set default trace width (all layers): DSN=150.0 → board=1500 (0.0375 mm)
2026-08-15 22:09:19.156 DEBUG  Loaded router settings from DSN file: pcb-hmd-carrier-board2-microsd-only.dsn (6 layers)
2026-08-15 22:09:19.156 DEBUG  Merging settings from 6 sources:
2026-08-15 22:09:19.157 DEBUG    - Default Settings (priority 0): base settings
2026-08-15 22:09:19.157 DEBUG    - freerouting.json (priority 10): 0 fields changed
2026-08-15 22:09:19.157 DEBUG    - DSN file: pcb-hmd-carrier-board2-microsd-only.dsn (priority 20): 8 fields changed
2026-08-15 22:09:19.157 DEBUG    - Environment Variables (priority 55): 0 fields changed
2026-08-15 22:09:19.157 DEBUG    - CLI Arguments (priority 60): 8 fields changed
2026-08-15 22:09:19.157 DEBUG    - API Settings (priority 70): 28 fields changed
2026-08-15 22:09:19.157 DEBUG  Settings merged successfully from 6 source(s)
2026-08-15 22:09:19.158 DEBUG  applyBoardSpecificOptimizations changed parameters:
  Layer 0: preferredDirectionTraceCost: 1.0 -> 2.2; undesiredDirectionTraceCost: 1.0 -> 5.1000000000000005;
  Layer 1: undesiredDirectionTraceCost: 1.0 -> 1.3;
  Layer 2: undesiredDirectionTraceCost: 1.0 -> 3.9000000000000004;
  Layer 3: undesiredDirectionTraceCost: 1.0 -> 1.3;
  Layer 4: undesiredDirectionTraceCost: 1.0 -> 3.9000000000000004;
  Layer 5: preferredDirectionTraceCost: 1.0 -> 2.2; undesiredDirectionTraceCost: 1.0 -> 2.5;
2026-08-15 22:09:19.160 INFO   [94F642\C65437] Job '94F642\C65437' started at 2026-08-15T20:09:19.160609800Z.
2026-08-15 22:09:19.255 DEBUG  [94F642\C65437] Checking fanout pre-pass. settings.fanout.enabled=true, smd_pins=1581
2026-08-15 22:09:19.280 INFO   [94F642\C65437] Fanout stage started on board 'e5efc99485d2f1c3849c724f88f65e25' with 23 of 1581 SMD pins needing fanout (0 already connected, 1558 netless).
2026-08-15 22:09:20.158 INFO   [94F642\C65437] Fanout pass #1 on board 'b858e30a8e693d925b213d5434face50' completed in 0.79 seconds with 4 SMD pins fanouted, 19 not routed, 0 insert errors, +4 extra vias (0 SMD pins still to check in pass, ripup costs=100).
2026-08-15 22:09:20.655 INFO   [94F642\C65437] Fanout pass #2 on board 'eaf6483c3c0b9b5ed4002cac29b04200' completed in 0.44 seconds with 2 SMD pins fanouted, 17 not routed, 0 insert errors, +2 extra vias (0 SMD pins still to check in pass, ripup costs=200).
2026-08-15 22:09:21.139 INFO   [94F642\C65437] Fanout pass #3 on board 'eaf6483c3c0b9b5ed4002cac29b04200' completed in 0.43 seconds with 0 SMD pins fanouted, 17 not routed, 0 insert errors, +0 extra vias (0 SMD pins still to check in pass, ripup costs=300).
2026-08-15 22:09:21.169 INFO   [94F642\C65437] Fanout stage completed: started with 23 total SMD pins, completed in 1.86 seconds, escaped pins: 6/23 (26.1%), using 1.83 total CPU seconds, 1.95 GB total allocated, and 172.4 MB peak heap usage.
2026-08-15 22:09:21.199 INFO   [94F642\C65437] Auto-routing stage started on board 'eaf6483c3c0b9b5ed4002cac29b04200' for 14 unrouted items.
2026-08-15 22:09:29.181 DEBUG  Queuing item for routing: Pin on net 'SD_DETECT_B' (connected: 3/9)
2026-08-15 22:09:29.181 DEBUG  Queuing item for routing: Pin on net 'SD_DETECT_A' (connected: 1/2)
2026-08-15 22:09:29.181 DEBUG  Queuing item for routing: Pin on net 'SD_DAT1' (connected: 1/2)
2026-08-15 22:09:29.182 DEBUG  Queuing item for routing: Pin on net 'SD_DAT0' (connected: 1/2)
2026-08-15 22:09:29.182 DEBUG  Queuing item for routing: Pin on net 'SD_CLK' (connected: 1/2)
2026-08-15 22:09:29.182 DEBUG  Queuing item for routing: Pin on net 'SD_PWR' (connected: 3/9)
2026-08-15 22:09:29.182 DEBUG  Queuing item for routing: Pin on net 'SD_CMD' (connected: 1/2)
2026-08-15 22:09:29.182 DEBUG  Queuing item for routing: Pin on net 'SD_DAT3' (connected: 1/2)
2026-08-15 22:09:29.182 DEBUG  Queuing item for routing: Pin on net 'SD_DAT2' (connected: 1/2)
2026-08-15 22:09:29.184 DEBUG  Queuing item for routing: Pin on net 'SD_PWR' (connected: 3/9)
2026-08-15 22:09:29.184 DEBUG  Queuing item for routing: Pin on net 'SD_PWR_ON' (connected: 1/3)
2026-08-15 22:09:29.184 DEBUG  Queuing item for routing: Pin on net 'SD_DETECT_B' (connected: 3/9)
2026-08-15 22:09:29.185 DEBUG  Queuing item for routing: Pin on net 'SD_PWR' (connected: 3/9)
2026-08-15 22:09:29.185 DEBUG  Queuing item for routing: Pin on net 'SD_DETECT_A' (connected: 1/2)
2026-08-15 22:09:29.185 DEBUG  Queuing item for routing: Pin on net 'SD_PWR_ON' (connected: 1/3)
2026-08-15 22:09:29.186 DEBUG  Queuing item for routing: Pin on net 'SD_DETECT_B' (connected: 3/9)
2026-08-15 22:09:29.186 DEBUG  Queuing item for routing: Pin on net 'SD_PWR_ON' (connected: 1/3)
2026-08-15 22:09:29.186 DEBUG  Queuing item for routing: Pin on net 'SD_DAT2' (connected: 1/2)
2026-08-15 22:09:29.186 DEBUG  Queuing item for routing: Pin on net 'SD_DAT1' (connected: 1/2)
2026-08-15 22:09:29.187 DEBUG  Queuing item for routing: Pin on net 'SD_DAT0' (connected: 1/2)
2026-08-15 22:09:29.187 DEBUG  Queuing item for routing: Pin on net 'SD_CMD' (connected: 1/2)
2026-08-15 22:09:29.187 DEBUG  Queuing item for routing: Pin on net 'SD_DAT3' (connected: 1/2)
2026-08-15 22:09:29.187 DEBUG  Queuing item for routing: Pin on net 'SD_CLK' (connected: 1/2)
2026-08-15 22:09:32.974 DEBUG  [94F642\C65437] Pass #1: 14 incompletes across 23 items to route
2026-08-15 22:09:32.974 DEBUG  [94F642\C65437]   Net 'GND' has 1 incomplete(s)
2026-08-15 22:09:32.974 DEBUG  [94F642\C65437]   Net 'SD_CLK' has 1 incomplete(s)
2026-08-15 22:09:32.974 DEBUG  [94F642\C65437]   Net 'SD_DAT3' has 1 incomplete(s)
2026-08-15 22:09:32.974 DEBUG  [94F642\C65437]   Net 'SD_CMD' has 1 incomplete(s)
2026-08-15 22:09:32.974 DEBUG  [94F642\C65437]   Net 'SD_DAT0' has 1 incomplete(s)
2026-08-15 22:09:32.974 DEBUG  [94F642\C65437]   Net 'SD_DAT1' has 1 incomplete(s)
2026-08-15 22:09:32.974 DEBUG  [94F642\C65437]   Net 'SD_DAT2' has 1 incomplete(s)
2026-08-15 22:09:32.974 DEBUG  [94F642\C65437]   Net 'SD_PWR_ON' has 2 incomplete(s)
2026-08-15 22:09:32.974 DEBUG  [94F642\C65437]   Net 'SD_DETECT_B' has 2 incomplete(s)
2026-08-15 22:09:32.975 DEBUG  [94F642\C65437]   Net 'SD_PWR' has 2 incomplete(s)
2026-08-15 22:09:32.975 DEBUG  [94F642\C65437]   Net 'SD_DETECT_A' has 1 incomplete(s)
2026-08-15 22:11:11.087 INFO   [94F642\C65437] Auto-routing pass #1 on board 'eaf6483c3c0b9b5ed4002cac29b04200' was completed in 101.91 seconds with the score of 0.00 (3 unrouted and 112 violations), using 109.38 CPU seconds and the job allocated 112.87 GB of memory so far.
2026-08-15 22:11:18.695 DEBUG  Queuing item for routing: Pin on net 'SD_DAT1' (connected: 4/7)
2026-08-15 22:11:18.695 DEBUG  Queuing item for routing: Pin on net 'SD_PWR' (connected: 7/10)
2026-08-15 22:11:18.696 DEBUG  Queuing item for routing: Pin on net 'SD_PWR' (connected: 3/10)
2026-08-15 22:11:18.697 DEBUG  Queuing item for routing: Pin on net 'SD_DAT1' (connected: 3/7)
2026-08-15 22:11:22.505 DEBUG  [94F642\C65437] Pass #2: 3 incompletes across 4 items to route
2026-08-15 22:11:22.505 DEBUG  [94F642\C65437]   Net 'GND' has 1 incomplete(s)
2026-08-15 22:11:22.505 DEBUG  [94F642\C65437]   Net 'SD_DAT1' has 1 incomplete(s)
2026-08-15 22:11:22.505 DEBUG  [94F642\C65437]   Net 'SD_PWR' has 1 incomplete(s)
2026-08-15 22:11:46.317 INFO   [94F642\C65437] Auto-routing pass #2 on board '902acda55b80b86ffeae3b0f42cac8dc' was completed in 27.62 seconds with the score of 0.00 (1 unrouted and 112 violations), using 144.83 CPU seconds and the job allocated 148.79 GB of memory so far.
2026-08-15 22:11:50.249 DEBUG  === Performance Profile ===
2026-08-15 22:11:50.249 DEBUG  === Routing Parameters ===
2026-08-15 22:11:50.249 DEBUG    Via Costs: 50, Plane Via Costs: 5
2026-08-15 22:11:50.249 DEBUG    Layer Costs (Preferred / Against):
2026-08-15 22:11:50.249 DEBUG      Layer 1: 2,2 / 5,1
2026-08-15 22:11:50.249 DEBUG      Layer 2: 1,0 / 1,3
2026-08-15 22:11:50.250 DEBUG      Layer 3: 1,0 / 3,9
2026-08-15 22:11:50.250 DEBUG      Layer 4: 1,0 / 1,3
2026-08-15 22:11:50.250 DEBUG      Layer 5: 1,0 / 3,9
2026-08-15 22:11:50.250 DEBUG      Layer 6: 2,2 / 2,5
2026-08-15 22:11:50.250 DEBUG  
2026-08-15 22:11:50.251 DEBUG    autoroute_item                          :     2722 ms total,       27 calls,    100 ms avg
2026-08-15 22:11:50.251 DEBUG  
2026-08-15 22:11:50.251 DEBUG  === Pass History ===
2026-08-15 22:11:50.252 DEBUG    Pass 1  :    3 unrouted items,    98,16 s,   100 ripup cost
2026-08-15 22:11:50.252 DEBUG    Pass 2  :    1 unrouted items,    23,97 s,   200 ripup cost
2026-08-15 22:11:50.252 DEBUG  ===========================
2026-08-15 22:11:53.899 INFO   [94F642\C65437] Auto-routing stage completed: started with 14 unrouted nets, completed in 151.04 seconds, final score: 0.00 (1 unrouted and 112 violations), using 151.78 total CPU seconds, 155.79 GB total allocated, and 246.5 MB peak heap usage.
2026-08-15 22:11:53.903 DEBUG  [94F642\C65437] Before optimization: Via count: 23, trace length: 6320171
2026-08-15 22:11:57.715 INFO   [94F642\C65437] Optimization stage started on board '991034323b4714cb70ad9c0980228cd7' with score 0.00 (1 unrouted and 112 violations).
2026-08-15 22:12:10.852 INFO   [94F642\C65437] Optimizer pass #1 on board '54d8a83d31f0b37ef32c53b13fc71005' was completed in 1.58 seconds with the score of 0.00 (1 unrouted and 112 violations).
2026-08-15 22:12:14.546 INFO   [94F642\C65437] Stopping optimizer because the improvement in this pass (0.0000%) is below the threshold (1.00%).
2026-08-15 22:12:18.299 INFO   [94F642\C65437] Optimization stage completed: started with score 0.00 (1 unrouted and 112 violations), completed in 16.84 seconds, final score: 0.00 (1 unrouted and 112 violations), using 16.66 total CPU seconds, 18.19 GB total allocated, and 231.6 MB peak heap usage.
2026-08-15 22:12:18.301 INFO   [94F642\C65437] Job '94F642\C65437' finished with state: COMPLETED (elapsed: 2 minutes 59.14 seconds, finished at UTC: 2026-08-15T20:12:18.300147700Z).
