ERC report (2026-08-20T21:34:31, Encoding UTF8)
Report includes: Errors, Warnings

***** Sheet /
[isolated_pin_label]: Label connected to only one pin
    ; warning
    @(229.87 mm, 636.27 mm): Global Label 'BAT_ID'

***** Sheet /BOARD2 CM4/

***** Sheet /BOARD2 POWER/

***** Sheet /BOARD2 USB3/

***** Sheet /BOARD2 AUDIO/

***** Sheet /BOARD2 DISPLAY/

***** Sheet /BOARD2 INTERFACES/

***** Sheet /BOARD2 MICROSD/

***** Sheet /BOARD2 SUPPORT/

 ** ERC messages: 1  Errors 0  Warnings 1

 ** Ignored checks:
    - Global label only appears once in the schematic
    - Four connection points are joined together
    - SPICE model issue
    - Assigned footprint doesn't match footprint filters
